11-05 18:56:03.529  1073  4086 W APM_AudioPolicyManager: getOutput() could not find output for stream 1, samplingRate 0,format 0, channels 3, flags 0
11-05 18:56:03.530  1073  4086 W APM_AudioPolicyManager: getOutput() could not find output for stream 1, samplingRate 44100,format 1, channels 3, flags 4
11-05 18:56:03.553  1073  4086 W APM_AudioPolicyManager: getOutput() could not find output for stream 1, samplingRate 0,format 0, channels 3, flags 0
11-05 18:56:03.553  1073  4086 W APM_AudioPolicyManager: getOutput() could not find output for stream 1, samplingRate 0,format 0, channels 3, flags 0
11-05 18:56:03.553  1073  4086 W APM_AudioPolicyManager: getOutput() could not find output for stream 1, samplingRate 44100,format 1, channels 3, flags 4
11-05 18:56:03.636  1073  4086 W APM_AudioPolicyManager: getOutput() could not find output for stream 1, samplingRate 0,format 0, channels 3, flags 0
11-05 18:56:03.636  1073  4086 W APM_AudioPolicyManager: getOutput() could not find output for stream 1, samplingRate 0,format 0, channels 3, flags 0
11-05 18:56:03.636  1073  4086 W APM_AudioPolicyManager: getOutput() could not find output for stream 1, samplingRate 44100,format 1, channels 3, flags 4
11-05 18:56:03.695  1073  4086 W APM_AudioPolicyManager: getOutput() could not find output for stream 1, samplingRate 0,format 0, channels 3, flags 0
11-05 18:56:03.696  1073  4086 W APM_AudioPolicyManager: getOutput() could not find output for stream 1, samplingRate 0,format 0, channels 3, flags 0
11-05 18:56:03.696  1073  4086 W APM_AudioPolicyManager: getOutput() could not find output for stream 1, samplingRate 44100,format 1, channels 3, flags 4
11-05 18:56:03.803  1073  4086 W APM_AudioPolicyManager: getOutput() could not find output for stream 1, samplingRate 0,format 0, channels 3, flags 0
11-05 18:56:03.803  1073  4086 W APM_AudioPolicyManager: getOutput() could not find output for stream 1, samplingRate 0,format 0, channels 3, flags 0
11-05 18:56:03.803  1073  4086 W APM_AudioPolicyManager: getOutput() could not find output for stream 1, samplingRate 44100,format 1, channels 3, flags 4
11-05 18:56:03.857  1073  4086 W APM_AudioPolicyManager: getOutput() could not find output for stream 1, samplingRate 0,format 0, channels 3, flags 0
11-05 18:56:03.863  1073  4086 W APM_AudioPolicyManager: getOutput() could not find output for stream 1, samplingRate 0,format 0, channels 3, flags 0
11-05 18:56:03.865  1073  4086 W APM_AudioPolicyManager: getOutput() could not find output for stream 1, samplingRate 44100,format 1, channels 3, flags 4
11-05 18:56:03.921  1073  4086 W APM_AudioPolicyManager: getOutput() could not find output for stream 1, samplingRate 0,format 0, channels 3, flags 0
11-05 18:56:03.921  1073  4086 W APM_AudioPolicyManager: getOutput() could not find output for stream 1, samplingRate 0,format 0, channels 3, flags 0
11-05 18:56:03.921  1073  4086 W APM_AudioPolicyManager: getOutput() could not find output for stream 1, samplingRate 44100,format 1, channels 3, flags 4
11-05 18:56:04.011  1073  4086 W APM_AudioPolicyManager: getOutput() could not find output for stream 1, samplingRate 0,format 0, channels 3, flags 0
11-05 18:56:04.011  1073  4086 W APM_AudioPolicyManager: getOutput() could not find output for stream 1, samplingRate 0,format 0, channels 3, flags 0
11-05 18:56:04.011  1073  4086 W APM_AudioPolicyManager: getOutput() could not find output for stream 1, samplingRate 44100,format 1, channels 3, flags 4
11-05 18:56:04.088  1073  4086 W APM_AudioPolicyManager: getOutput() could not find output for stream 1, samplingRate 0,format 0, channels 3, flags 0
11-05 18:56:04.088  1073  4086 W APM_AudioPolicyManager: getOutput() could not find output for stream 1, samplingRate 0,format 0, channels 3, flags 0
11-05 18:56:04.088  1073  4086 W APM_AudioPolicyManager: getOutput() could not find output for stream 1, samplingRate 44100,format 1, channels 3, flags 4
11-05 18:56:04.133  1073  4086 W APM_AudioPolicyManager: getOutput() could not find output for stream 1, samplingRate 0,format 0, channels 3, flags 0
11-05 18:56:04.133  1073  4086 W APM_AudioPolicyManager: getOutput() could not find output for stream 1, samplingRate 0,format 0, channels 3, flags 0
11-05 18:56:04.133  1073  4086 W APM_AudioPolicyManager: getOutput() could not find output for stream 1, samplingRate 44100,format 1, channels 3, flags 4
11-05 18:56:04.201  1073  4086 W APM_AudioPolicyManager: getOutput() could not find output for stream 1, samplingRate 0,format 0, channels 3, flags 0
11-05 18:56:04.202  1073  4086 W APM_AudioPolicyManager: getOutput() could not find output for stream 1, samplingRate 0,format 0, channels 3, flags 0
11-05 18:56:04.202  1073  4086 W APM_AudioPolicyManager: getOutput() could not find output for stream 1, samplingRate 44100,format 1, channels 3, flags 4
11-05 18:56:04.296  1073  4086 W APM_AudioPolicyManager: getOutput() could not find output for stream 1, samplingRate 0,format 0, channels 3, flags 0
11-05 18:56:04.296  1073  4086 W APM_AudioPolicyManager: getOutput() could not find output for stream 1, samplingRate 0,format 0, channels 3, flags 0
11-05 18:56:04.296  1073  4086 W APM_AudioPolicyManager: getOutput() could not find output for stream 1, samplingRate 44100,format 1, channels 3, flags 4
11-05 18:56:04.370  1073  4086 W APM_AudioPolicyManager: getOutput() could not find output for stream 1, samplingRate 0,format 0, channels 3, flags 0
11-05 18:56:04.370  1073  4086 W APM_AudioPolicyManager: getOutput() could not find output for stream 1, samplingRate 0,format 0, channels 3, flags 0
11-05 18:56:04.370  1073  4086 W APM_AudioPolicyManager: getOutput() could not find output for stream 1, samplingRate 44100,format 1, channels 3, flags 4
11-05 18:56:04.470  1073  4086 W APM_AudioPolicyManager: getOutput() could not find output for stream 1, samplingRate 0,format 0, channels 3, flags 0
11-05 18:56:04.470  1073  4086 W APM_AudioPolicyManager: getOutput() could not find output for stream 1, samplingRate 0,format 0, channels 3, flags 0
11-05 18:56:04.470  1073  4086 W APM_AudioPolicyManager: getOutput() could not find output for stream 1, samplingRate 44100,format 1, channels 3, flags 4
11-05 18:56:04.554  1073  4086 W APM_AudioPolicyManager: getOutput() could not find output for stream 1, samplingRate 0,format 0, channels 3, flags 0
11-05 18:56:04.554  1073  4086 W APM_AudioPolicyManager: getOutput() could not find output for stream 1, samplingRate 0,format 0, channels 3, flags 0
11-05 18:56:04.554  1073  4086 W APM_AudioPolicyManager: getOutput() could not find output for stream 1, samplingRate 44100,format 1, channels 3, flags 4
11-05 18:56:04.666  1073  4086 W APM_AudioPolicyManager: getOutput() could not find output for stream 1, samplingRate 0,format 0, channels 3, flags 0
11-05 18:56:04.666  1073  4086 W APM_AudioPolicyManager: getOutput() could not find output for stream 1, samplingRate 0,format 0, channels 3, flags 0
11-05 18:56:04.666  1073  4086 W APM_AudioPolicyManager: getOutput() could not find output for stream 1, samplingRate 44100,format 1, channels 3, flags 4
11-05 18:56:04.773  1073  4086 W APM_AudioPolicyManager: getOutput() could not find output for stream 1, samplingRate 0,format 0, channels 3, flags 0
11-05 18:56:04.773  1073  4086 W APM_AudioPolicyManager: getOutput() could not find output for stream 1, samplingRate 0,format 0, channels 3, flags 0
11-05 18:56:04.774  1073  4086 W APM_AudioPolicyManager: getOutput() could not find output for stream 1, samplingRate 44100,format 1, channels 3, flags 4
11-05 18:56:04.844  1073  4086 W APM_AudioPolicyManager: getOutput() could not find output for stream 1, samplingRate 0,format 0, channels 3, flags 0
11-05 18:56:04.844  1073  4086 W APM_AudioPolicyManager: getOutput() could not find output for stream 1, samplingRate 0,format 0, channels 3, flags 0
11-05 18:56:04.844  1073  4086 W APM_AudioPolicyManager: getOutput() could not find output for stream 1, samplingRate 44100,format 1, channels 3, flags 4
11-05 18:56:04.968  1073  4086 W APM_AudioPolicyManager: getOutput() could not find output for stream 1, samplingRate 0,format 0, channels 3, flags 0
11-05 18:56:04.968  1073  4086 W APM_AudioPolicyManager: getOutput() could not find output for stream 1, samplingRate 0,format 0, channels 3, flags 0
11-05 18:56:04.968  1073  4086 W APM_AudioPolicyManager: getOutput() could not find output for stream 1, samplingRate 44100,format 1, channels 3, flags 4
11-05 18:56:07.682  1073  4086 W APM_AudioPolicyManager: getOutput() could not find output for stream 1, samplingRate 0,format 0, channels 3, flags 0
11-05 18:56:07.682  1073  4086 W APM_AudioPolicyManager: getOutput() could not find output for stream 1, samplingRate 0,format 0, channels 3, flags 0
11-05 18:56:07.682  1073  4086 W APM_AudioPolicyManager: getOutput() could not find output for stream 1, samplingRate 44100,format 1, channels 3, flags 4
11-05 18:56:14.955  1343  4803 I ActivityManager: START u0 {act=android.settings.SETTINGS flg=0x8000 cmp=com.android.settings/.Settings} from uid 1000 on display 0
11-05 18:56:14.955  1073  4086 W APM_AudioPolicyManager: getOutput() could not find output for stream 1, samplingRate 0,format 0, channels 3, flags 0
11-05 18:56:14.955  1073  4086 W APM_AudioPolicyManager: getOutput() could not find output for stream 1, samplingRate 0,format 0, channels 3, flags 0
11-05 18:56:14.955  1073  4086 W APM_AudioPolicyManager: getOutput() could not find output for stream 1, samplingRate 44100,format 1, channels 3, flags 4
11-05 18:56:14.955  1343  1402 I chatty  : uid=1000(system) AudioService expire 10 lines
11-05 18:56:14.968  1343  4803 W ActivityManager: Duplicate finish request for ActivityRecord{9ca0e9d u0 com.android.settings/.Settings$DevelopmentSettingsActivity t41 f}
11-05 18:56:14.988  1343  1379 I chatty  : uid=1000(system) InputDispatcher expire 5 lines
11-05 18:56:15.172  1343  1355 I ProcessStatsService: Added stats: 2017-11-05-00-50-14, over +30m1s686ms
11-05 18:56:15.186  4181  5101 I chatty  : uid=1000(system) com.android.settings expire 36 lines
11-05 18:56:15.189  4181  5102 I chatty  : uid=1000(system) com.android.settings expire 19 lines
11-05 18:56:15.220  4181  5101 W StorageManager: Could not read /sys/block/mmcblk0/size
11-05 18:56:15.220  4181  5101 W StorageManager: java.io.FileNotFoundException: /sys/block/mmcblk0/size (No such file or directory)
11-05 18:56:15.220  4181  5101 W StorageManager: 	at java.io.FileInputStream.open(Native Method)
11-05 18:56:15.220  4181  5101 W StorageManager: 	at java.io.FileInputStream.<init>(FileInputStream.java:146)
11-05 18:56:15.220  4181  5101 W StorageManager: 	at java.io.FileInputStream.<init>(FileInputStream.java:99)
11-05 18:56:15.220  4181  5101 W StorageManager: 	at android.os.storage.StorageManager.readLong(StorageManager.java:944)
11-05 18:56:15.220  4181  5101 W StorageManager: 	at android.os.storage.StorageManager.getPrimaryStorageSize(StorageManager.java:935)
11-05 18:56:15.220  4181  5101 W StorageManager: 	at com.android.settingslib.deviceinfo.StorageManagerVolumeProvider.getPrimaryStorageSize(StorageManagerVolumeProvider.java:37)
11-05 18:56:15.220  4181  5101 W StorageManager: 	at com.android.settingslib.deviceinfo.PrivateStorageInfo.getPrivateStorageInfo(PrivateStorageInfo.java:40)
11-05 18:56:15.220  4181  5101 W StorageManager: 	at com.android.settings.deviceinfo.StorageSettings$SummaryProvider.updateSummary(StorageSettings.java:513)
11-05 18:56:15.220  4181  5101 W StorageManager: 	at com.android.settings.deviceinfo.StorageSettings$SummaryProvider.setListening(StorageSettings.java:506)
11-05 18:56:15.220  4181  5101 W StorageManager: 	at com.android.settings.dashboard.SummaryLoader.setListeningW(SummaryLoader.java:192)
11-05 18:56:15.220  4181  5101 W StorageManager: 	at com.android.settings.dashboard.SummaryLoader.-wrap2(SummaryLoader.java)
11-05 18:56:15.220  4181  5101 W StorageManager: 	at com.android.settings.dashboard.SummaryLoader$Worker.handleMessage(SummaryLoader.java:253)
11-05 18:56:15.220  4181  5101 W StorageManager: 	at android.os.Handler.dispatchMessage(Handler.java:102)
11-05 18:56:15.220  4181  5101 W StorageManager: 	at android.os.Looper.loop(Looper.java:154)
11-05 18:56:15.220  4181  5101 W StorageManager: 	at android.os.HandlerThread.run(HandlerThread.java:61)
11-05 18:56:15.247  4181  4197 I chatty  : uid=1000(system) RenderThread expire 11 lines
11-05 18:56:15.301  4181  4181 I chatty  : uid=1000(system) com.android.settings expire 15 lines
11-05 18:56:15.307  1343  1364 I chatty  : uid=1000(system) android.display expire 10 lines
11-05 18:56:15.841  1343  1389 I chatty  : uid=1000(system) WifiStateMachin expire 3 lines
11-05 18:56:15.842  1343  4798 E BatteryStatsService: no controller energy info supplied
11-05 18:56:15.842  1343  4798 E BatteryStatsService: no controller energy info supplied
11-05 18:56:15.843  1507  1507 I m.android.phone: type=1400 audit(0.0:972): avc: denied { read } for path=2F6465762F6173686D656D2F64616C76696B2D6D61696E207370616365202864656C6574656429 dev="tmpfs" ino=8517 scontext=u:r:radio:s0 tcontext=u:object_r:init_tmpfs:s0 tclass=file permissive=1
11-05 18:56:15.843  1507  1507 E PhoneInterfaceManager: [PhoneIntfMgr] queryModemActivityInfo: Empty response
11-05 18:56:15.844  1343  4798 E KernelCpuSpeedReader: Failed to read cpu-freq: /sys/devices/system/cpu/cpu0/cpufreq/stats/time_in_state (No such file or directory)
11-05 18:56:15.846  1343  4798 E BatteryStatsService: modem info is invalid: ModemActivityInfo{ mTimestamp=0 mSleepTimeMs=0 mIdleTimeMs=0 mTxTimeMs[]=[0, 0, 0, 0, 0] mRxTimeMs=0 mEnergyUsed=0}
11-05 18:56:18.614  1343  1415 E TaskPersister: File error accessing recents directory (directory doesn't exist?).
11-05 18:56:19.268  1073  4086 W APM_AudioPolicyManager: getOutput() could not find output for stream 1, samplingRate 0,format 0, channels 3, flags 0
11-05 18:56:19.269  1073  4086 W APM_AudioPolicyManager: getOutput() could not find output for stream 1, samplingRate 0,format 0, channels 3, flags 0
11-05 18:56:19.269  1073  4086 W APM_AudioPolicyManager: getOutput() could not find output for stream 1, samplingRate 44100,format 1, channels 3, flags 4
11-05 18:56:19.288  4181  5100 I chatty  : uid=1000(system) com.android.settings expire 10 lines
11-05 18:56:19.310  4820  4820 I LatinIME: Starting input. Cursor position = 0,0
11-05 18:56:20.214  4594  4594 I HeapTaskDaemon: type=1400 audit(0.0:973): avc: denied { read } for path=2F6465762F6173686D656D2F64616C76696B2D6D61696E207370616365202864656C6574656429 dev="tmpfs" ino=8517 scontext=u:r:platform_app:s0:c512,c768 tcontext=u:object_r:init_tmpfs:s0 tclass=file permissive=1
11-05 18:56:23.473  1343  4803 I ActivityManager: START u0 {act=android.intent.action.MAIN cmp=com.android.settings/.SubSettings (has extras)} from uid 1000 on display 0
11-05 18:56:23.473  1073  4086 W APM_AudioPolicyManager: getOutput() could not find output for stream 1, samplingRate 0,format 0, channels 3, flags 0
11-05 18:56:23.473  1073  4086 W APM_AudioPolicyManager: getOutput() could not find output for stream 1, samplingRate 0,format 0, channels 3, flags 0
11-05 18:56:23.473  1073  4086 W APM_AudioPolicyManager: getOutput() could not find output for stream 1, samplingRate 44100,format 1, channels 3, flags 4
11-05 18:56:23.655  1343  4803 E UserRestrictionsUtils: Unknown restriction: null
11-05 18:56:23.655  1343  4803 E UserRestrictionsUtils: Unknown restriction: null
11-05 18:56:23.678  1343  4798 W DreamManagerService: Dream ComponentInfo{com.google.android.deskclock/com.android.deskclock.Screensaver} does not exist
11-05 18:56:23.678  1343  4798 W DreamManagerService: Falling back to default dream ComponentInfo{com.google.android.deskclock/com.android.deskclock.Screensaver}
11-05 18:56:24.640  4181  4181 W ViewRootImpl[Settings]: Cancelling event due to no window focus: MotionEvent { action=ACTION_CANCEL, actionButton=0, id[0]=0, x[0]=258.07922, y[0]=127.75726, toolType[0]=TOOL_TYPE_MOUSE, buttonState=0, metaState=0, flags=0x0, edgeFlags=0x0, pointerCount=1, historySize=0, eventTime=2884964, downTime=2883676, deviceId=2, source=0x2002 }
11-05 18:56:24.640  4181  4181 W ViewRootImpl[Settings]: Cancelling event due to no window focus: MotionEvent { action=ACTION_CANCEL, actionButton=0, id[0]=0, x[0]=258.07922, y[0]=127.75726, toolType[0]=TOOL_TYPE_MOUSE, buttonState=0, metaState=0, flags=0x0, edgeFlags=0x0, pointerCount=1, historySize=0, eventTime=2884964, downTime=2883676, deviceId=2, source=0x2002 }
11-05 18:56:24.641  4181  4181 W ViewRootImpl[Settings]: Cancelling event due to no window focus: MotionEvent { action=ACTION_CANCEL, actionButton=0, id[0]=0, x[0]=258.07922, y[0]=127.75726, toolType[0]=TOOL_TYPE_MOUSE, buttonState=0, metaState=0, flags=0x0, edgeFlags=0x0, pointerCount=1, historySize=0, eventTime=2884964, downTime=2883676, deviceId=2, source=0x2002 }
11-05 18:56:24.641  4181  4181 W ViewRootImpl[Settings]: Cancelling event due to no window focus: MotionEvent { action=ACTION_CANCEL, actionButton=0, id[0]=0, x[0]=258.07922, y[0]=127.75726, toolType[0]=TOOL_TYPE_MOUSE, buttonState=0, metaState=0, flags=0x0, edgeFlags=0x0, pointerCount=1, historySize=0, eventTime=2884964, downTime=2883676, deviceId=2, source=0x2002 }
11-05 18:56:26.549  1343  1415 E TaskPersister: File error accessing recents directory (directory doesn't exist?).
11-05 18:56:26.871  1343  1355 I ActivityManager: START u0 {act=android.intent.action.MAIN cmp=com.android.settings/.SubSettings (has extras)} from uid 1000 on display 0
11-05 18:56:26.875  1073  4086 W APM_AudioPolicyManager: getOutput() could not find output for stream 1, samplingRate 0,format 0, channels 3, flags 0
11-05 18:56:26.875  1073  4086 W APM_AudioPolicyManager: getOutput() could not find output for stream 1, samplingRate 0,format 0, channels 3, flags 0
11-05 18:56:26.882  1073  4086 W APM_AudioPolicyManager: getOutput() could not find output for stream 1, samplingRate 44100,format 1, channels 3, flags 4
11-05 18:56:28.296  4181  4181 W ViewRootImpl[SubSettings]: Cancelling event due to no window focus: MotionEvent { action=ACTION_CANCEL, actionButton=0, id[0]=0, x[0]=135.66666, y[0]=294.029, toolType[0]=TOOL_TYPE_MOUSE, buttonState=0, metaState=0, flags=0x0, edgeFlags=0x0, pointerCount=1, historySize=0, eventTime=2888620, downTime=2887132, deviceId=2, source=0x2002 }
11-05 18:56:28.296  4181  4181 W ViewRootImpl[SubSettings]: Cancelling event due to no window focus: MotionEvent { action=ACTION_CANCEL, actionButton=0, id[0]=0, x[0]=135.66666, y[0]=294.029, toolType[0]=TOOL_TYPE_MOUSE, buttonState=0, metaState=0, flags=0x0, edgeFlags=0x0, pointerCount=1, historySize=0, eventTime=2888620, downTime=2887132, deviceId=2, source=0x2002 }
11-05 18:56:28.296  4181  4181 W ViewRootImpl[SubSettings]: Cancelling event due to no window focus: MotionEvent { action=ACTION_CANCEL, actionButton=0, id[0]=0, x[0]=135.66666, y[0]=294.029, toolType[0]=TOOL_TYPE_MOUSE, buttonState=0, metaState=0, flags=0x0, edgeFlags=0x0, pointerCount=1, historySize=0, eventTime=2888620, downTime=2887132, deviceId=2, source=0x2002 }
11-05 18:56:28.297  4181  4181 W ViewRootImpl[SubSettings]: Cancelling event due to no window focus: MotionEvent { action=ACTION_CANCEL, actionButton=0, id[0]=0, x[0]=135.66666, y[0]=294.029, toolType[0]=TOOL_TYPE_MOUSE, buttonState=0, metaState=0, flags=0x0, edgeFlags=0x0, pointerCount=1, historySize=0, eventTime=2888620, downTime=2887132, deviceId=2, source=0x2002 }
11-05 18:56:30.006  1343  1415 E TaskPersister: File error accessing recents directory (directory doesn't exist?).
11-05 18:56:36.171  1343  1357 I ActivityManager: Config changes=40000000 {1.15 ?mcc?mnc [en_US] ldltr sw960dp w1280dp h880dp 128dpi xlrg land -touch qwerty/v/v -nav/h s.10}
11-05 18:56:36.189  1064  1064 D gralloc : Avoid registering a buffer in the process that created it. This may cause memory ordering problems.
11-05 18:56:36.189  1064  1064 E Gralloc1On0Adapter: gralloc0 register failed: 1
11-05 18:56:36.189  1064  1064 W GraphicBufferMapper: registerBuffer(0x7d775394c480) failed: 5
11-05 18:56:36.189  1064  1064 E GraphicBuffer: unflatten: registerBuffer failed: Unknown error -5 (5)
11-05 18:56:36.189  1064  1064 E Surface : dequeueBuffer: IGraphicBufferProducer::requestBuffer failed: 5
11-05 18:56:36.360  1343  1364 I WindowManager: Screen frozen for +180ms due to Window{47c7c68 u0 com.android.settings/com.android.settings.SubSettings}
11-05 18:56:41.035  1073  4086 W APM_AudioPolicyManager: getOutput() could not find output for stream 1, samplingRate 0,format 0, channels 3, flags 0
11-05 18:56:41.035  1073  4086 W APM_AudioPolicyManager: getOutput() could not find output for stream 1, samplingRate 0,format 0, channels 3, flags 0
11-05 18:56:41.035  1073  4086 W APM_AudioPolicyManager: getOutput() could not find output for stream 1, samplingRate 44100,format 1, channels 3, flags 4
11-05 18:56:41.050  1343  4800 E UserRestrictionsUtils: Unknown restriction: null
11-05 18:56:41.050  1343  4800 E UserRestrictionsUtils: Unknown restriction: null
11-05 18:56:41.071  1343  1663 W DreamManagerService: Dream ComponentInfo{com.google.android.deskclock/com.android.deskclock.Screensaver} does not exist
11-05 18:56:41.071  1343  1663 W DreamManagerService: Falling back to default dream ComponentInfo{com.google.android.deskclock/com.android.deskclock.Screensaver}
11-05 18:56:44.553  1343  1415 E TaskPersister: File error accessing recents directory (directory doesn't exist?).
11-05 18:56:45.163  1073  4086 W APM_AudioPolicyManager: getOutput() could not find output for stream 1, samplingRate 0,format 0, channels 3, flags 0
11-05 18:56:45.164  1073  4086 W APM_AudioPolicyManager: getOutput() could not find output for stream 1, samplingRate 0,format 0, channels 3, flags 0
11-05 18:56:45.164  1073  4086 W APM_AudioPolicyManager: getOutput() could not find output for stream 1, samplingRate 44100,format 1, channels 3, flags 4
11-05 18:56:45.164  1343  1402 I chatty  : uid=1000(system) AudioService expire 10 lines
11-05 18:56:45.164  1343  4800 I ActivityManager: START u0 {cmp=com.android.settings/.Settings$WallpaperSettingsActivity} from uid 1000 on display 0
11-05 18:56:45.899  4181  4181 W ViewRootImpl[SubSettings]: Cancelling event due to no window focus: MotionEvent { action=ACTION_CANCEL, actionButton=0, id[0]=0, x[0]=162.90831, y[0]=131.02606, toolType[0]=TOOL_TYPE_MOUSE, buttonState=0, metaState=0, flags=0x0, edgeFlags=0x0, pointerCount=1, historySize=0, eventTime=2906224, downTime=2905444, deviceId=2, source=0x2002 }
11-05 18:56:45.899  4181  4181 W ViewRootImpl[SubSettings]: Cancelling event due to no window focus: MotionEvent { action=ACTION_CANCEL, actionButton=0, id[0]=0, x[0]=162.90831, y[0]=131.02606, toolType[0]=TOOL_TYPE_MOUSE, buttonState=0, metaState=0, flags=0x0, edgeFlags=0x0, pointerCount=1, historySize=0, eventTime=2906224, downTime=2905444, deviceId=2, source=0x2002 }
11-05 18:56:45.899  4181  4181 W ViewRootImpl[SubSettings]: Cancelling event due to no window focus: MotionEvent { action=ACTION_CANCEL, actionButton=0, id[0]=0, x[0]=162.90831, y[0]=131.02606, toolType[0]=TOOL_TYPE_MOUSE, buttonState=0, metaState=0, flags=0x0, edgeFlags=0x0, pointerCount=1, historySize=0, eventTime=2906224, downTime=2905444, deviceId=2, source=0x2002 }
11-05 18:56:45.900  4181  4181 W ViewRootImpl[SubSettings]: Cancelling event due to no window focus: MotionEvent { action=ACTION_CANCEL, actionButton=0, id[0]=0, x[0]=162.90831, y[0]=131.02606, toolType[0]=TOOL_TYPE_MOUSE, buttonState=0, metaState=0, flags=0x0, edgeFlags=0x0, pointerCount=1, historySize=0, eventTime=2906224, downTime=2905444, deviceId=2, source=0x2002 }
11-05 18:56:47.034  1343  4800 I ActivityManager: START u0 {act=android.intent.action.SET_WALLPAPER cmp=com.android.wallpaperpicker/.WallpaperPickerActivity} from uid 1000 on display 0
11-05 18:56:47.036  1073  4086 W APM_AudioPolicyManager: getOutput() could not find output for stream 1, samplingRate 0,format 0, channels 3, flags 0
11-05 18:56:47.036  1073  4086 W APM_AudioPolicyManager: getOutput() could not find output for stream 1, samplingRate 0,format 0, channels 3, flags 0
11-05 18:56:47.036  1073  4086 W APM_AudioPolicyManager: getOutput() could not find output for stream 1, samplingRate 44100,format 1, channels 3, flags 4
11-05 18:56:47.064  5114  5114 I main    : type=1400 audit(0.0:974): avc: denied { check_context } for scontext=u:r:init:s0 tcontext=u:object_r:kernel:s0 tclass=security permissive=1
11-05 18:56:47.065  1343  4800 I ActivityManager: Start proc 5114:com.android.wallpaperpicker/u0a70 for activity com.android.wallpaperpicker/.WallpaperPickerActivity
11-05 18:56:47.066  5114  5114 W art     : Unexpected CPU variant for X86 using defaults: x86_64
11-05 18:56:47.090  5114  5114 W System  : ClassLoader referenced unknown path: /system/app/WallpaperPicker/lib/x86_64
11-05 18:56:47.973  5114  5134 I OpenGLRenderer: Initialized EGL, version 1.4
11-05 18:56:47.973  5114  5134 D OpenGLRenderer: Swap behavior 1
11-05 18:56:48.891  1343  1415 E TaskPersister: File error accessing recents directory (directory doesn't exist?).
11-05 18:56:49.083  4181  4181 W ViewRootImpl[Settings$WallpaperSettingsActivity]: Cancelling event due to no window focus: MotionEvent { action=ACTION_CANCEL, actionButton=0, id[0]=0, x[0]=158.41783, y[0]=186.52606, toolType[0]=TOOL_TYPE_MOUSE, buttonState=0, metaState=0, flags=0x0, edgeFlags=0x0, pointerCount=1, historySize=0, eventTime=2909409, downTime=2907297, deviceId=2, source=0x2002 }
11-05 18:56:49.084  4181  4181 W ViewRootImpl[Settings$WallpaperSettingsActivity]: Cancelling event due to no window focus: MotionEvent { action=ACTION_CANCEL, actionButton=0, id[0]=0, x[0]=158.41783, y[0]=186.52606, toolType[0]=TOOL_TYPE_MOUSE, buttonState=0, metaState=0, flags=0x0, edgeFlags=0x0, pointerCount=1, historySize=0, eventTime=2909409, downTime=2907297, deviceId=2, source=0x2002 }
11-05 18:56:49.084  4181  4181 W ViewRootImpl[Settings$WallpaperSettingsActivity]: Cancelling event due to no window focus: MotionEvent { action=ACTION_CANCEL, actionButton=0, id[0]=0, x[0]=158.41783, y[0]=186.52606, toolType[0]=TOOL_TYPE_MOUSE, buttonState=0, metaState=0, flags=0x0, edgeFlags=0x0, pointerCount=1, historySize=0, eventTime=2909409, downTime=2907297, deviceId=2, source=0x2002 }
11-05 18:56:49.084  4181  4181 W ViewRootImpl[Settings$WallpaperSettingsActivity]: Cancelling event due to no window focus: MotionEvent { action=ACTION_CANCEL, actionButton=0, id[0]=0, x[0]=158.41783, y[0]=186.52606, toolType[0]=TOOL_TYPE_MOUSE, buttonState=0, metaState=0, flags=0x0, edgeFlags=0x0, pointerCount=1, historySize=0, eventTime=2909409, downTime=2907297, deviceId=2, source=0x2002 }
11-05 18:56:53.189  1073  4086 W APM_AudioPolicyManager: getOutput() could not find output for stream 1, samplingRate 0,format 0, channels 3, flags 0
11-05 18:56:53.189  1073  4086 W APM_AudioPolicyManager: getOutput() could not find output for stream 1, samplingRate 0,format 0, channels 3, flags 0
11-05 18:56:53.189  1073  4086 W APM_AudioPolicyManager: getOutput() could not find output for stream 1, samplingRate 44100,format 1, channels 3, flags 4
11-05 18:56:57.184  1073  4086 W APM_AudioPolicyManager: getOutput() could not find output for stream 1, samplingRate 0,format 0, channels 3, flags 0
11-05 18:56:57.185  1343  4800 I ActivityManager: START u0 {act=android.intent.action.SET_WALLPAPER cmp=com.android.gallery3d/.app.Wallpaper} from uid 1000 on display 0
11-05 18:56:57.186  1073  4086 W APM_AudioPolicyManager: getOutput() could not find output for stream 1, samplingRate 0,format 0, channels 3, flags 0
11-05 18:56:57.186  1073  4086 W APM_AudioPolicyManager: getOutput() could not find output for stream 1, samplingRate 44100,format 1, channels 3, flags 4
11-05 18:56:57.198  5144  5144 W art     : Unexpected CPU variant for X86 using defaults: x86_64
11-05 18:56:57.199  1343  4800 I ActivityManager: Start proc 5144:com.android.gallery3d/u0a53 for activity com.android.gallery3d/.app.Wallpaper
11-05 18:56:57.210  1343  4800 I ActivityManager: Killing 3489:com.google.android.partnersetup/u0a21 (adj 906): empty #17
11-05 18:56:57.221  1343  3762 D ActivityManager: cleanUpApplicationRecord -- 3489
11-05 18:56:57.418  1343  4800 I ActivityManager: START u0 {act=android.intent.action.GET_CONTENT typ=image/* cmp=com.android.gallery3d/.app.DialogPicker} from uid 10053 on display 0
11-05 18:56:57.480  5144  5160 I OpenGLRenderer: Initialized EGL, version 1.4
11-05 18:56:57.480  5144  5160 D OpenGLRenderer: Swap behavior 1
11-05 18:56:57.622  5144  5144 V StateManager: startState class com.android.gallery3d.app.AlbumSetPage
11-05 18:56:57.633  5144  5144 V NFC     : this device does not have NFC support
11-05 18:56:57.676  5144  5144 D Gallery.MultiSetSync: onSyncDone: Local albums #pending=1
11-05 18:56:57.676  5144  5144 D Gallery.MultiSetSync:   request sync: Local albums
11-05 18:56:57.676  5144  5144 D Gallery.MultiSetSync: onSyncDone: picasa #pending=0
11-05 18:56:57.676  5144  5144 D Gallery.MultiSetSync:   request sync: picasa
11-05 18:56:57.686  1343  4800 I ActivityManager: Start proc 5164:android.process.media/u0a12 for content provider com.android.providers.media/.MediaProvider
11-05 18:56:57.687  5164  5164 W art     : Unexpected CPU variant for X86 using defaults: x86_64
11-05 18:56:57.707  5164  5164 W System  : ClassLoader referenced unknown path: /system/priv-app/MediaProvider/lib/x86_64
11-05 18:56:57.720  5164  5164 W System  : ClassLoader referenced unknown path: /system/priv-app/DownloadProvider/lib/x86_64
11-05 18:56:57.720  5164  5164 D ApplicationLoaders: ignored Vulkan layer search path /system/priv-app/DownloadProvider/lib/x86_64:/system/priv-app/DownloadProvider/DownloadProvider.apk!/lib/x86_64:/system/lib64:/vendor/lib64 for namespace 0x72d35b3f90f0
11-05 18:56:57.755  1343  3762 I chatty  : uid=1000(system) Binder:1343_E expire 1 line
11-05 18:56:57.936  5144  5161 I GLRootView: onSurfaceChanged: 452x600, gl10: com.google.android.gles_jni.GLImpl@de6d36
11-05 18:56:57.937  5144  5161 I GLRootView: layout content pane 452x600 (compensation 0)
11-05 18:56:58.364  1064  1064 I surfaceflinger: type=1400 audit(0.0:975): avc: denied { execmem } for scontext=u:r:init:s0 tcontext=u:r:init:s0 tclass=process permissive=1
11-05 18:56:58.425  5144  5144 D ViewRootImpl[DialogPicker]: updatePointerIcon called with position out of bounds
11-05 18:56:58.440  5144  5144 D ViewRootImpl[DialogPicker]: updatePointerIcon called with position out of bounds
11-05 18:56:58.461  1343  1415 E TaskPersister: File error accessing recents directory (directory doesn't exist?).
11-05 18:56:58.993  5144  5144 I Choreographer: Skipped 30 frames!  The application may be doing too much work on its main thread.
11-05 18:56:58.993  5144  5144 D ViewRootImpl[DialogPicker]: updatePointerIcon called with position out of bounds
11-05 18:56:59.007  5144  5144 D ViewRootImpl[DialogPicker]: updatePointerIcon called with position out of bounds
11-05 18:56:59.028  5144  5144 D ViewRootImpl[DialogPicker]: updatePointerIcon called with position out of bounds
11-05 18:57:00.895  1073  4086 W APM_AudioPolicyManager: getOutput() could not find output for stream 1, samplingRate 0,format 0, channels 3, flags 0
11-05 18:57:00.895  1073  4086 W APM_AudioPolicyManager: getOutput() could not find output for stream 1, samplingRate 0,format 0, channels 3, flags 0
11-05 18:57:00.896  1073  4086 W APM_AudioPolicyManager: getOutput() could not find output for stream 1, samplingRate 44100,format 1, channels 3, flags 4
11-05 18:57:00.929  1343  4800 I chatty  : uid=1000(system) Binder:1343_14 expire 1 line
11-05 18:57:01.059  1343  3762 I NotificationService: cancelToast pkg=com.android.gallery3d callback=android.app.ITransientNotification$Stub$Proxy@766f2a6
11-05 18:57:01.091  1343  3762 W WindowManager: Attempted to remove non-existing token: android.os.Binder@4374cd0
11-05 18:57:01.414  1343  4800 I ActivityManager: Killing 3738:com.svox.pico/u0a65 (adj 906): empty #17
11-05 18:57:01.420  1343  4800 D ActivityManager: cleanUpApplicationRecord -- 3738
11-05 18:57:01.481  5144  5144 V StateManager: destroy
11-05 18:57:02.743  1073  4086 W APM_AudioPolicyManager: getOutput() could not find output for stream 1, samplingRate 0,format 0, channels 3, flags 0
11-05 18:57:02.743  1073  4086 W APM_AudioPolicyManager: getOutput() could not find output for stream 1, samplingRate 0,format 0, channels 3, flags 0
11-05 18:57:02.744  1073  4086 W APM_AudioPolicyManager: getOutput() could not find output for stream 1, samplingRate 44100,format 1, channels 3, flags 4
11-05 18:57:02.744  1343  1402 I chatty  : uid=1000(system) AudioService expire 10 lines
11-05 18:57:02.807  1343  3144 W DreamManagerService: Dream ComponentInfo{com.google.android.deskclock/com.android.deskclock.Screensaver} does not exist
11-05 18:57:02.807  1343  3144 W DreamManagerService: Falling back to default dream ComponentInfo{com.google.android.deskclock/com.android.deskclock.Screensaver}
11-05 18:57:03.568  1073  4086 W APM_AudioPolicyManager: getOutput() could not find output for stream 1, samplingRate 0,format 0, channels 3, flags 0
11-05 18:57:03.568  1073  4086 W APM_AudioPolicyManager: getOutput() could not find output for stream 1, samplingRate 0,format 0, channels 3, flags 0
11-05 18:57:03.568  1073  4086 W APM_AudioPolicyManager: getOutput() could not find output for stream 1, samplingRate 44100,format 1, channels 3, flags 4
11-05 18:57:04.416  4820  4820 I LatinIME: Starting input. Cursor position = 3,3
11-05 18:57:05.333  1343  1415 E TaskPersister: File error accessing recents directory (directory doesn't exist?).
11-05 18:57:05.995  1343  4800 I ActivityManager: START u0 {act=android.intent.action.MAIN cmp=com.android.settings/.SubSettings (has extras)} from uid 1000 on display 0
11-05 18:57:05.996  1073  4086 W APM_AudioPolicyManager: getOutput() could not find output for stream 1, samplingRate 0,format 0, channels 3, flags 0
11-05 18:57:05.996  1073  4086 W APM_AudioPolicyManager: getOutput() could not find output for stream 1, samplingRate 0,format 0, channels 3, flags 0
11-05 18:57:05.996  1073  4086 W APM_AudioPolicyManager: getOutput() could not find output for stream 1, samplingRate 44100,format 1, channels 3, flags 4
11-05 18:57:06.257  1343  1955 E UserRestrictionsUtils: Unknown restriction: null
11-05 18:57:06.257  1343  1955 E UserRestrictionsUtils: Unknown restriction: null
11-05 18:57:06.272  1343  4800 W DreamManagerService: Dream ComponentInfo{com.google.android.deskclock/com.android.deskclock.Screensaver} does not exist
11-05 18:57:06.272  1343  4800 W DreamManagerService: Falling back to default dream ComponentInfo{com.google.android.deskclock/com.android.deskclock.Screensaver}
11-05 18:57:06.289  4181  5102 I chatty  : uid=1000(system) com.android.settings expire 10 lines
11-05 18:57:09.184  1343  1415 E TaskPersister: File error accessing recents directory (directory doesn't exist?).
11-05 18:57:09.770  1073  4086 W APM_AudioPolicyManager: getOutput() could not find output for stream 1, samplingRate 0,format 0, channels 3, flags 0
11-05 18:57:09.770  1073  4086 W APM_AudioPolicyManager: getOutput() could not find output for stream 1, samplingRate 0,format 0, channels 3, flags 0
11-05 18:57:09.770  1073  4086 W APM_AudioPolicyManager: getOutput() could not find output for stream 1, samplingRate 44100,format 1, channels 3, flags 4
11-05 18:57:09.936  4181  4181 D ViewRootImpl[SubSettings]: updatePointerIcon called with position out of bounds
11-05 18:57:09.941  4181  4181 D ViewRootImpl[SubSettings]: updatePointerIcon called with position out of bounds
11-05 18:57:10.035  4181  4181 D ViewRootImpl[SubSettings]: updatePointerIcon called with position out of bounds
11-05 18:57:10.071  4181  4181 D ViewRootImpl[SubSettings]: updatePointerIcon called with position out of bounds
11-05 18:57:10.121  4181  4181 D ViewRootImpl[SubSettings]: updatePointerIcon called with position out of bounds
11-05 18:57:10.407  4181  4181 D ViewRootImpl[SubSettings]: updatePointerIcon called with position out of bounds
11-05 18:57:13.568  1073  4086 W APM_AudioPolicyManager: getOutput() could not find output for stream 1, samplingRate 0,format 0, channels 3, flags 0
11-05 18:57:13.568  1073  4086 W APM_AudioPolicyManager: getOutput() could not find output for stream 1, samplingRate 0,format 0, channels 3, flags 0
11-05 18:57:13.568  1073  4086 W APM_AudioPolicyManager: getOutput() could not find output for stream 1, samplingRate 44100,format 1, channels 3, flags 4
11-05 18:57:13.587  1343  3762 W InputMethodManagerService: Window already focused, ignoring focus gain of: com.android.internal.view.IInputMethodClient$Stub$Proxy@83a3f84 attribute=null, token = android.os.BinderProxy@314c1f2
11-05 18:57:17.892  1343  3762 I ActivityManager: START u0 {act=android.intent.action.MAIN cmp=com.android.settings/.SubSettings (has extras)} from uid 1000 on display 0
11-05 18:57:17.892  1073  4086 W APM_AudioPolicyManager: getOutput() could not find output for stream 1, samplingRate 0,format 0, channels 3, flags 0
11-05 18:57:17.892  1073  4086 W APM_AudioPolicyManager: getOutput() could not find output for stream 1, samplingRate 0,format 0, channels 3, flags 0
11-05 18:57:17.893  1073  4086 W APM_AudioPolicyManager: getOutput() could not find output for stream 1, samplingRate 44100,format 1, channels 3, flags 4
11-05 18:57:17.893  1343  1402 I chatty  : uid=1000(system) AudioService expire 10 lines
11-05 18:57:17.902  4181  4181 I chatty  : uid=1000(system) com.android.settings expire 12 lines
11-05 18:57:21.004  1343  1415 E TaskPersister: File error accessing recents directory (directory doesn't exist?).
11-05 18:57:22.613  1073  4086 W APM_AudioPolicyManager: getOutput() could not find output for stream 1, samplingRate 0,format 0, channels 3, flags 0
11-05 18:57:22.613  1073  4086 W APM_AudioPolicyManager: getOutput() could not find output for stream 1, samplingRate 0,format 0, channels 3, flags 0
11-05 18:57:22.613  1073  4086 W APM_AudioPolicyManager: getOutput() could not find output for stream 1, samplingRate 44100,format 1, channels 3, flags 4
11-05 18:57:22.680  1343  3144 W DreamManagerService: Dream ComponentInfo{com.google.android.deskclock/com.android.deskclock.Screensaver} does not exist
11-05 18:57:22.680  1343  3144 W DreamManagerService: Falling back to default dream ComponentInfo{com.google.android.deskclock/com.android.deskclock.Screensaver}
11-05 18:57:26.152  1073  4086 W APM_AudioPolicyManager: getOutput() could not find output for stream 1, samplingRate 0,format 0, channels 3, flags 0
11-05 18:57:26.152  1073  4086 W APM_AudioPolicyManager: getOutput() could not find output for stream 1, samplingRate 0,format 0, channels 3, flags 0
11-05 18:57:26.152  1073  4086 W APM_AudioPolicyManager: getOutput() could not find output for stream 1, samplingRate 44100,format 1, channels 3, flags 4
11-05 18:57:26.300  1343  1415 E TaskPersister: File error accessing recents directory (directory doesn't exist?).
11-05 18:57:27.324  4181  4181 D ViewRootImpl[PopupWindow:6fdc58b]: updatePointerIcon called with position out of bounds
11-05 18:57:27.357  4181  4181 D ViewRootImpl[PopupWindow:6fdc58b]: updatePointerIcon called with position out of bounds
11-05 18:57:27.407  4181  4181 D ViewRootImpl[PopupWindow:6fdc58b]: updatePointerIcon called with position out of bounds
11-05 18:57:27.457  4181  4181 D ViewRootImpl[PopupWindow:6fdc58b]: updatePointerIcon called with position out of bounds
11-05 18:57:27.491  4181  4181 D ViewRootImpl[PopupWindow:6fdc58b]: updatePointerIcon called with position out of bounds
11-05 18:57:27.674  4181  4181 D ViewRootImpl[PopupWindow:6fdc58b]: updatePointerIcon called with position out of bounds
11-05 18:57:28.407  4181  4181 D ViewRootImpl[PopupWindow:6fdc58b]: updatePointerIcon called with position out of bounds
11-05 18:57:28.458  4181  4181 D ViewRootImpl[PopupWindow:6fdc58b]: updatePointerIcon called with position out of bounds
11-05 18:57:28.480  4181  4181 D ViewRootImpl[PopupWindow:6fdc58b]: updatePointerIcon called with position out of bounds
11-05 18:57:28.524  4181  4181 D ViewRootImpl[PopupWindow:6fdc58b]: updatePointerIcon called with position out of bounds
11-05 18:57:28.558  4181  4181 D ViewRootImpl[PopupWindow:6fdc58b]: updatePointerIcon called with position out of bounds
11-05 18:57:28.602  4181  4181 D ViewRootImpl[PopupWindow:6fdc58b]: updatePointerIcon called with position out of bounds
11-05 18:57:28.641  4181  4181 D ViewRootImpl[PopupWindow:6fdc58b]: updatePointerIcon called with position out of bounds
11-05 18:57:28.791  4181  4181 D ViewRootImpl[PopupWindow:6fdc58b]: updatePointerIcon called with position out of bounds
11-05 18:57:28.841  4181  4181 D ViewRootImpl[PopupWindow:6fdc58b]: updatePointerIcon called with position out of bounds
11-05 18:57:28.855  4181  4181 D ViewRootImpl[PopupWindow:6fdc58b]: updatePointerIcon called with position out of bounds
11-05 18:57:28.855  4181  4181 D ViewRootImpl[PopupWindow:6fdc58b]: updatePointerIcon called with position out of bounds
11-05 18:57:28.860  1343  3144 W InputMethodManagerService: Window already focused, ignoring focus gain of: com.android.internal.view.IInputMethodClient$Stub$Proxy@7bf3826 attribute=null, token = android.os.BinderProxy@314c1f2
11-05 18:57:28.940  4181  4181 D ViewRootImpl[PopupWindow:6fdc58b]: updatePointerIcon called with position out of bounds
11-05 18:57:28.940  4181  4181 D ViewRootImpl[PopupWindow:6fdc58b]: updatePointerIcon called with position out of bounds
11-05 18:57:35.282  1343  3762 I ActivityManager: START u0 {act=android.intent.action.SHOW_BRIGHTNESS_DIALOG cmp=com.android.systemui/.settings.BrightnessDialog} from uid 1000 on display 0
11-05 18:57:35.286  1073  4086 W APM_AudioPolicyManager: getOutput() could not find output for stream 1, samplingRate 0,format 0, channels 3, flags 0
11-05 18:57:35.286  1073  4086 W APM_AudioPolicyManager: getOutput() could not find output for stream 1, samplingRate 0,format 0, channels 3, flags 0
11-05 18:57:35.286  1073  4086 W APM_AudioPolicyManager: getOutput() could not find output for stream 1, samplingRate 44100,format 1, channels 3, flags 4
11-05 18:57:35.289  1343  3762 I ActivityManager: Killing 3660:com.android.packageinstaller/u0a24 (adj 906): empty #17
11-05 18:57:35.306  1438  1438 I ndroid.systemui: type=1400 audit(0.0:976): avc: denied { sendto } for path="/dev/socket/logdw" scontext=u:r:platform_app:s0:c512,c768 tcontext=u:r:init:s0 tclass=unix_dgram_socket permissive=1
11-05 18:57:35.316  1343  1957 I chatty  : uid=1000(system) Binder:1343_A expire 1 line
11-05 18:57:35.316  1343  4800 D ActivityManager: cleanUpApplicationRecord -- 3660
11-05 18:57:35.352  1438  1438 I RenderThread: type=1400 audit(0.0:977): avc: denied { transfer } for scontext=u:r:platform_app:s0:c512,c768 tcontext=u:r:init:s0 tclass=binder permissive=1
11-05 18:57:35.601  1343  1364 I chatty  : uid=1000(system) android.display expire 6 lines
11-05 18:57:36.011  1438  1438 D ViewRootImpl[BrightnessDialog]: updatePointerIcon called with position out of bounds
11-05 18:57:36.024  1438  1438 D ViewRootImpl[BrightnessDialog]: updatePointerIcon called with position out of bounds
11-05 18:57:36.074  1438  1438 D ViewRootImpl[BrightnessDialog]: updatePointerIcon called with position out of bounds
11-05 18:57:36.129  1438  1438 D ViewRootImpl[BrightnessDialog]: updatePointerIcon called with position out of bounds
11-05 18:57:36.157  1438  1438 D ViewRootImpl[BrightnessDialog]: updatePointerIcon called with position out of bounds
11-05 18:57:36.207  1438  1438 D ViewRootImpl[BrightnessDialog]: updatePointerIcon called with position out of bounds
11-05 18:57:36.241  1438  1438 D ViewRootImpl[BrightnessDialog]: updatePointerIcon called with position out of bounds
11-05 18:57:36.291  1438  1438 D ViewRootImpl[BrightnessDialog]: updatePointerIcon called with position out of bounds
11-05 18:57:36.346  1438  1438 D ViewRootImpl[BrightnessDialog]: updatePointerIcon called with position out of bounds
11-05 18:57:36.374  1438  1438 D ViewRootImpl[BrightnessDialog]: updatePointerIcon called with position out of bounds
11-05 18:57:36.458  1438  1438 D ViewRootImpl[BrightnessDialog]: updatePointerIcon called with position out of bounds
11-05 18:57:36.507  1438  1438 D ViewRootImpl[BrightnessDialog]: updatePointerIcon called with position out of bounds
11-05 18:57:36.550  1438  1438 D ViewRootImpl[BrightnessDialog]: updatePointerIcon called with position out of bounds
11-05 18:57:37.301  1438  1438 D ViewRootImpl[NavigationBar]: updatePointerIcon called with position out of bounds
11-05 18:57:37.301  1438  1438 D ViewRootImpl[StatusBar]: updatePointerIcon called with position out of bounds
11-05 18:57:38.006  1438  1438 D ViewRootImpl[NavigationBar]: updatePointerIcon called with position out of bounds
11-05 18:57:38.006  1438  1438 D ViewRootImpl[StatusBar]: updatePointerIcon called with position out of bounds
11-05 18:57:38.518  1438  1438 D ViewRootImpl[BrightnessDialog]: updatePointerIcon called with position out of bounds
11-05 18:57:38.541  1438  1438 D ViewRootImpl[BrightnessDialog]: updatePointerIcon called with position out of bounds
11-05 18:57:38.574  1438  1438 D ViewRootImpl[BrightnessDialog]: updatePointerIcon called with position out of bounds
11-05 18:57:38.624  1438  1438 D ViewRootImpl[BrightnessDialog]: updatePointerIcon called with position out of bounds
11-05 18:57:38.658  1438  1438 D ViewRootImpl[BrightnessDialog]: updatePointerIcon called with position out of bounds
11-05 18:57:38.697  1438  1438 D ViewRootImpl[BrightnessDialog]: updatePointerIcon called with position out of bounds
11-05 18:57:38.741  1438  1438 D ViewRootImpl[BrightnessDialog]: updatePointerIcon called with position out of bounds
11-05 18:57:38.941  1438  1438 D ViewRootImpl[BrightnessDialog]: updatePointerIcon called with position out of bounds
11-05 18:57:38.955  1438  1438 D ViewRootImpl[BrightnessDialog]: updatePointerIcon called with position out of bounds
11-05 18:57:38.955  1438  1438 D ViewRootImpl[BrightnessDialog]: updatePointerIcon called with position out of bounds
11-05 18:57:38.955  1438  1438 D ViewRootImpl[BrightnessDialog]: updatePointerIcon called with position out of bounds
11-05 18:57:38.958  1438  1438 D ViewRootImpl[BrightnessDialog]: updatePointerIcon called with position out of bounds
11-05 18:57:39.008  1438  1438 D ViewRootImpl[BrightnessDialog]: updatePointerIcon called with position out of bounds
11-05 18:57:39.051  1438  1438 D ViewRootImpl[BrightnessDialog]: updatePointerIcon called with position out of bounds
11-05 18:57:39.280  1438  1438 D ViewRootImpl[BrightnessDialog]: updatePointerIcon called with position out of bounds
11-05 18:57:39.330  1438  1438 D ViewRootImpl[BrightnessDialog]: updatePointerIcon called with position out of bounds
11-05 18:57:39.363  1438  1438 D ViewRootImpl[BrightnessDialog]: updatePointerIcon called with position out of bounds
11-05 18:57:39.413  1438  1438 D ViewRootImpl[BrightnessDialog]: updatePointerIcon called with position out of bounds
11-05 18:57:39.602  1438  1438 D ViewRootImpl[BrightnessDialog]: updatePointerIcon called with position out of bounds
11-05 18:57:39.613  1438  1438 D ViewRootImpl[BrightnessDialog]: updatePointerIcon called with position out of bounds
11-05 18:57:39.658  1438  1438 D ViewRootImpl[BrightnessDialog]: updatePointerIcon called with position out of bounds
11-05 18:57:39.691  1438  1438 D ViewRootImpl[BrightnessDialog]: updatePointerIcon called with position out of bounds
11-05 18:57:39.741  1438  1438 D ViewRootImpl[BrightnessDialog]: updatePointerIcon called with position out of bounds
11-05 18:57:39.774  1438  1438 D ViewRootImpl[BrightnessDialog]: updatePointerIcon called with position out of bounds
11-05 18:57:39.924  1438  1438 D ViewRootImpl[BrightnessDialog]: updatePointerIcon called with position out of bounds
11-05 18:57:39.957  1438  1438 D ViewRootImpl[BrightnessDialog]: updatePointerIcon called with position out of bounds
11-05 18:57:39.991  1438  1438 D ViewRootImpl[BrightnessDialog]: updatePointerIcon called with position out of bounds
11-05 18:57:40.034  1438  1438 D ViewRootImpl[BrightnessDialog]: updatePointerIcon called with position out of bounds
11-05 18:57:40.074  1438  1438 D ViewRootImpl[BrightnessDialog]: updatePointerIcon called with position out of bounds
11-05 18:57:40.107  1438  1438 D ViewRootImpl[BrightnessDialog]: updatePointerIcon called with position out of bounds
11-05 18:57:40.157  1438  1438 D ViewRootImpl[BrightnessDialog]: updatePointerIcon called with position out of bounds
11-05 18:57:40.274  1438  1438 D ViewRootImpl[BrightnessDialog]: updatePointerIcon called with position out of bounds
11-05 18:57:40.291  1438  1438 D ViewRootImpl[BrightnessDialog]: updatePointerIcon called with position out of bounds
11-05 18:57:40.308  1438  1438 D ViewRootImpl[BrightnessDialog]: updatePointerIcon called with position out of bounds
11-05 18:57:40.324  1438  1438 D ViewRootImpl[BrightnessDialog]: updatePointerIcon called with position out of bounds
11-05 18:57:40.374  1438  1438 D ViewRootImpl[BrightnessDialog]: updatePointerIcon called with position out of bounds
11-05 18:57:40.424  1438  1438 D ViewRootImpl[BrightnessDialog]: updatePointerIcon called with position out of bounds
11-05 18:57:40.464  1438  1438 D ViewRootImpl[BrightnessDialog]: updatePointerIcon called with position out of bounds
11-05 18:57:40.491  1438  1438 D ViewRootImpl[BrightnessDialog]: updatePointerIcon called with position out of bounds
11-05 18:57:40.541  1438  1438 D ViewRootImpl[BrightnessDialog]: updatePointerIcon called with position out of bounds
11-05 18:57:40.574  1438  1438 D ViewRootImpl[BrightnessDialog]: updatePointerIcon called with position out of bounds
