11-05 18:52:06.206  4594  4594 W System  : ClassLoader referenced unknown path: /system/priv-app/CellBroadcastReceiver/lib/x86_64
11-05 18:52:06.209  4594  4594 I oadcastreceiver: type=1400 audit(0.0:900): avc: denied { read } for path=2F6465762F6173686D656D2F64616C76696B2D6E6F6E206D6F76696E67207370616365202864656C6574656429 dev="tmpfs" ino=8038 scontext=u:r:platform_app:s0:c512,c768 tcontext=u:object_r:init_tmpfs:s0 tclass=file permissive=1
11-05 18:52:06.210  1063  1063 I servicemanager: type=1400 audit(0.0:901): avc: denied { transfer } for scontext=u:r:init:s0 tcontext=u:r:platform_app:s0:c512,c768 tclass=binder permissive=1
11-05 18:52:06.303  1064  1064 I chatty  : uid=0(root) /system/bin/surfaceflinger expire 1 line
11-05 18:52:06.366  4181  4611 I chatty  : uid=1000(system) com.android.settings expire 39 lines
11-05 18:52:06.429  4181  4611 W StorageManager: Could not read /sys/block/mmcblk0/size
11-05 18:52:06.429  4181  4611 W StorageManager: java.io.FileNotFoundException: /sys/block/mmcblk0/size (No such file or directory)
11-05 18:52:06.429  4181  4611 W StorageManager: 	at java.io.FileInputStream.open(Native Method)
11-05 18:52:06.429  4181  4611 W StorageManager: 	at java.io.FileInputStream.<init>(FileInputStream.java:146)
11-05 18:52:06.429  4181  4611 W StorageManager: 	at java.io.FileInputStream.<init>(FileInputStream.java:99)
11-05 18:52:06.429  4181  4611 W StorageManager: 	at android.os.storage.StorageManager.readLong(StorageManager.java:944)
11-05 18:52:06.429  4181  4611 W StorageManager: 	at android.os.storage.StorageManager.getPrimaryStorageSize(StorageManager.java:935)
11-05 18:52:06.429  4181  4611 W StorageManager: 	at com.android.settingslib.deviceinfo.StorageManagerVolumeProvider.getPrimaryStorageSize(StorageManagerVolumeProvider.java:37)
11-05 18:52:06.429  4181  4611 W StorageManager: 	at com.android.settingslib.deviceinfo.PrivateStorageInfo.getPrivateStorageInfo(PrivateStorageInfo.java:40)
11-05 18:52:06.429  4181  4611 W StorageManager: 	at com.android.settings.deviceinfo.StorageSettings$SummaryProvider.updateSummary(StorageSettings.java:513)
11-05 18:52:06.429  4181  4611 W StorageManager: 	at com.android.settings.deviceinfo.StorageSettings$SummaryProvider.setListening(StorageSettings.java:506)
11-05 18:52:06.429  4181  4611 W StorageManager: 	at com.android.settings.dashboard.SummaryLoader.setListeningW(SummaryLoader.java:192)
11-05 18:52:06.429  4181  4611 W StorageManager: 	at com.android.settings.dashboard.SummaryLoader.-wrap2(SummaryLoader.java)
11-05 18:52:06.429  4181  4611 W StorageManager: 	at com.android.settings.dashboard.SummaryLoader$Worker.handleMessage(SummaryLoader.java:253)
11-05 18:52:06.429  4181  4611 W StorageManager: 	at android.os.Handler.dispatchMessage(Handler.java:102)
11-05 18:52:06.429  4181  4611 W StorageManager: 	at android.os.Looper.loop(Looper.java:154)
11-05 18:52:06.429  4181  4611 W StorageManager: 	at android.os.HandlerThread.run(HandlerThread.java:61)
11-05 18:52:06.434  1071  1071 I chatty  : uid=0(root) main expire 1 line
11-05 18:52:06.435  4616  4616 I main    : type=1400 audit(0.0:908): avc: denied { dyntransition } for scontext=u:r:init:s0 tcontext=u:r:untrusted_app:s0:c512,c768 tclass=process permissive=1
11-05 18:52:06.435  1343  1955 I ActivityManager: Start proc 4616:com.android.printspooler/u0a67 for service com.android.printspooler/.model.PrintSpoolerService
11-05 18:52:06.436  4616  4616 W art     : Unexpected CPU variant for X86 using defaults: x86_64
11-05 18:52:06.442  1063  1063 I servicemanager: type=1400 audit(0.0:909): avc: denied { transfer } for scontext=u:r:init:s0 tcontext=u:r:untrusted_app:s0:c512,c768 tclass=binder permissive=1
11-05 18:52:06.444  4616  4616 I id.printspooler: type=1400 audit(0.0:910): avc: denied { getattr } for path="/system/app/PrintSpooler/PrintSpooler.apk" dev="sda1" ino=32970 scontext=u:r:untrusted_app:s0:c512,c768 tcontext=u:object_r:unlabeled:s0 tclass=file permissive=1
11-05 18:52:06.444  4616  4616 I id.printspooler: type=1400 audit(0.0:911): avc: denied { getattr } for path="/system" dev="sda1" ino=32775 scontext=u:r:untrusted_app:s0:c512,c768 tcontext=u:object_r:unlabeled:s0 tclass=dir permissive=1
11-05 18:52:06.444  4616  4616 I id.printspooler: type=1400 audit(0.0:912): avc: denied { read } for name="PrintSpooler.odex" dev="sda1" ino=32976 scontext=u:r:untrusted_app:s0:c512,c768 tcontext=u:object_r:unlabeled:s0 tclass=file permissive=1
11-05 18:52:06.444  4616  4616 I id.printspooler: type=1400 audit(0.0:913): avc: denied { open } for path="/system/app/PrintSpooler/oat/x86_64/PrintSpooler.odex" dev="sda1" ino=32976 scontext=u:r:untrusted_app:s0:c512,c768 tcontext=u:object_r:unlabeled:s0 tclass=file permissive=1
11-05 18:52:06.444  4616  4616 I id.printspooler: type=1400 audit(0.0:914): avc: denied { execute } for path="/system/app/PrintSpooler/oat/x86_64/PrintSpooler.odex" dev="sda1" ino=32976 scontext=u:r:untrusted_app:s0:c512,c768 tcontext=u:object_r:unlabeled:s0 tclass=file permissive=1
11-05 18:52:06.520  1343  1663 I ProcessStatsService: Added stats: 2017-11-05-00-50-14, over +30m1s686ms
11-05 18:52:06.613  4181  4181 I chatty  : uid=1000(system) com.android.settings expire 11 lines
11-05 18:52:07.284  1063  1063 I servicemanager: type=1400 audit(0.0:915): avc: denied { getattr } for scontext=u:r:init:s0 tcontext=u:r:system_server:s0 tclass=process permissive=1
11-05 18:52:07.284  1343  1663 E BatteryStatsService: no controller energy info supplied
11-05 18:52:07.284  1343  1663 E BatteryStatsService: no controller energy info supplied
11-05 18:52:07.285  1507  1507 E PhoneInterfaceManager: [PhoneIntfMgr] queryModemActivityInfo: Empty response
11-05 18:52:07.285  1343  1663 E KernelCpuSpeedReader: Failed to read cpu-freq: /sys/devices/system/cpu/cpu0/cpufreq/stats/time_in_state (No such file or directory)
11-05 18:52:07.286  1343  1663 E BatteryStatsService: modem info is invalid: ModemActivityInfo{ mTimestamp=0 mSleepTimeMs=0 mIdleTimeMs=0 mTxTimeMs[]=[0, 0, 0, 0, 0] mRxTimeMs=0 mEnergyUsed=0}
11-05 18:52:07.935  3530  3530 I HeapTaskDaemon: type=1400 audit(0.0:916): avc: denied { read } for path=2F6465762F6173686D656D2F64616C76696B2D6D61696E2073706163652031202864656C6574656429 dev="tmpfs" ino=5935 scontext=u:r:isolated_app:s0:c512,c768 tcontext=u:object_r:init_tmpfs:s0 tclass=file permissive=1
11-05 18:52:08.483  1073  4086 I chatty  : uid=1041(audioserver) Binder:1073_4 expire 12 lines
11-05 18:52:08.506  4181  4610 I chatty  : uid=1000(system) com.android.settings expire 9 lines
11-05 18:52:08.538  1433  1433 I LatinIME: Starting input. Cursor position = 0,0
11-05 18:52:08.559  1064  1064 I Binder:1064_1: type=1400 audit(0.0:917): avc: denied { call } for scontext=u:r:init:s0 tcontext=u:r:untrusted_app:s0:c512,c768 tclass=binder permissive=1
11-05 18:52:08.983  1343  1415 E TaskPersister: File error accessing recents directory (directory doesn't exist?).
11-05 18:52:12.962  1343  3762 I ActivityManager: Killing 3253:jackpal.androidterm/u0a35 (adj 906): empty #17
11-05 18:52:12.981  1343  1956 D ActivityManager: cleanUpApplicationRecord -- 3253
11-05 18:52:17.657  1343  4637 I ActivityManager: START u0 {act=android.intent.action.MAIN cmp=com.android.settings/.SubSettings (has extras)} from uid 1000 on display 0
11-05 18:52:17.864  4181  4181 W StorageManager: Could not read /sys/block/mmcblk0/size
11-05 18:52:17.864  4181  4181 W StorageManager: java.io.FileNotFoundException: /sys/block/mmcblk0/size (No such file or directory)
11-05 18:52:17.864  4181  4181 W StorageManager: 	at java.io.FileInputStream.open(Native Method)
11-05 18:52:17.864  4181  4181 W StorageManager: 	at java.io.FileInputStream.<init>(FileInputStream.java:146)
11-05 18:52:17.864  4181  4181 W StorageManager: 	at java.io.FileInputStream.<init>(FileInputStream.java:99)
11-05 18:52:17.864  4181  4181 W StorageManager: 	at android.os.storage.StorageManager.readLong(StorageManager.java:944)
11-05 18:52:17.864  4181  4181 W StorageManager: 	at android.os.storage.StorageManager.getPrimaryStorageSize(StorageManager.java:935)
11-05 18:52:17.864  4181  4181 W StorageManager: 	at com.android.settings.deviceinfo.StorageSettings.onCreate(StorageSettings.java:117)
11-05 18:52:17.864  4181  4181 W StorageManager: 	at android.app.Fragment.performCreate(Fragment.java:2336)
11-05 18:52:17.864  4181  4181 W StorageManager: 	at android.app.FragmentManagerImpl.moveToState(FragmentManager.java:949)
11-05 18:52:17.864  4181  4181 W StorageManager: 	at android.app.BackStackRecord.setLastIn(BackStackRecord.java:860)
11-05 18:52:17.864  4181  4181 W StorageManager: 	at android.app.BackStackRecord.calculateFragments(BackStackRecord.java:900)
11-05 18:52:17.864  4181  4181 W StorageManager: 	at android.app.BackStackRecord.run(BackStackRecord.java:728)
11-05 18:52:17.864  4181  4181 W StorageManager: 	at android.app.FragmentManagerImpl.execPendingActions(FragmentManager.java:1578)
11-05 18:52:17.864  4181  4181 W StorageManager: 	at android.app.FragmentManagerImpl.executePendingTransactions(FragmentManager.java:563)
11-05 18:52:17.864  4181  4181 W StorageManager: 	at com.android.settings.SettingsActivity.switchToFragment(SettingsActivity.java:1039)
11-05 18:52:17.864  4181  4181 W StorageManager: 	at com.android.settings.SettingsActivity.onCreate(SettingsActivity.java:627)
11-05 18:52:17.864  4181  4181 W StorageManager: 	at android.app.Activity.performCreate(Activity.java:6692)
11-05 18:52:17.864  4181  4181 W StorageManager: 	at android.app.Instrumentation.callActivityOnCreate(Instrumentation.java:1118)
11-05 18:52:17.864  4181  4181 W StorageManager: 	at android.app.ActivityThread.performLaunchActivity(ActivityThread.java:2619)
11-05 18:52:17.864  4181  4181 W StorageManager: 	at android.app.ActivityThread.handleLaunchActivity(ActivityThread.java:2727)
11-05 18:52:17.864  4181  4181 W StorageManager: 	at android.app.ActivityThread.-wrap12(ActivityThread.java)
11-05 18:52:17.864  4181  4181 W StorageManager: 	at android.app.ActivityThread$H.handleMessage(ActivityThread.java:1478)
11-05 18:52:17.864  4181  4181 W StorageManager: 	at android.os.Handler.dispatchMessage(Handler.java:102)
11-05 18:52:17.864  4181  4181 W StorageManager: 	at android.os.Looper.loop(Looper.java:154)
11-05 18:52:17.864  4181  4181 W StorageManager: 	at android.app.ActivityThread.main(ActivityThread.java:6121)
11-05 18:52:17.864  4181  4181 W StorageManager: 	at java.lang.reflect.Method.invoke(Native Method)
11-05 18:52:17.864  4181  4181 W StorageManager: 	at com.android.internal.os.ZygoteInit$MethodAndArgsCaller.run(ZygoteInit.java:890)
11-05 18:52:17.864  4181  4181 W StorageManager: 	at com.android.internal.os.ZygoteInit.main(ZygoteInit.java:780)
11-05 18:52:17.947  1343  3144 I ActivityManager: START u0 {act=android.intent.action.MAIN cmp=com.android.settings/.SubSettings (has extras)} from uid 1000 on display 0
11-05 18:52:18.134  3687  3687 I Binder:3687_4: type=1400 audit(0.0:918): avc: denied { read } for name="libdefcontainer_jni.so" dev="sda1" ino=81937 scontext=u:r:platform_app:s0:c512,c768 tcontext=u:object_r:unlabeled:s0 tclass=lnk_file permissive=1
11-05 18:52:18.288  1077  1077 I installd: type=1400 audit(0.0:920): avc: denied { read } for name="com.android.cts.priv.ctsshim" dev="sda1" ino=131221 scontext=u:r:init:s0 tcontext=u:object_r:app_data_file:s0:c512,c768 tclass=dir permissive=1
11-05 18:52:18.289  1077  1077 I installd: type=1400 audit(0.0:921): avc: denied { open } for path="/data/data/com.android.cts.priv.ctsshim" dev="sda1" ino=131221 scontext=u:r:init:s0 tcontext=u:object_r:app_data_file:s0:c512,c768 tclass=dir permissive=1
11-05 18:52:18.289  1077  1077 I installd: type=1400 audit(0.0:922): avc: denied { getattr } for path="/data/data/com.android.cts.priv.ctsshim" dev="sda1" ino=131221 scontext=u:r:init:s0 tcontext=u:object_r:app_data_file:s0:c512,c768 tclass=dir permissive=1
11-05 18:52:18.440  1343  1343 I chatty  : uid=1000 system_server expire 1 line
11-05 18:52:18.452  4181  4593 I chatty  : uid=1000(system) com.android.settings expire 5 lines
11-05 18:52:18.480  4181  4197 I chatty  : uid=1000(system) RenderThread expire 8 lines
11-05 18:52:18.485  1077  1077 I installd: type=1400 audit(0.0:924): avc: denied { getattr } for path="/data/data/com.google.android.youtube/cache/1489418796403.tmp" dev="sda1" ino=131847 scontext=u:r:init:s0 tcontext=u:object_r:app_data_file:s0:c512,c768 tclass=file permissive=1
11-05 18:52:18.857  4181  4181 W ViewRootImpl[Settings]: Cancelling event due to no window focus: MotionEvent { action=ACTION_CANCEL, actionButton=0, id[0]=0, x[0]=275.93695, y[0]=681.3803, toolType[0]=TOOL_TYPE_MOUSE, buttonState=0, metaState=0, flags=0x0, edgeFlags=0x0, pointerCount=1, historySize=0, eventTime=2639183, downTime=2637845, deviceId=2, source=0x2002 }
11-05 18:52:18.858  4181  4181 W ViewRootImpl[Settings]: Cancelling event due to no window focus: MotionEvent { action=ACTION_CANCEL, actionButton=0, id[0]=0, x[0]=275.93695, y[0]=681.3803, toolType[0]=TOOL_TYPE_MOUSE, buttonState=0, metaState=0, flags=0x0, edgeFlags=0x0, pointerCount=1, historySize=0, eventTime=2639183, downTime=2637845, deviceId=2, source=0x2002 }
11-05 18:52:18.858  4181  4181 W ViewRootImpl[Settings]: Cancelling event due to no window focus: MotionEvent { action=ACTION_CANCEL, actionButton=0, id[0]=0, x[0]=275.93695, y[0]=681.3803, toolType[0]=TOOL_TYPE_MOUSE, buttonState=0, metaState=0, flags=0x0, edgeFlags=0x0, pointerCount=1, historySize=0, eventTime=2639183, downTime=2637845, deviceId=2, source=0x2002 }
11-05 18:52:18.858  4181  4181 W ViewRootImpl[Settings]: Cancelling event due to no window focus: MotionEvent { action=ACTION_CANCEL, actionButton=0, id[0]=0, x[0]=275.93695, y[0]=681.3803, toolType[0]=TOOL_TYPE_MOUSE, buttonState=0, metaState=0, flags=0x0, edgeFlags=0x0, pointerCount=1, historySize=0, eventTime=2639183, downTime=2637845, deviceId=2, source=0x2002 }
11-05 18:52:18.932  1077  1077 I installd: type=1400 audit(0.0:926): avc: denied { getattr } for path="/data/data/com.google.android.googlequicksearchbox/lib" dev="sda1" ino=131270 scontext=u:r:init:s0 tcontext=u:object_r:app_data_file:s0 tclass=lnk_file permissive=1
11-05 18:52:20.651  1343  3144 I ActivityManager: START u0 {act=android.intent.action.MAIN cmp=com.android.settings/.SubSettings (has extras)} from uid 1000 on display 0
11-05 18:52:21.250  1077  1077 I installd: type=1400 audit(0.0:927): avc: denied { getattr } for path="/data/data/org.fdroid.fdroid/files/fdroid/repo/index.html" dev="sda1" ino=149034 scontext=u:r:init:s0 tcontext=u:object_r:app_data_file:s0:c512,c768 tclass=lnk_file permissive=1
11-05 18:52:21.549  1343  1415 E TaskPersister: File error accessing recents directory (directory doesn't exist?).
11-05 18:52:21.737  4181  4181 W ViewRootImpl[SubSettings]: Cancelling event due to no window focus: MotionEvent { action=ACTION_CANCEL, actionButton=0, id[0]=0, x[0]=149.7871, y[0]=270.40137, toolType[0]=TOOL_TYPE_MOUSE, buttonState=0, metaState=0, flags=0x0, edgeFlags=0x0, pointerCount=1, historySize=0, eventTime=2642063, downTime=2640862, deviceId=2, source=0x2002 }
11-05 18:52:21.737  4181  4181 W ViewRootImpl[SubSettings]: Cancelling event due to no window focus: MotionEvent { action=ACTION_CANCEL, actionButton=0, id[0]=0, x[0]=149.7871, y[0]=270.40137, toolType[0]=TOOL_TYPE_MOUSE, buttonState=0, metaState=0, flags=0x0, edgeFlags=0x0, pointerCount=1, historySize=0, eventTime=2642063, downTime=2640862, deviceId=2, source=0x2002 }
11-05 18:52:21.737  4181  4181 W ViewRootImpl[SubSettings]: Cancelling event due to no window focus: MotionEvent { action=ACTION_CANCEL, actionButton=0, id[0]=0, x[0]=149.7871, y[0]=270.40137, toolType[0]=TOOL_TYPE_MOUSE, buttonState=0, metaState=0, flags=0x0, edgeFlags=0x0, pointerCount=1, historySize=0, eventTime=2642063, downTime=2640862, deviceId=2, source=0x2002 }
11-05 18:52:21.737  4181  4181 W ViewRootImpl[SubSettings]: Cancelling event due to no window focus: MotionEvent { action=ACTION_CANCEL, actionButton=0, id[0]=0, x[0]=149.7871, y[0]=270.40137, toolType[0]=TOOL_TYPE_MOUSE, buttonState=0, metaState=0, flags=0x0, edgeFlags=0x0, pointerCount=1, historySize=0, eventTime=2642063, downTime=2640862, deviceId=2, source=0x2002 }
11-05 18:52:25.650  1343  1956 I ActivityManager: START u0 {act=android.intent.action.MAIN cmp=com.android.settings/.SubSettings (has extras)} from uid 1000 on display 0
11-05 18:52:25.651  1343  1402 I chatty  : uid=1000(system) AudioService expire 10 lines
11-05 18:52:26.527  4181  4181 W ViewRootImpl[SubSettings]: Cancelling event due to no window focus: MotionEvent { action=ACTION_CANCEL, actionButton=0, id[0]=0, x[0]=229.71927, y[0]=181.44101, toolType[0]=TOOL_TYPE_MOUSE, buttonState=0, metaState=0, flags=0x0, edgeFlags=0x0, pointerCount=1, historySize=0, eventTime=2646852, downTime=2645824, deviceId=2, source=0x2002 }
11-05 18:52:26.527  4181  4181 W ViewRootImpl[SubSettings]: Cancelling event due to no window focus: MotionEvent { action=ACTION_CANCEL, actionButton=0, id[0]=0, x[0]=229.71927, y[0]=181.44101, toolType[0]=TOOL_TYPE_MOUSE, buttonState=0, metaState=0, flags=0x0, edgeFlags=0x0, pointerCount=1, historySize=0, eventTime=2646852, downTime=2645824, deviceId=2, source=0x2002 }
11-05 18:52:26.527  4181  4181 W ViewRootImpl[SubSettings]: Cancelling event due to no window focus: MotionEvent { action=ACTION_CANCEL, actionButton=0, id[0]=0, x[0]=229.71927, y[0]=181.44101, toolType[0]=TOOL_TYPE_MOUSE, buttonState=0, metaState=0, flags=0x0, edgeFlags=0x0, pointerCount=1, historySize=0, eventTime=2646852, downTime=2645824, deviceId=2, source=0x2002 }
11-05 18:52:26.527  4181  4181 W ViewRootImpl[SubSettings]: Cancelling event due to no window focus: MotionEvent { action=ACTION_CANCEL, actionButton=0, id[0]=0, x[0]=229.71927, y[0]=181.44101, toolType[0]=TOOL_TYPE_MOUSE, buttonState=0, metaState=0, flags=0x0, edgeFlags=0x0, pointerCount=1, historySize=0, eventTime=2646852, downTime=2645824, deviceId=2, source=0x2002 }
11-05 18:52:28.801  1343  1415 E TaskPersister: File error accessing recents directory (directory doesn't exist?).
11-05 18:52:35.536  1073  4086 I chatty  : uid=1041(audioserver) Binder:1073_4 expire 12 lines
11-05 18:52:35.605  1343  1379 I ActivityManager: START u0 {act=android.intent.action.MAIN cat=[android.intent.category.HOME] flg=0x10200000 cmp=com.android.launcher3/.Launcher (has extras)} from uid 1000 on display 0
11-05 18:52:35.637  1064  1064 D gralloc : Avoid registering a buffer in the process that created it. This may cause memory ordering problems.
11-05 18:52:35.637  1064  1064 E Gralloc1On0Adapter: gralloc0 register failed: 1
11-05 18:52:35.637  1064  1064 W GraphicBufferMapper: registerBuffer(0x7d775394ca80) failed: 5
11-05 18:52:35.637  1064  1064 E GraphicBuffer: unflatten: registerBuffer failed: Unknown error -5 (5)
11-05 18:52:35.637  1064  1064 E Surface : dequeueBuffer: IGraphicBufferProducer::requestBuffer failed: 5
11-05 18:52:35.637  1343  1379 W WindowManager: Screenshot failure taking screenshot for (1024x768) to layer 21055
11-05 18:52:35.671  1062  1062 I lmkd    : type=1400 audit(0.0:928): avc: denied { write } for name="oom_score_adj" dev="proc" ino=22650 scontext=u:r:init:s0 tcontext=u:r:isolated_app:s0:c512,c768 tclass=file permissive=1
11-05 18:52:36.191  1870  1997 W OpenGLRenderer: Incorrectly called buildLayer on View: ShortcutAndWidgetContainer, destroying layer...
11-05 18:52:37.695  1343  1957 I ActivityManager: START u0 {act=android.intent.action.MAIN cat=[android.intent.category.LAUNCHER] flg=0x10200000 cmp=com.android.development/.Development bnds=[217,647][339,727] (has extras)} from uid 10060 on display 0
11-05 18:52:37.705  4648  4648 W art     : Unexpected CPU variant for X86 using defaults: x86_64
11-05 18:52:37.717  1343  1957 I ActivityManager: Start proc 4648:com.android.development/u0a47 for activity com.android.development/.Development
11-05 18:52:37.749  4648  4648 W System  : ClassLoader referenced unknown path: /system/app/Development/lib/x86_64
11-05 18:52:38.033  4648  4648 I ToolbarWidgetWrapper: Progress display unsupported
11-05 18:52:38.155  4648  4648 E PhoneWindow: Circular progress bar not located in current window decor
11-05 18:52:38.157  1064  1064 I Binder:1064_3: type=1400 audit(0.0:929): avc: denied { write } for path="socket:[50592]" dev="sockfs" ino=50592 scontext=u:r:platform_app:s0:c512,c768 tcontext=u:r:init:s0 tclass=unix_stream_socket permissive=1
11-05 18:52:38.207  4648  4664 I OpenGLRenderer: Initialized EGL, version 1.4
11-05 18:52:38.210  4648  4664 D OpenGLRenderer: Swap behavior 1
11-05 18:52:38.213  1064  1064 I Binder:1064_1: type=1400 audit(0.0:930): avc: denied { call } for scontext=u:r:init:s0 tcontext=u:r:platform_app:s0:c512,c768 tclass=binder permissive=1
11-05 18:52:39.395  1870  1870 W ViewRootImpl[Launcher]: Cancelling event due to no window focus: MotionEvent { action=ACTION_CANCEL, actionButton=0, id[0]=0, x[0]=223.51678, y[0]=674.5, toolType[0]=TOOL_TYPE_MOUSE, buttonState=0, metaState=0, flags=0x0, edgeFlags=0x0, pointerCount=1, historySize=0, eventTime=2659720, downTime=2657945, deviceId=2, source=0x2002 }
11-05 18:52:39.395  1870  1870 W ViewRootImpl[Launcher]: Cancelling event due to no window focus: MotionEvent { action=ACTION_CANCEL, actionButton=0, id[0]=0, x[0]=223.51678, y[0]=674.5, toolType[0]=TOOL_TYPE_MOUSE, buttonState=0, metaState=0, flags=0x0, edgeFlags=0x0, pointerCount=1, historySize=0, eventTime=2659720, downTime=2657945, deviceId=2, source=0x2002 }
11-05 18:52:39.395  1870  1870 W ViewRootImpl[Launcher]: Cancelling event due to no window focus: MotionEvent { action=ACTION_CANCEL, actionButton=0, id[0]=0, x[0]=223.51678, y[0]=674.5, toolType[0]=TOOL_TYPE_MOUSE, buttonState=0, metaState=0, flags=0x0, edgeFlags=0x0, pointerCount=1, historySize=0, eventTime=2659720, downTime=2657945, deviceId=2, source=0x2002 }
11-05 18:52:39.395  1870  1870 W ViewRootImpl[Launcher]: Cancelling event due to no window focus: MotionEvent { action=ACTION_CANCEL, actionButton=0, id[0]=0, x[0]=223.51678, y[0]=674.5, toolType[0]=TOOL_TYPE_MOUSE, buttonState=0, metaState=0, flags=0x0, edgeFlags=0x0, pointerCount=1, historySize=0, eventTime=2659720, downTime=2657945, deviceId=2, source=0x2002 }
11-05 18:52:40.806  1343  1415 E TaskPersister: File error accessing recents directory (directory doesn't exist?).
11-05 18:52:45.054  1343  1956 I ActivityManager: START u0 {act=android.intent.action.MAIN cat=[android.intent.category.TEST] cmp=com.android.development/.PackageBrowser} from uid 10047 on display 0
11-05 18:52:45.540  4648  4648 W IInputConnectionWrapper: finishComposingText on inactive InputConnection
11-05 18:52:45.604  4648  4664 D OpenGLRenderer: endAllActiveAnimators on 0x72d3563e8000 (ListView) with handle 0x72d33b261220
11-05 18:52:48.251  1343  1415 E TaskPersister: File error accessing recents directory (directory doesn't exist?).
11-05 18:52:49.104  4648  4648 W ViewRootImpl[Development]: Cancelling event due to no window focus: MotionEvent { action=ACTION_CANCEL, actionButton=0, id[0]=0, x[0]=259.78522, y[0]=448.6358, toolType[0]=TOOL_TYPE_MOUSE, buttonState=0, metaState=0, flags=0x0, edgeFlags=0x0, pointerCount=1, historySize=0, eventTime=2669416, downTime=2665186, deviceId=2, source=0x2002 }
11-05 18:52:49.104  4648  4648 W ViewRootImpl[Development]: Cancelling event due to no window focus: MotionEvent { action=ACTION_CANCEL, actionButton=0, id[0]=0, x[0]=259.78522, y[0]=448.6358, toolType[0]=TOOL_TYPE_MOUSE, buttonState=0, metaState=0, flags=0x0, edgeFlags=0x0, pointerCount=1, historySize=0, eventTime=2669416, downTime=2665186, deviceId=2, source=0x2002 }
11-05 18:52:49.104  4648  4648 W ViewRootImpl[Development]: Cancelling event due to no window focus: MotionEvent { action=ACTION_CANCEL, actionButton=0, id[0]=0, x[0]=259.78522, y[0]=448.6358, toolType[0]=TOOL_TYPE_MOUSE, buttonState=0, metaState=0, flags=0x0, edgeFlags=0x0, pointerCount=1, historySize=0, eventTime=2669416, downTime=2665186, deviceId=2, source=0x2002 }
11-05 18:52:49.104  4648  4648 W ViewRootImpl[Development]: Cancelling event due to no window focus: MotionEvent { action=ACTION_CANCEL, actionButton=0, id[0]=0, x[0]=259.78522, y[0]=448.6358, toolType[0]=TOOL_TYPE_MOUSE, buttonState=0, metaState=0, flags=0x0, edgeFlags=0x0, pointerCount=1, historySize=0, eventTime=2669416, downTime=2665186, deviceId=2, source=0x2002 }
11-05 18:52:51.055  1343  1956 I ActivityManager: START u0 {dat=package:com.termux cmp=com.android.development/.PackageSummary} from uid 10047 on display 0
11-05 18:52:51.103  4648  4648 I foo     : Receiver #0 of 1: ActivityInfo{a4dda51 com.termux.app.TermuxOpenReceiver}
11-05 18:52:51.341  4648  4664 D OpenGLRenderer: endAllActiveAnimators on 0x72d3335ff000 (ListView) with handle 0x72d33b3597c0
11-05 18:52:54.176  1343  1415 E TaskPersister: File error accessing recents directory (directory doesn't exist?).
11-05 18:52:56.258  4648  4648 W ViewRootImpl[PackageBrowser]: Cancelling event due to no window focus: MotionEvent { action=ACTION_CANCEL, actionButton=0, id[0]=0, x[0]=156.43959, y[0]=434.6358, toolType[0]=TOOL_TYPE_MOUSE, buttonState=0, metaState=0, flags=0x0, edgeFlags=0x0, pointerCount=1, historySize=0, eventTime=2676582, downTime=2671230, deviceId=2, source=0x2002 }
11-05 18:52:56.258  4648  4648 W ViewRootImpl[PackageBrowser]: Cancelling event due to no window focus: MotionEvent { action=ACTION_CANCEL, actionButton=0, id[0]=0, x[0]=156.43959, y[0]=434.6358, toolType[0]=TOOL_TYPE_MOUSE, buttonState=0, metaState=0, flags=0x0, edgeFlags=0x0, pointerCount=1, historySize=0, eventTime=2676582, downTime=2671230, deviceId=2, source=0x2002 }
11-05 18:52:56.258  4648  4648 W ViewRootImpl[PackageBrowser]: Cancelling event due to no window focus: MotionEvent { action=ACTION_CANCEL, actionButton=0, id[0]=0, x[0]=156.43959, y[0]=434.6358, toolType[0]=TOOL_TYPE_MOUSE, buttonState=0, metaState=0, flags=0x0, edgeFlags=0x0, pointerCount=1, historySize=0, eventTime=2676582, downTime=2671230, deviceId=2, source=0x2002 }
11-05 18:52:56.258  4648  4648 W ViewRootImpl[PackageBrowser]: Cancelling event due to no window focus: MotionEvent { action=ACTION_CANCEL, actionButton=0, id[0]=0, x[0]=156.43959, y[0]=434.6358, toolType[0]=TOOL_TYPE_MOUSE, buttonState=0, metaState=0, flags=0x0, edgeFlags=0x0, pointerCount=1, historySize=0, eventTime=2676582, downTime=2671230, deviceId=2, source=0x2002 }
11-05 18:53:02.686  1073  4086 I chatty  : uid=1041(audioserver) Binder:1073_4 expire 15 lines
11-05 18:53:02.686  1343  1402 I chatty  : uid=1000(system) AudioService expire 10 lines
11-05 18:53:06.313  1343  1415 E TaskPersister: File error accessing recents directory (directory doesn't exist?).
11-05 18:53:12.253  1343  1415 E TaskPersister: File error accessing recents directory (directory doesn't exist?).
11-05 18:53:12.613  1343  4637 I ActivityManager: START u0 {act=android.intent.action.MAIN cat=[android.intent.category.TEST] cmp=com.android.development/.InstrumentationList} from uid 10047 on display 0
11-05 18:53:12.789  4648  4648 W IInputConnectionWrapper: finishComposingText on inactive InputConnection
11-05 18:53:12.808  4648  4664 D OpenGLRenderer: endAllActiveAnimators on 0x72d3563e8000 (ListView) with handle 0x72d33782dc80
11-05 18:53:13.186  4648  4648 W ViewRootImpl[Development]: Cancelling event due to no window focus: MotionEvent { action=ACTION_CANCEL, actionButton=0, id[0]=0, x[0]=180.73676, y[0]=320.72507, toolType[0]=TOOL_TYPE_MOUSE, buttonState=0, metaState=0, flags=0x0, edgeFlags=0x0, pointerCount=1, historySize=0, eventTime=2693511, downTime=2692769, deviceId=2, source=0x2002 }
11-05 18:53:13.186  4648  4648 W ViewRootImpl[Development]: Cancelling event due to no window focus: MotionEvent { action=ACTION_CANCEL, actionButton=0, id[0]=0, x[0]=180.73676, y[0]=320.72507, toolType[0]=TOOL_TYPE_MOUSE, buttonState=0, metaState=0, flags=0x0, edgeFlags=0x0, pointerCount=1, historySize=0, eventTime=2693511, downTime=2692769, deviceId=2, source=0x2002 }
11-05 18:53:13.186  4648  4648 W ViewRootImpl[Development]: Cancelling event due to no window focus: MotionEvent { action=ACTION_CANCEL, actionButton=0, id[0]=0, x[0]=180.73676, y[0]=320.72507, toolType[0]=TOOL_TYPE_MOUSE, buttonState=0, metaState=0, flags=0x0, edgeFlags=0x0, pointerCount=1, historySize=0, eventTime=2693511, downTime=2692769, deviceId=2, source=0x2002 }
11-05 18:53:13.187  4648  4648 W ViewRootImpl[Development]: Cancelling event due to no window focus: MotionEvent { action=ACTION_CANCEL, actionButton=0, id[0]=0, x[0]=180.73676, y[0]=320.72507, toolType[0]=TOOL_TYPE_MOUSE, buttonState=0, metaState=0, flags=0x0, edgeFlags=0x0, pointerCount=1, historySize=0, eventTime=2693511, downTime=2692769, deviceId=2, source=0x2002 }
11-05 18:53:15.686  1343  1415 E TaskPersister: File error accessing recents directory (directory doesn't exist?).
11-05 18:53:19.136  1343  1415 E TaskPersister: File error accessing recents directory (directory doesn't exist?).
11-05 18:53:20.467  1343  1957 I ActivityManager: START u0 {act=android.intent.action.MAIN cat=[android.intent.category.TEST] cmp=com.android.development/.ConfigurationViewer} from uid 10047 on display 0
11-05 18:53:20.490  4648  4648 D ConfigurationViewer: Configuration
11-05 18:53:20.490  4648  4648 D ConfigurationViewer: 
11-05 18:53:20.490  4648  4648 D ConfigurationViewer: fontScale=1.0
11-05 18:53:20.490  4648  4648 D ConfigurationViewer: hardKeyboardHidden=1
11-05 18:53:20.490  4648  4648 D ConfigurationViewer: keyboard=2
11-05 18:53:20.490  4648  4648 D ConfigurationViewer: locale=en_US
11-05 18:53:20.490  4648  4648 D ConfigurationViewer: mcc=0
11-05 18:53:20.490  4648  4648 D ConfigurationViewer: mnc=0
11-05 18:53:20.490  4648  4648 D ConfigurationViewer: navigation=1
11-05 18:53:20.490  4648  4648 D ConfigurationViewer: navigationHidden=2
11-05 18:53:20.490  4648  4648 D ConfigurationViewer: orientation=2
11-05 18:53:20.490  4648  4648 D ConfigurationViewer: screenLayout=0x10000154
11-05 18:53:20.490  4648  4648 D ConfigurationViewer: touchscreen=1
11-05 18:53:20.490  4648  4648 D ConfigurationViewer: uiMode=0x11
11-05 18:53:20.490  4648  4648 D ConfigurationViewer: 
11-05 18:53:20.490  4648  4648 D ConfigurationViewer: DisplayMetrics
11-05 18:53:20.490  4648  4648 D ConfigurationViewer: 
11-05 18:53:20.490  4648  4648 D ConfigurationViewer: density=1.0
11-05 18:53:20.490  4648  4648 D ConfigurationViewer: densityDpi=160
11-05 18:53:20.490  4648  4648 D ConfigurationViewer: heightPixels=720
11-05 18:53:20.490  4648  4648 D ConfigurationViewer: scaledDensity=1.0
11-05 18:53:20.490  4648  4648 D ConfigurationViewer: widthPixels=1024
11-05 18:53:20.490  4648  4648 D ConfigurationViewer: xdpi=159.5681
11-05 18:53:20.490  4648  4648 D ConfigurationViewer: ydpi=159.89508
11-05 18:53:20.668  4648  4648 W IInputConnectionWrapper: finishComposingText on inactive InputConnection
11-05 18:53:20.699  4648  4664 D OpenGLRenderer: endAllActiveAnimators on 0x72d3563e8000 (ListView) with handle 0x72d32e32f960
11-05 18:53:21.924  4648  4648 W ViewRootImpl[Development]: Cancelling event due to no window focus: MotionEvent { action=ACTION_CANCEL, actionButton=0, id[0]=0, x[0]=118.582214, y[0]=444.3734, toolType[0]=TOOL_TYPE_MOUSE, buttonState=0, metaState=0, flags=0x0, edgeFlags=0x0, pointerCount=1, historySize=0, eventTime=2702249, downTime=2700665, deviceId=2, source=0x2002 }
11-05 18:53:21.925  4648  4648 W ViewRootImpl[Development]: Cancelling event due to no window focus: MotionEvent { action=ACTION_CANCEL, actionButton=0, id[0]=0, x[0]=118.582214, y[0]=444.3734, toolType[0]=TOOL_TYPE_MOUSE, buttonState=0, metaState=0, flags=0x0, edgeFlags=0x0, pointerCount=1, historySize=0, eventTime=2702249, downTime=2700665, deviceId=2, source=0x2002 }
11-05 18:53:21.925  4648  4648 W ViewRootImpl[Development]: Cancelling event due to no window focus: MotionEvent { action=ACTION_CANCEL, actionButton=0, id[0]=0, x[0]=118.582214, y[0]=444.3734, toolType[0]=TOOL_TYPE_MOUSE, buttonState=0, metaState=0, flags=0x0, edgeFlags=0x0, pointerCount=1, historySize=0, eventTime=2702249, downTime=2700665, deviceId=2, source=0x2002 }
11-05 18:53:21.925  4648  4648 W ViewRootImpl[Development]: Cancelling event due to no window focus: MotionEvent { action=ACTION_CANCEL, actionButton=0, id[0]=0, x[0]=118.582214, y[0]=444.3734, toolType[0]=TOOL_TYPE_MOUSE, buttonState=0, metaState=0, flags=0x0, edgeFlags=0x0, pointerCount=1, historySize=0, eventTime=2702249, downTime=2700665, deviceId=2, source=0x2002 }
11-05 18:53:23.550  1343  1415 E TaskPersister: File error accessing recents directory (directory doesn't exist?).
11-05 18:53:38.662  1073  4086 I chatty  : uid=1041(audioserver) Binder:1073_4 expire 12 lines
11-05 18:53:38.662  1343  1402 I chatty  : uid=1000(system) AudioService expire 10 lines
11-05 18:53:41.458  1083  1083 I netd    : type=1400 audit(0.0:931): avc: denied { read } for scontext=u:r:init:s0 tcontext=u:r:init:s0 tclass=netlink_route_socket permissive=1
11-05 18:53:42.207  1343  1415 E TaskPersister: File error accessing recents directory (directory doesn't exist?).
11-05 18:53:47.651  1064  1064 D gralloc : Avoid registering a buffer in the process that created it. This may cause memory ordering problems.
11-05 18:53:47.651  1064  1064 E Gralloc1On0Adapter: gralloc0 register failed: 1
11-05 18:53:47.651  1064  1064 W GraphicBufferMapper: registerBuffer(0x7d775394c750) failed: 5
11-05 18:53:47.651  1064  1064 E GraphicBuffer: unflatten: registerBuffer failed: Unknown error -5 (5)
11-05 18:53:47.651  1064  1064 E Surface : dequeueBuffer: IGraphicBufferProducer::requestBuffer failed: 5
11-05 18:53:47.652  1343  1957 W WindowManager: Screenshot failure taking screenshot for (1024x768) to layer 21060
11-05 18:53:47.672  4648  4648 W IInputConnectionWrapper: reportFullscreenMode on inexistent InputConnection
11-05 18:53:47.672  4648  4648 W IInputConnectionWrapper: finishComposingText on inactive InputConnection
11-05 18:53:47.838  4648  4664 D OpenGLRenderer: endAllActiveAnimators on 0x72d33b260800 (RippleDrawable) with handle 0x72d32e32f900
11-05 18:53:47.956  1343  1357 I ActivityManager: Killing 2172:android.process.media/u0a12 (adj 906): empty #17
11-05 18:53:47.963  1343  3144 D ActivityManager: cleanUpApplicationRecord -- 2172
11-05 18:53:48.191  1870  1997 W OpenGLRenderer: Incorrectly called buildLayer on View: ShortcutAndWidgetContainer, destroying layer...
11-05 18:53:51.120  1343  1415 E TaskPersister: File error accessing recents directory (directory doesn't exist?).
11-05 18:53:52.094  1343  3144 I ActivityManager: START u0 {act=android.intent.action.MAIN cat=[android.intent.category.LAUNCHER] flg=0x10200000 cmp=com.android.settings/.Settings bnds=[95,647][217,727] (has extras)} from uid 10060 on display 0
11-05 18:53:52.116  1343  1432 I ActivityManager: Killing 3709:com.android.gallery3d/u0a53 (adj 906): empty #17
11-05 18:53:52.127  1343  1355 D ActivityManager: cleanUpApplicationRecord -- 3709
11-05 18:53:52.174  4181  4611 W StorageManager: Could not read /sys/block/mmcblk0/size
11-05 18:53:52.174  4181  4611 W StorageManager: java.io.FileNotFoundException: /sys/block/mmcblk0/size (No such file or directory)
11-05 18:53:52.174  4181  4611 W StorageManager: 	at java.io.FileInputStream.open(Native Method)
11-05 18:53:52.174  4181  4611 W StorageManager: 	at java.io.FileInputStream.<init>(FileInputStream.java:146)
11-05 18:53:52.174  4181  4611 W StorageManager: 	at java.io.FileInputStream.<init>(FileInputStream.java:99)
11-05 18:53:52.174  4181  4611 W StorageManager: 	at android.os.storage.StorageManager.readLong(StorageManager.java:944)
11-05 18:53:52.174  4181  4611 W StorageManager: 	at android.os.storage.StorageManager.getPrimaryStorageSize(StorageManager.java:935)
11-05 18:53:52.174  4181  4611 W StorageManager: 	at com.android.settingslib.deviceinfo.StorageManagerVolumeProvider.getPrimaryStorageSize(StorageManagerVolumeProvider.java:37)
11-05 18:53:52.174  4181  4611 W StorageManager: 	at com.android.settingslib.deviceinfo.PrivateStorageInfo.getPrivateStorageInfo(PrivateStorageInfo.java:40)
11-05 18:53:52.174  4181  4611 W StorageManager: 	at com.android.settings.deviceinfo.StorageSettings$SummaryProvider.updateSummary(StorageSettings.java:513)
11-05 18:53:52.174  4181  4611 W StorageManager: 	at com.android.settings.deviceinfo.StorageSettings$SummaryProvider.setListening(StorageSettings.java:506)
11-05 18:53:52.174  4181  4611 W StorageManager: 	at com.android.settings.dashboard.SummaryLoader.setListeningW(SummaryLoader.java:192)
11-05 18:53:52.174  4181  4611 W StorageManager: 	at com.android.settings.dashboard.SummaryLoader.-wrap2(SummaryLoader.java)
11-05 18:53:52.174  4181  4611 W StorageManager: 	at com.android.settings.dashboard.SummaryLoader$Worker.handleMessage(SummaryLoader.java:253)
11-05 18:53:52.174  4181  4611 W StorageManager: 	at android.os.Handler.dispatchMessage(Handler.java:102)
11-05 18:53:52.174  4181  4611 W StorageManager: 	at android.os.Looper.loop(Looper.java:154)
11-05 18:53:52.174  4181  4611 W StorageManager: 	at android.os.HandlerThread.run(HandlerThread.java:61)
11-05 18:53:52.181  4181  4181 I chatty  : uid=1000(system) com.android.settings expire 11 lines
11-05 18:53:52.262  1343  3144 I ProcessStatsService: Added stats: 2017-11-05-00-50-14, over +30m1s686ms
11-05 18:53:52.305  1507  1507 E PhoneInterfaceManager: [PhoneIntfMgr] queryModemActivityInfo: Empty response
11-05 18:53:52.324  1343  1646 E BatteryStatsService: no controller energy info supplied
11-05 18:53:52.324  1343  1646 E BatteryStatsService: no controller energy info supplied
11-05 18:53:52.338  1343  1646 E KernelCpuSpeedReader: Failed to read cpu-freq: /sys/devices/system/cpu/cpu0/cpufreq/stats/time_in_state (No such file or directory)
11-05 18:53:52.339  1343  1646 E BatteryStatsService: modem info is invalid: ModemActivityInfo{ mTimestamp=0 mSleepTimeMs=0 mIdleTimeMs=0 mTxTimeMs[]=[0, 0, 0, 0, 0] mRxTimeMs=0 mEnergyUsed=0}
11-05 18:53:52.341  4181  4611 I chatty  : uid=1000(system) com.android.settings expire 36 lines
11-05 18:53:52.718  4181  4683 I chatty  : uid=1000(system) com.android.settings expire 1 line
11-05 18:53:54.838  1343  1432 I ActivityManager: START u0 {flg=0x8000 cmp=com.android.settings/.Settings$DevelopmentSettingsActivity (has extras)} from uid 1000 on display 0
11-05 18:53:54.864  1343  1379 I chatty  : uid=1000(system) InputDispatcher expire 9 lines
11-05 18:53:54.892  1343  1432 E UserRestrictionsUtils: Unknown restriction: null
11-05 18:53:54.892  1343  1432 E UserRestrictionsUtils: Unknown restriction: null
11-05 18:53:54.895  1343  1432 D CryptdConnector: SND -> {4 cryptfs isConvertibleToFBE}
11-05 18:53:54.895  1051  1057 D VoldCryptCmdListener: cryptfs isConvertibleToFBE
11-05 18:53:54.895  1343  1383 D CryptdConnector: RCV <- {200 4 0}
11-05 18:53:54.918  4181  4682 I chatty  : uid=1000(system) com.android.settings expire 2 lines
11-05 18:53:54.951  1064  1371 D PermissionCache: checking android.permission.HARDWARE_TEST for uid=1000 => granted (40 us)
11-05 18:53:55.086  4687  4687 I init    : type=1400 audit(0.0:932): avc: denied { execute_no_trans } for path="/system/bin/logcat" dev="sda1" ino=41118 scontext=u:r:init:s0 tcontext=u:object_r:unlabeled:s0 tclass=file permissive=1
11-05 18:53:55.582  1063  1063 E ServiceManager: No service manager audit data
11-05 18:53:55.582  1063  1063 E SELinux : avc:  denied  { list } for  scontext=u:r:system_app:s0 tcontext=u:r:init:s0 tclass=service_manager permissive=1
11-05 18:53:55.623  1063  1063 E SELinux : avc:  denied  { find } for service=netd pid=4181 uid=1000 scontext=u:r:system_app:s0 tcontext=u:object_r:netd_service:s0 tclass=service_manager permissive=1
11-05 18:53:55.880  1343  1415 E TaskPersister: File error accessing recents directory (directory doesn't exist?).
11-05 18:54:00.561  1073  1676 I chatty  : uid=1041(audioserver) Binder:1073_2 expire 65 lines
11-05 18:54:11.007  1343  1402 I chatty  : uid=1000(system) AudioService expire 196 lines
11-05 18:54:19.979  1073  4086 I chatty  : uid=1041(audioserver) Binder:1073_4 expire 232 lines
11-05 18:54:25.702  1343  3144 W InputMethodManagerService: Window already focused, ignoring focus gain of: com.android.internal.view.IInputMethodClient$Stub$Proxy@aa332c3 attribute=null, token = android.os.BinderProxy@e71d73c
11-05 18:54:33.105  1343  1957 W InputMethodManagerService: Window already focused, ignoring focus gain of: com.android.internal.view.IInputMethodClient$Stub$Proxy@ee53fbe attribute=null, token = android.os.BinderProxy@e71d73c
11-05 18:55:08.063  1433  1433 I LatinIME: Starting input. Cursor position = 0,0
11-05 18:55:17.219  1433  1433 I LatinIME: Starting input. Cursor position = -1,-1
11-05 18:55:17.219  1433  1433 I InputAttributes: InputType.TYPE_NULL is specified
11-05 18:55:17.617  1073  4086 I chatty  : uid=1041(audioserver) Binder:1073_4 expire 39 lines
11-05 18:55:17.617  1343  1402 I chatty  : uid=1000(system) AudioService expire 26 lines
11-05 18:55:18.930  1433  1433 I LatinIME: Starting input. Cursor position = 0,0
11-05 18:55:22.202  1433  1433 I LatinIME: Starting input. Cursor position = -1,-1
11-05 18:55:22.202  1433  1433 I InputAttributes: InputType.TYPE_NULL is specified
11-05 18:55:22.571  1433  1433 I LatinIME: Starting input. Cursor position = -1,-1
11-05 18:55:22.571  1433  1433 I InputAttributes: InputType.TYPE_NULL is specified
11-05 18:55:23.183  1064  1064 D gralloc : Avoid registering a buffer in the process that created it. This may cause memory ordering problems.
11-05 18:55:23.183  1064  1064 E Gralloc1On0Adapter: gralloc0 register failed: 1
11-05 18:55:23.183  1064  1064 W GraphicBufferMapper: registerBuffer(0x7d775394cf90) failed: 5
11-05 18:55:23.183  1064  1064 E GraphicBuffer: unflatten: registerBuffer failed: Unknown error -5 (5)
11-05 18:55:23.183  1064  1064 E Surface : dequeueBuffer: IGraphicBufferProducer::requestBuffer failed: 5
11-05 18:55:23.183  1343  1364 I ActivityManager: Config changes=1c00 {1.0 ?mcc?mnc [en_US] ldltr sw960dp w1280dp h870dp 128dpi xlrg land -touch qwerty/v/v -nav/h s.8}
11-05 18:55:23.185  1343  1364 I ActivityManager: Killing 1919:com.google.android.gms.persistent/u0a16 (adj 100): kill all background except
11-05 18:55:23.185  1343  1364 D ActivityManager: cleanUpApplicationRecord -- 1919
11-05 18:55:23.186  1343  1364 W ActivityManager: Scheduling restart of crashed service com.google.android.gms/.clearcut.service.ClearcutLoggerService in 1000ms
11-05 18:55:23.186  1343  1364 W ActivityManager: Scheduling restart of crashed service com.google.android.gms/com.google.android.contextmanager.service.ContextManagerService in 11000ms
11-05 18:55:23.186  1343  1364 W ActivityManager: Scheduling restart of crashed service com.google.android.gms/.deviceconnection.service.DeviceConnectionWatcherService in 21000ms
11-05 18:55:23.186  1343  1364 W ActivityManager: Scheduling restart of crashed service com.google.android.gms/.gcm.GcmService in 31000ms
11-05 18:55:23.186  1343  1364 W ActivityManager: Scheduling restart of crashed service com.google.android.gms/.chimera.PersistentBoundBrokerService in 41000ms
11-05 18:55:23.186  1343  1364 W ActivityManager: Scheduling restart of crashed service com.google.android.gms/com.google.android.location.internal.server.HardwareArProviderService in 51000ms
11-05 18:55:23.186  1343  1364 W ActivityManager: Scheduling restart of crashed service com.google.android.gms/.common.stats.GmsCoreStatsService in 61000ms
11-05 18:55:23.186  1343  1364 W ActivityManager: Scheduling restart of crashed service com.google.android.gms/com.google.android.location.internal.server.GoogleLocationService in 71000ms
11-05 18:55:23.186  1343  1364 W ActivityManager: Scheduling restart of crashed service com.google.android.gms/com.google.android.location.geofencer.service.GeofenceProviderService in 81000ms
11-05 18:55:23.186  1343  1364 W ActivityManager: Scheduling restart of crashed service com.google.android.gms/.auth.setup.devicesignals.LockScreenService in 91000ms
11-05 18:55:23.186  1343  1364 W ActivityManager: Scheduling restart of crashed service com.google.android.gms/com.google.location.nearby.direct.service.NearbyDirectService in 101000ms
11-05 18:55:23.186  1343  1364 W ActivityManager: Scheduling restart of crashed service com.google.android.gms/com.google.android.location.internal.GoogleLocationManagerService in 101000ms
11-05 18:55:23.186  1343  1364 W ActivityManager: Scheduling restart of crashed service com.google.android.gms/com.google.android.location.network.NetworkLocationService in 111000ms
11-05 18:55:23.186  1343  1364 W ActivityManager: Scheduling restart of crashed service com.google.android.gms/com.google.android.location.geocode.GeocodeService in 121000ms
11-05 18:55:23.186  1343  1364 W ActivityManager: Scheduling restart of crashed service com.google.android.gms/.pseudonymous.service.PseudonymousIdService in 131000ms
11-05 18:55:23.186  1343  1364 W ActivityManager: Scheduling restart of crashed service com.google.android.gms/.nearby.messages.service.NearbyMessagesService in 141000ms
11-05 18:55:23.186  1343  1364 W ActivityManager: Scheduling restart of crashed service com.google.android.gms/com.google.android.location.fused.FusedLocationService in 151000ms
11-05 18:55:23.187  1343  1364 I ActivityManager: Killing 1870:com.android.launcher3/u0a60 (adj 600): kill all background except
11-05 18:55:23.187  1343  1364 D ActivityManager: cleanUpApplicationRecord -- 1870
11-05 18:55:23.190  1343  1364 I ActivityManager: Killing 3444:com.android.chrome:privileged_process0/u0a44 (adj 901): kill all background except
11-05 18:55:23.190  1343  1364 D ActivityManager: cleanUpApplicationRecord -- 3444
11-05 18:55:23.190  1343  1364 W ActivityManager: Scheduling restart of crashed service com.android.chrome/org.chromium.content.app.PrivilegedProcessService0 in 160995ms
11-05 18:55:23.212  1343  1364 I ActivityManager: Killing 4051:com.google.android.gms.unstable/u0a16 (adj 902): kill all background except
11-05 18:55:23.212  1343  1364 D ActivityManager: cleanUpApplicationRecord -- 4051
11-05 18:55:23.213  1343  1364 I ActivityManager: Killing 3382:com.android.chrome/u0a44 (adj 901): kill all background except
11-05 18:55:23.213  1343  1364 D ActivityManager: cleanUpApplicationRecord -- 3382
11-05 18:55:23.216  3530  3530 I dboxed_process1: type=1400 audit(0.0:933): avc: denied { sendto } for path="/dev/socket/logdw" scontext=u:r:isolated_app:s0:c512,c768 tcontext=u:r:init:s0 tclass=unix_dgram_socket permissive=1
11-05 18:55:23.216  3530  3530 I cr_ChildProcessService: Destroying ChildProcessService pid=3530
11-05 18:55:23.217  1343  1364 I ActivityManager: Killing 2052:com.google.android.gms/u0a16 (adj 900): kill all background except
11-05 18:55:23.217  1343  1364 D ActivityManager: cleanUpApplicationRecord -- 2052
11-05 18:55:23.217  1343  1364 I ActivityManager: Killing 1433:com.android.inputmethod.latin/u0a59 (adj 200): kill all background except
11-05 18:55:23.218  1343  1364 D ActivityManager: cleanUpApplicationRecord -- 1433
11-05 18:55:23.218  1343  1364 W ActivityManager: Scheduling restart of crashed service com.android.inputmethod.latin/.LatinIME in 160968ms
11-05 18:55:23.218  1343  1364 I ActivityManager: Killing 3530:com.android.chrome:sandboxed_process1/u0a44i1 (adj 0): kill all background except
11-05 18:55:23.218  1343  1364 D ActivityManager: cleanUpApplicationRecord -- 3530
11-05 18:55:23.218  1343  1360 E KernelCpuSpeedReader: Failed to read cpu-freq: /sys/devices/system/cpu/cpu0/cpufreq/stats/time_in_state (No such file or directory)
11-05 18:55:23.276  1343  1432 W ActivityManager: Service done with onDestroy, but not inDestroying: ServiceRecord{2ca727f u0 com.android.chrome/org.chromium.content.app.SandboxedProcessService1}, app=ProcessRecord{8c5d77 0:com.android.chrome:sandboxed_process1/u0a44i1}
11-05 18:55:23.277  1768  1768 I earchbox:search: type=1400 audit(0.0:934): avc: denied { read } for scontext=u:r:priv_app:s0:c512,c768 tcontext=u:r:init:s0 tclass=unix_stream_socket permissive=1
11-05 18:55:23.280  1343  1364 W DisplayManagerService: Failed to notify process 3382 that displays changed, assuming it died.
11-05 18:55:23.280  1343  1364 W DisplayManagerService: android.os.DeadObjectException
11-05 18:55:23.280  1343  1364 W DisplayManagerService: 	at android.os.BinderProxy.transactNative(Native Method)
11-05 18:55:23.280  1343  1364 W DisplayManagerService: 	at android.os.BinderProxy.transact(Binder.java:615)
11-05 18:55:23.280  1343  1364 W DisplayManagerService: 	at android.hardware.display.IDisplayManagerCallback$Stub$Proxy.onDisplayEvent(IDisplayManagerCallback.java:81)
11-05 18:55:23.280  1343  1364 W DisplayManagerService: 	at com.android.server.display.DisplayManagerService$CallbackRecord.notifyDisplayEventAsync(DisplayManagerService.java:1205)
11-05 18:55:23.280  1343  1364 W DisplayManagerService: 	at com.android.server.display.DisplayManagerService.deliverDisplayEvent(DisplayManagerService.java:1039)
11-05 18:55:23.280  1343  1364 W DisplayManagerService: 	at com.android.server.display.DisplayManagerService.-wrap6(DisplayManagerService.java)
11-05 18:55:23.280  1343  1364 W DisplayManagerService: 	at com.android.server.display.DisplayManagerService$DisplayManagerHandler.handleMessage(DisplayManagerService.java:1138)
11-05 18:55:23.280  1343  1364 W DisplayManagerService: 	at android.os.Handler.dispatchMessage(Handler.java:102)
11-05 18:55:23.280  1343  1364 W DisplayManagerService: 	at android.os.Looper.loop(Looper.java:154)
11-05 18:55:23.280  1343  1364 W DisplayManagerService: 	at android.os.HandlerThread.run(HandlerThread.java:61)
11-05 18:55:23.280  1343  1364 W DisplayManagerService: 	at com.android.server.ServiceThread.run(ServiceThread.java:46)
11-05 18:55:23.280  1343  1364 I ActivityManager: Config changes=400 {1.0 ?mcc?mnc [en_US] ldltr sw960dp w1280dp h880dp 128dpi xlrg land -touch qwerty/v/v -nav/h s.9}
