11-05 18:35:33.923  1343  1415 E TaskPersister: File error accessing recents directory (directory doesn't exist?).
11-05 18:35:34.718  1768  1768 W ViewRootImpl[OptInActivityWithAnimation]: Cancelling event due to no window focus: KeyEvent { action=ACTION_UP, keyCode=KEYCODE_ESCAPE, scanCode=1, metaState=0, flags=0x28, repeatCount=0, eventTime=1633574, downTime=1633451, deviceId=3, source=0x101 }
11-05 18:35:34.718  1768  1768 W ViewRootImpl[OptInActivityWithAnimation]: Cancelling event due to no window focus: KeyEvent { action=ACTION_UP, keyCode=KEYCODE_ESCAPE, scanCode=1, metaState=0, flags=0x28, repeatCount=0, eventTime=1633574, downTime=1633451, deviceId=3, source=0x101 }
11-05 18:35:34.718  1768  1768 W ViewRootImpl[OptInActivityWithAnimation]: Cancelling event due to no window focus: KeyEvent { action=ACTION_UP, keyCode=KEYCODE_ESCAPE, scanCode=1, metaState=0, flags=0x28, repeatCount=0, eventTime=1633574, downTime=1633451, deviceId=3, source=0x101 }
11-05 18:35:34.718  1768  1768 W ViewRootImpl[OptInActivityWithAnimation]: Cancelling event due to no window focus: KeyEvent { action=ACTION_UP, keyCode=KEYCODE_ESCAPE, scanCode=1, metaState=0, flags=0x28, repeatCount=0, eventTime=1633574, downTime=1633451, deviceId=3, source=0x101 }
11-05 18:35:34.718  1768  1768 W ViewRootImpl[OptInActivityWithAnimation]: Cancelling event due to no window focus: KeyEvent { action=ACTION_UP, keyCode=KEYCODE_ESCAPE, scanCode=1, metaState=0, flags=0x28, repeatCount=0, eventTime=1633574, downTime=1633451, deviceId=3, source=0x101 }
11-05 18:35:34.718  1768  1768 W ViewRootImpl[OptInActivityWithAnimation]: Cancelling event due to no window focus: KeyEvent { action=ACTION_UP, keyCode=KEYCODE_ESCAPE, scanCode=1, metaState=0, flags=0x28, repeatCount=0, eventTime=1633574, downTime=1633451, deviceId=3, source=0x101 }
11-05 18:35:34.718  1768  1768 W ViewRootImpl[OptInActivityWithAnimation]: Cancelling event due to no window focus: KeyEvent { action=ACTION_UP, keyCode=KEYCODE_ESCAPE, scanCode=1, metaState=0, flags=0x28, repeatCount=0, eventTime=1633574, downTime=1633451, deviceId=3, source=0x101 }
11-05 18:35:34.718  1768  1768 W ViewRootImpl[OptInActivityWithAnimation]: Cancelling event due to no window focus: KeyEvent { action=ACTION_UP, keyCode=KEYCODE_ESCAPE, scanCode=1, metaState=0, flags=0x28, repeatCount=0, eventTime=1633574, downTime=1633451, deviceId=3, source=0x101 }
11-05 18:35:34.718  1768  1768 W ViewRootImpl[OptInActivityWithAnimation]: Cancelling event due to no window focus: KeyEvent { action=ACTION_UP, keyCode=KEYCODE_ESCAPE, scanCode=1, metaState=0, flags=0x28, repeatCount=0, eventTime=1633574, downTime=1633451, deviceId=3, source=0x101 }
11-05 18:35:35.774  1343  1955 I ActivityManager: Start proc 4051:com.google.android.gms.unstable/u0a16 for service com.google.android.gms/.droidguard.DroidGuardService
11-05 18:35:36.285  1343  1954 W WindowManager: Screenshot failure taking screenshot for (1024x768) to layer 21030
11-05 18:35:39.023  1438  1438 D ViewRootImpl[NavigationBar]: updatePointerIcon called with position out of bounds
11-05 18:35:40.077  1343  1415 E TaskPersister: File error accessing recents directory (directory doesn't exist?).
11-05 18:36:12.753  1343  1354 I ActivityManager: START u0 {flg=0x10000000 cmp=com.android.settings/.cyanogenmod.superuser.RequestActivity (has extras)} from uid 0 on display 0
11-05 18:36:12.766  1343  3762 I ActivityManager: Start proc 4141:com.android.settings:superuser/1000 for activity com.android.settings/.cyanogenmod.superuser.RequestActivity
11-05 18:36:12.779  1343  3762 I ActivityManager: START u0 {flg=0x10800000 cmp=com.android.settings/.cyanogenmod.superuser.MultitaskSuRequestActivity (has extras)} from uid 1000 on display 0
11-05 18:36:19.719  1343  1955 W WindowManager: Screenshot failure taking screenshot for (1024x768) to layer 21035
11-05 18:36:20.017  1343  1357 I ActivityManager: Start proc 4181:com.android.settings/1000 for broadcast com.android.settings/.cyanogenmod.superuser.SuReceiver
11-05 18:36:22.295  1343  1343 W WindowManager: Attempted to remove non-existing token: android.os.Binder@7475629
11-05 18:36:22.296  1343  1343 I ActivityManager: Killing 2328:com.android.providers.calendar/u0a3 (adj 906): empty #17
11-05 18:36:22.303  1343  3808 D ActivityManager: cleanUpApplicationRecord -- 2328
11-05 18:36:22.775  1343  1415 E TaskPersister: File error accessing recents directory (directory doesn't exist?).
11-05 18:36:35.605  1343  3808 I ActivityManager: START u0 {act=android.intent.action.ASSIST flg=0x10108000 cmp=com.google.android.googlequicksearchbox/com.google.android.apps.gsa.searchnow.SearchNowActivity (has extras)} from uid 10032 on display 0
11-05 18:36:35.673  1343  3808 W WindowManager: Screenshot failure taking screenshot for (1024x768) to layer 21035
11-05 18:36:36.093  1343  3762 I ActivityManager: START u0 {cmp=com.google.android.googlequicksearchbox/com.google.android.apps.gsa.sidekick.main.optin.animation.OptInActivityWithAnimation (has extras)} from uid 10032 on display 0
11-05 18:36:37.009  1343  1663 W WindowManager: Screenshot failure taking screenshot for (1024x768) to layer 21035
11-05 18:36:37.012  1343  1955 I ActivityManager: Activity reported stop, but no longer stopping: ActivityRecord{5d95165 u0 com.termux/.app.TermuxActivity t37}
11-05 18:36:37.034  1343  1354 D WindowManager: relayoutVisibleWindow: Window{1d1eb78 u0 com.termux/com.termux.app.TermuxActivity EXITING} mAnimatingExit=true, mRemoveOnExit=false, mDestroying=false
11-05 18:36:39.993  1343  1415 E TaskPersister: File error accessing recents directory (directory doesn't exist?).
11-05 18:37:14.389  1343  1663 W WindowManager: Screenshot failure taking screenshot for (1024x768) to layer 21045
11-05 18:37:14.422  1768  1768 W ViewRootImpl[OptInActivityWithAnimation]: Cancelling event due to no window focus: KeyEvent { action=ACTION_UP, keyCode=KEYCODE_TAB, scanCode=15, metaState=0, flags=0x28, repeatCount=0, eventTime=1734703, downTime=1734613, deviceId=3, source=0x101 }
11-05 18:37:14.422  1768  1768 W ViewRootImpl[OptInActivityWithAnimation]: Cancelling event due to no window focus: KeyEvent { action=ACTION_UP, keyCode=KEYCODE_TAB, scanCode=15, metaState=0, flags=0x28, repeatCount=0, eventTime=1734703, downTime=1734613, deviceId=3, source=0x101 }
11-05 18:37:14.422  1768  1768 W ViewRootImpl[OptInActivityWithAnimation]: Cancelling event due to no window focus: KeyEvent { action=ACTION_UP, keyCode=KEYCODE_TAB, scanCode=15, metaState=0, flags=0x28, repeatCount=0, eventTime=1734703, downTime=1734613, deviceId=3, source=0x101 }
11-05 18:37:14.422  1768  1768 W ViewRootImpl[OptInActivityWithAnimation]: Cancelling event due to no window focus: KeyEvent { action=ACTION_UP, keyCode=KEYCODE_TAB, scanCode=15, metaState=0, flags=0x28, repeatCount=0, eventTime=1734703, downTime=1734613, deviceId=3, source=0x101 }
11-05 18:37:14.422  1768  1768 W ViewRootImpl[OptInActivityWithAnimation]: Cancelling event due to no window focus: KeyEvent { action=ACTION_UP, keyCode=KEYCODE_TAB, scanCode=15, metaState=0, flags=0x28, repeatCount=0, eventTime=1734703, downTime=1734613, deviceId=3, source=0x101 }
11-05 18:37:14.422  1768  1768 W ViewRootImpl[OptInActivityWithAnimation]: Cancelling event due to no window focus: KeyEvent { action=ACTION_UP, keyCode=KEYCODE_TAB, scanCode=15, metaState=0, flags=0x28, repeatCount=0, eventTime=1734703, downTime=1734613, deviceId=3, source=0x101 }
11-05 18:37:14.422  1768  1768 W ViewRootImpl[OptInActivityWithAnimation]: Cancelling event due to no window focus: KeyEvent { action=ACTION_UP, keyCode=KEYCODE_TAB, scanCode=15, metaState=0, flags=0x28, repeatCount=0, eventTime=1734703, downTime=1734613, deviceId=3, source=0x101 }
11-05 18:37:14.422  1768  1768 W ViewRootImpl[OptInActivityWithAnimation]: Cancelling event due to no window focus: KeyEvent { action=ACTION_UP, keyCode=KEYCODE_TAB, scanCode=15, metaState=0, flags=0x28, repeatCount=0, eventTime=1734703, downTime=1734613, deviceId=3, source=0x101 }
11-05 18:37:14.422  1768  1768 W ViewRootImpl[OptInActivityWithAnimation]: Cancelling event due to no window focus: KeyEvent { action=ACTION_UP, keyCode=KEYCODE_TAB, scanCode=15, metaState=0, flags=0x28, repeatCount=0, eventTime=1734703, downTime=1734613, deviceId=3, source=0x101 }
11-05 18:37:15.252  1343  1663 W WindowManager: Screenshot failure taking screenshot for (1024x768) to layer 21040
11-05 18:37:15.272  3925  3925 W ViewRootImpl[TermuxActivity]: Cancelling event due to no window focus: KeyEvent { action=ACTION_UP, keyCode=KEYCODE_TAB, scanCode=15, metaState=0, flags=0x28, repeatCount=0, eventTime=1735598, downTime=1735467, deviceId=3, source=0x101 }
11-05 18:37:15.272  3925  3925 W ViewRootImpl[TermuxActivity]: Cancelling event due to no window focus: KeyEvent { action=ACTION_UP, keyCode=KEYCODE_TAB, scanCode=15, metaState=0, flags=0x28, repeatCount=0, eventTime=1735598, downTime=1735467, deviceId=3, source=0x101 }
11-05 18:37:15.272  3925  3925 W ViewRootImpl[TermuxActivity]: Cancelling event due to no window focus: KeyEvent { action=ACTION_UP, keyCode=KEYCODE_TAB, scanCode=15, metaState=0, flags=0x28, repeatCount=0, eventTime=1735598, downTime=1735467, deviceId=3, source=0x101 }
11-05 18:37:15.272  3925  3925 W ViewRootImpl[TermuxActivity]: Cancelling event due to no window focus: KeyEvent { action=ACTION_UP, keyCode=KEYCODE_TAB, scanCode=15, metaState=0, flags=0x28, repeatCount=0, eventTime=1735598, downTime=1735467, deviceId=3, source=0x101 }
11-05 18:37:15.272  3925  3925 W ViewRootImpl[TermuxActivity]: Cancelling event due to no window focus: KeyEvent { action=ACTION_UP, keyCode=KEYCODE_TAB, scanCode=15, metaState=0, flags=0x28, repeatCount=0, eventTime=1735598, downTime=1735467, deviceId=3, source=0x101 }
11-05 18:37:15.272  3925  3925 W ViewRootImpl[TermuxActivity]: Cancelling event due to no window focus: KeyEvent { action=ACTION_UP, keyCode=KEYCODE_TAB, scanCode=15, metaState=0, flags=0x28, repeatCount=0, eventTime=1735598, downTime=1735467, deviceId=3, source=0x101 }
11-05 18:37:18.078  1343  1415 E TaskPersister: File error accessing recents directory (directory doesn't exist?).
11-05 18:37:35.560  1768  1768 W ViewRootImpl[OptInActivityWithAnimation]: Cancelling event due to no window focus: MotionEvent { action=ACTION_CANCEL, actionButton=0, id[0]=0, x[0]=1023.0, y[0]=194.5, toolType[0]=TOOL_TYPE_MOUSE, buttonState=0, metaState=0, flags=0x0, edgeFlags=0x0, pointerCount=1, historySize=0, eventTime=1755885, downTime=1637798, deviceId=2, source=0x2002 }
11-05 18:37:35.560  1768  1768 W ViewRootImpl[OptInActivityWithAnimation]: Cancelling event due to no window focus: MotionEvent { action=ACTION_CANCEL, actionButton=0, id[0]=0, x[0]=1023.0, y[0]=194.5, toolType[0]=TOOL_TYPE_MOUSE, buttonState=0, metaState=0, flags=0x0, edgeFlags=0x0, pointerCount=1, historySize=0, eventTime=1755885, downTime=1637798, deviceId=2, source=0x2002 }
11-05 18:37:35.560  1768  1768 W ViewRootImpl[OptInActivityWithAnimation]: Cancelling event due to no window focus: MotionEvent { action=ACTION_CANCEL, actionButton=0, id[0]=0, x[0]=1023.0, y[0]=194.5, toolType[0]=TOOL_TYPE_MOUSE, buttonState=0, metaState=0, flags=0x0, edgeFlags=0x0, pointerCount=1, historySize=0, eventTime=1755885, downTime=1637798, deviceId=2, source=0x2002 }
11-05 18:37:35.560  1768  1768 W ViewRootImpl[OptInActivityWithAnimation]: Cancelling event due to no window focus: MotionEvent { action=ACTION_CANCEL, actionButton=0, id[0]=0, x[0]=1023.0, y[0]=194.5, toolType[0]=TOOL_TYPE_MOUSE, buttonState=0, metaState=0, flags=0x0, edgeFlags=0x0, pointerCount=1, historySize=0, eventTime=1755885, downTime=1637798, deviceId=2, source=0x2002 }
11-05 18:37:40.160  3925  3925 D ViewRootImpl[TermuxActivity]: updatePointerIcon called with position out of bounds
11-05 18:37:40.175  3925  3925 D ViewRootImpl[TermuxActivity]: updatePointerIcon called with position out of bounds
11-05 18:37:40.208  3925  3925 D ViewRootImpl[TermuxActivity]: updatePointerIcon called with position out of bounds
11-05 18:37:43.804  1343  3808 I ActivityManager: START u0 {cmp=com.termux.styling/.TermuxStyleActivity} from uid 10075 on display 0
11-05 18:37:44.753  3925  3925 D ViewRootImpl[TermuxActivity]: updatePointerIcon called with position out of bounds
11-05 18:37:44.758  3925  3925 D ViewRootImpl[TermuxActivity]: updatePointerIcon called with position out of bounds
11-05 18:37:44.807  3925  3925 D ViewRootImpl[TermuxActivity]: updatePointerIcon called with position out of bounds
11-05 18:37:44.840  3925  3925 D ViewRootImpl[TermuxActivity]: updatePointerIcon called with position out of bounds
11-05 18:37:44.858  3925  3925 D ViewRootImpl[TermuxActivity]: updatePointerIcon called with position out of bounds
11-05 18:37:44.928  3925  3925 D ViewRootImpl[TermuxActivity]: updatePointerIcon called with position out of bounds
11-05 18:37:44.957  3925  3925 D ViewRootImpl[TermuxActivity]: updatePointerIcon called with position out of bounds
11-05 18:37:44.991  3925  3925 D ViewRootImpl[TermuxActivity]: updatePointerIcon called with position out of bounds
11-05 18:37:45.050  3925  3925 D ViewRootImpl[TermuxActivity]: updatePointerIcon called with position out of bounds
11-05 18:37:45.074  3925  3925 D ViewRootImpl[TermuxActivity]: updatePointerIcon called with position out of bounds
11-05 18:37:45.124  3925  3925 D ViewRootImpl[TermuxActivity]: updatePointerIcon called with position out of bounds
11-05 18:37:46.675  1343  1663 I ActivityManager: START u0 {act=android.intent.action.VIEW dat=http://play.google.com/... cmp=android/com.android.internal.app.ResolverActivity} from uid 10075 on display 0
11-05 18:37:46.754  1343  1663 I ActivityManager: Start proc 4217:system:ui/1000 for activity android/com.android.internal.app.ResolverActivity
11-05 18:37:46.806  1343  1354 W ActivityManager: Slow operation: 51ms so far, now at attachApplicationLocked: after mServices.attachApplicationLocked
11-05 18:37:56.006  1343  1354 I PackageManager: Setting last chosen activity com.android.chrome/com.google.android.apps.chrome.Main for user 0:
11-05 18:37:56.007  1343  1354 I ActivityManager: START u0 {act=android.intent.action.VIEW dat=http://play.google.com/... flg=0x3000000 cmp=com.android.chrome/com.google.android.apps.chrome.Main} from uid 10075 on display 0
11-05 18:37:56.104  1343  3808 I ActivityManager: START u0 {act=android.intent.action.VIEW dat=http://play.google.com/... flg=0x14002000 cmp=com.android.chrome/org.chromium.chrome.browser.ChromeTabbedActivity (has extras)} from uid 10044 on display 0
11-05 18:37:56.285  1343  3762 I ActivityManager: Start proc 4240:com.android.chrome:sandboxed_process2/u0i2 for service com.android.chrome/org.chromium.content.app.SandboxedProcessService2
11-05 18:38:00.206  1343  1415 E TaskPersister: File error accessing recents directory (directory doesn't exist?).
11-05 18:38:19.715  1343  1360 E BatteryStatsService: no controller energy info supplied
11-05 18:38:19.715  1343  1360 E BatteryStatsService: no controller energy info supplied
11-05 18:38:19.717  1343  1360 E KernelCpuSpeedReader: Failed to read cpu-freq: /sys/devices/system/cpu/cpu0/cpufreq/stats/time_in_state (No such file or directory)
11-05 18:38:19.719  1343  1360 E BatteryStatsService: modem info is invalid: ModemActivityInfo{ mTimestamp=0 mSleepTimeMs=0 mIdleTimeMs=0 mTxTimeMs[]=[0, 0, 0, 0, 0] mRxTimeMs=0 mEnergyUsed=0}
11-05 18:38:25.010  1343  3808 I ActivityManager: Start proc 4294:com.android.chrome:sandboxed_process3/u0i3 for service com.android.chrome/org.chromium.content.app.SandboxedProcessService3
11-05 18:38:30.087  1343  3808 W ActivityManager: Exception when unbinding service com.android.chrome/org.chromium.content.app.SandboxedProcessService2
11-05 18:38:30.087  1343  3808 W ActivityManager: android.os.DeadObjectException
11-05 18:38:30.087  1343  3808 W ActivityManager: 	at android.os.BinderProxy.transactNative(Native Method)
11-05 18:38:30.087  1343  3808 W ActivityManager: 	at android.os.BinderProxy.transact(Binder.java:615)
11-05 18:38:30.087  1343  3808 W ActivityManager: 	at android.app.ApplicationThreadProxy.scheduleUnbindService(ApplicationThreadNative.java:1016)
11-05 18:38:30.087  1343  3808 W ActivityManager: 	at com.android.server.am.ActiveServices.removeConnectionLocked(ActiveServices.java:2175)
11-05 18:38:30.087  1343  3808 W ActivityManager: 	at com.android.server.am.ActiveServices.unbindServiceLocked(ActiveServices.java:1163)
11-05 18:38:30.087  1343  3808 W ActivityManager: 	at com.android.server.am.ActivityManagerService.unbindService(ActivityManagerService.java:17341)
11-05 18:38:30.087  1343  3808 W ActivityManager: 	at android.app.ActivityManagerNative.onTransact(ActivityManagerNative.java:1145)
11-05 18:38:30.087  1343  3808 W ActivityManager: 	at com.android.server.am.ActivityManagerService.onTransact(ActivityManagerService.java:2806)
11-05 18:38:30.087  1343  3808 W ActivityManager: 	at android.os.Binder.execTransact(Binder.java:565)
11-05 18:38:30.087  1343  3808 I ActivityManager: Killing 3561:com.android.providers.partnerbookmarks/u0a64 (adj 906): empty #17
11-05 18:38:30.166  1343  3808 D ActivityManager: cleanUpApplicationRecord -- 3561
11-05 18:38:30.166  1343  3808 I ActivityManager: Killing 4240:com.android.chrome:sandboxed_process2/u0a44i2 (adj 900): isolated not needed
11-05 18:38:30.187  1343  3808 D ActivityManager: cleanUpApplicationRecord -- 4240
11-05 18:38:30.221  1343  1360 E KernelCpuSpeedReader: Failed to read cpu-freq: /sys/devices/system/cpu/cpu0/cpufreq/stats/time_in_state (No such file or directory)
11-05 18:39:00.003  1343  1357 I ProcessStatsService: Prepared write state in 1ms
11-05 18:39:11.481  1343  3762 I ActivityManager: Process com.android.chrome:sandboxed_process3 (pid 4294) has died
11-05 18:39:11.481  1343  3762 D ActivityManager: cleanUpApplicationRecord -- 4294
11-05 18:39:11.481  1343  3762 W ActivityManager: Scheduling restart of crashed service com.android.chrome/org.chromium.content.app.SandboxedProcessService3 in 1000ms
11-05 18:39:11.482  1343  1360 E KernelCpuSpeedReader: Failed to read cpu-freq: /sys/devices/system/cpu/cpu0/cpufreq/stats/time_in_state (No such file or directory)
11-05 18:39:27.773  1343  3762 W WindowManager: Screenshot failure taking screenshot for (1024x768) to layer 21035
11-05 18:39:30.849  1343  1415 E TaskPersister: File error accessing recents directory (directory doesn't exist?).
--------- beginning of main
11-05 18:41:37.664  3925  3930 I art     : Do partial code cache collection, code=56KB, data=43KB
11-05 18:41:37.664  3925  3930 I art     : After code cache collection, code=51KB, data=40KB
11-05 18:41:37.664  3925  3930 I art     : Increasing code cache capacity to 256KB
11-05 18:41:39.854  4354  4354 I bash    : type=1400 audit(0.0:717): avc: denied { execute } for name="linker64" dev="sda1" ino=41113 scontext=u:r:untrusted_app:s0:c512,c768 tcontext=u:object_r:unlabeled:s0 tclass=file permissive=1
11-05 18:41:39.856  4354  4354 I apt     : type=1400 audit(0.0:718): avc: denied { getattr } for path="/system" dev="sda1" ino=32775 scontext=u:r:untrusted_app:s0:c512,c768 tcontext=u:object_r:unlabeled:s0 tclass=dir permissive=1
11-05 18:41:56.721  4402  4402 I ls      : type=1400 audit(0.0:719): avc: denied { getattr } for path="/ueventd.rc" dev="tmpfs" ino=4380 scontext=u:r:untrusted_app:s0:c512,c768 tcontext=u:object_r:tmpfs:s0 tclass=file permissive=1
11-05 18:42:04.385  1343  1663 I chatty  : uid=1000(system) Binder:1343_6 expire 24 lines
11-05 18:42:42.973  4429  4429 I tree    : type=1400 audit(0.0:720): avc: denied { read } for name="/" dev="cgroup" ino=1 scontext=u:r:untrusted_app:s0:c512,c768 tcontext=u:object_r:cgroup:s0 tclass=dir permissive=1
11-05 18:42:42.973  4429  4429 I tree    : type=1400 audit(0.0:721): avc: denied { open } for path="/acct" dev="cgroup" ino=1 scontext=u:r:untrusted_app:s0:c512,c768 tcontext=u:object_r:cgroup:s0 tclass=dir permissive=1
11-05 18:42:42.975  4429  4429 I tree    : type=1400 audit(0.0:722): avc: denied { read } for name="/" dev="configfs" ino=5202 scontext=u:r:untrusted_app:s0:c512,c768 tcontext=u:object_r:configfs:s0 tclass=dir permissive=1
11-05 18:42:42.975  4429  4429 I tree    : type=1400 audit(0.0:723): avc: denied { open } for path="/config" dev="configfs" ino=5202 scontext=u:r:untrusted_app:s0:c512,c768 tcontext=u:object_r:configfs:s0 tclass=dir permissive=1
11-05 18:42:42.975  4429  4429 I tree    : type=1400 audit(0.0:724): avc: denied { getattr } for path="/config/sdcardfs/remove_userid" dev="configfs" ino=35629 scontext=u:r:untrusted_app:s0:c512,c768 tcontext=u:object_r:configfs:s0 tclass=file permissive=1
11-05 18:42:42.975  4429  4429 I tree    : type=1400 audit(0.0:725): avc: denied { read } for name="/" dev="tmpfs" ino=5138 scontext=u:r:untrusted_app:s0:c512,c768 tcontext=u:object_r:device:s0 tclass=dir permissive=1
11-05 18:42:42.976  4429  4429 I tree    : type=1400 audit(0.0:726): avc: denied { open } for path="/dev" dev="tmpfs" ino=5138 scontext=u:r:untrusted_app:s0:c512,c768 tcontext=u:object_r:device:s0 tclass=dir permissive=1
11-05 18:42:42.976  4429  4429 I tree    : type=1400 audit(0.0:727): avc: denied { getattr } for path="/dev/cpu2" dev="tmpfs" ino=17978 scontext=u:r:untrusted_app:s0:c512,c768 tcontext=u:object_r:device:s0 tclass=chr_file permissive=1
11-05 18:42:42.976  4429  4429 I tree    : type=1400 audit(0.0:728): avc: denied { getattr } for path="/dev/vcsa63" dev="tmpfs" ino=17879 scontext=u:r:untrusted_app:s0:c512,c768 tcontext=u:object_r:vcs_device:s0 tclass=chr_file permissive=1
11-05 18:42:42.976  4429  4429 I tree    : type=1400 audit(0.0:729): avc: denied { getattr } for path="/dev/fscklogs" dev="tmpfs" ino=5266 scontext=u:r:untrusted_app:s0:c512,c768 tcontext=u:object_r:fscklogs:s0 tclass=dir permissive=1
11-05 18:42:42.976  4429  4429 I tree    : type=1400 audit(0.0:730): avc: denied { getattr } for path="/dev/tty3" dev="tmpfs" ino=4554 scontext=u:r:untrusted_app:s0:c512,c768 tcontext=u:object_r:tty_device:s0 tclass=chr_file permissive=1
11-05 18:42:42.976  4429  4429 I tree    : type=1400 audit(0.0:731): avc: denied { getattr } for path="/dev/console" dev="tmpfs" ino=4497 scontext=u:r:untrusted_app:s0:c512,c768 tcontext=u:object_r:console_device:s0 tclass=chr_file permissive=1
11-05 18:42:42.976  4429  4429 I tree    : type=1400 audit(0.0:732): avc: denied { getattr } for path="/dev/uhid" dev="tmpfs" ino=4485 scontext=u:r:untrusted_app:s0:c512,c768 tcontext=u:object_r:uhid_device:s0 tclass=chr_file permissive=1
11-05 18:42:42.976  4429  4429 I tree    : type=1400 audit(0.0:733): avc: denied { getattr } for path="/dev/fuse" dev="tmpfs" ino=4482 scontext=u:r:untrusted_app:s0:c512,c768 tcontext=u:object_r:fuse_device:s0 tclass=chr_file permissive=1
11-05 18:42:42.976  4429  4429 I tree    : type=1400 audit(0.0:734): avc: denied { getattr } for path="/dev/device-mapper" dev="tmpfs" ino=4477 scontext=u:r:untrusted_app:s0:c512,c768 tcontext=u:object_r:dm_device:s0 tclass=chr_file permissive=1
11-05 18:42:42.976  4429  4429 I tree    : type=1400 audit(0.0:735): avc: denied { getattr } for path="/dev/full" dev="tmpfs" ino=4462 scontext=u:r:untrusted_app:s0:c512,c768 tcontext=u:object_r:full_device:s0 tclass=chr_file permissive=1
11-05 18:42:42.976  4429  4429 I tree    : type=1400 audit(0.0:736): avc: denied { getattr } for path="/dev/kmsg" dev="tmpfs" ino=4461 scontext=u:r:untrusted_app:s0:c512,c768 tcontext=u:object_r:kmsg_device:s0 tclass=chr_file permissive=1
11-05 18:42:42.976  4429  4429 I tree    : type=1400 audit(0.0:737): avc: denied { getattr } for path="/dev/mem" dev="tmpfs" ino=4458 scontext=u:r:untrusted_app:s0:c512,c768 tcontext=u:object_r:kmem_device:s0 tclass=chr_file permissive=1
11-05 18:42:42.976  4429  4429 I tree    : type=1400 audit(0.0:738): avc: denied { getattr } for path="/dev/ttyS0" dev="tmpfs" ino=4453 scontext=u:r:untrusted_app:s0:c512,c768 tcontext=u:object_r:serial_device:s0 tclass=chr_file permissive=1
11-05 18:42:42.976  4429  4429 I tree    : type=1400 audit(0.0:739): avc: denied { getattr } for path="/dev/rtc0" dev="tmpfs" ino=4452 scontext=u:r:untrusted_app:s0:c512,c768 tcontext=u:object_r:rtc_device:s0 tclass=chr_file permissive=1
11-05 18:42:42.976  4429  4429 I tree    : type=1400 audit(0.0:740): avc: denied { getattr } for path="/dev/input" dev="tmpfs" ino=4446 scontext=u:r:untrusted_app:s0:c512,c768 tcontext=u:object_r:input_device:s0 tclass=dir permissive=1
11-05 18:42:42.976  4429  4429 I tree    : type=1400 audit(0.0:741): avc: denied { getattr } for path="/dev/graphics" dev="tmpfs" ino=4444 scontext=u:r:untrusted_app:s0:c512,c768 tcontext=u:object_r:graphics_device:s0 tclass=dir permissive=1
11-05 18:42:42.976  4429  4429 I tree    : type=1400 audit(0.0:742): avc: denied { getattr } for path="/dev/block" dev="tmpfs" ino=4392 scontext=u:r:untrusted_app:s0:c512,c768 tcontext=u:object_r:block_device:s0 tclass=dir permissive=1
11-05 18:42:42.977  4429  4429 I tree    : type=1400 audit(0.0:743): avc: denied { getattr } for path="/dev/__properties__/u:object_r:device_logging_prop:s0" dev="tmpfs" ino=5157 scontext=u:r:untrusted_app:s0:c512,c768 tcontext=u:object_r:device_logging_prop:s0 tclass=file permissive=1
11-05 18:42:42.977  4429  4429 I tree    : type=1400 audit(0.0:744): avc: denied { getattr } for path="/dev/__properties__/u:object_r:logpersistd_logging_prop:s0" dev="tmpfs" ino=5156 scontext=u:r:untrusted_app:s0:c512,c768 tcontext=u:object_r:logpersistd_logging_prop:s0 tclass=file permissive=1
11-05 18:42:42.977  4429  4429 I tree    : type=1400 audit(0.0:745): avc: denied { getattr } for path="/dev/__properties__/u:object_r:mmc_prop:s0" dev="tmpfs" ino=5155 scontext=u:r:untrusted_app:s0:c512,c768 tcontext=u:object_r:mmc_prop:s0 tclass=file permissive=1
11-05 18:42:42.977  4429  4429 I tree    : type=1400 audit(0.0:746): avc: denied { getattr } for path="/dev/__properties__/u:object_r:safemode_prop:s0" dev="tmpfs" ino=5154 scontext=u:r:untrusted_app:s0:c512,c768 tcontext=u:object_r:safemode_prop:s0 tclass=file permissive=1
11-05 18:42:42.977  4429  4429 I tree    : type=1400 audit(0.0:747): avc: denied { read } for name="block" dev="tmpfs" ino=4392 scontext=u:r:untrusted_app:s0:c512,c768 tcontext=u:object_r:block_device:s0 tclass=dir permissive=1
11-05 18:42:42.977  4429  4429 I tree    : type=1400 audit(0.0:748): avc: denied { open } for path="/dev/block" dev="tmpfs" ino=4392 scontext=u:r:untrusted_app:s0:c512,c768 tcontext=u:object_r:block_device:s0 tclass=dir permissive=1
11-05 18:42:42.977  4429  4429 I tree    : type=1400 audit(0.0:749): avc: denied { getattr } for path="/dev/block/loop3" dev="tmpfs" ino=4578 scontext=u:r:untrusted_app:s0:c512,c768 tcontext=u:object_r:loop_device:s0 tclass=blk_file permissive=1
11-05 18:42:42.977  4429  4429 I tree    : type=1400 audit(0.0:750): avc: denied { getattr } for path="/dev/block/ram4" dev="tmpfs" ino=4577 scontext=u:r:untrusted_app:s0:c512,c768 tcontext=u:object_r:ram_device:s0 tclass=blk_file permissive=1
11-05 18:42:44.184  4429  4429 I tree    : type=1400 audit(0.0:838): avc: denied { read } for name="1343" dev="proc" ino=8825 scontext=u:r:untrusted_app:s0:c512,c768 tcontext=u:r:system_server:s0 tclass=dir permissive=1
11-05 18:42:44.184  4429  4429 I tree    : type=1400 audit(0.0:839): avc: denied { open } for path="/proc/1343" dev="proc" ino=8825 scontext=u:r:untrusted_app:s0:c512,c768 tcontext=u:r:system_server:s0 tclass=dir permissive=1
11-05 18:42:44.184  4429  4429 I tree    : type=1400 audit(0.0:840): avc: denied { search } for name="1343" dev="proc" ino=8825 scontext=u:r:untrusted_app:s0:c512,c768 tcontext=u:r:system_server:s0 tclass=dir permissive=1
11-05 18:42:44.184  4429  4429 I tree    : type=1400 audit(0.0:841): avc: denied { getattr } for path="/proc/1343/environ" dev="proc" ino=42390 scontext=u:r:untrusted_app:s0:c512,c768 tcontext=u:r:system_server:s0 tclass=file permissive=1
11-05 18:42:44.184  4429  4429 I tree    : type=1400 audit(0.0:842): avc: denied { getattr } for path="/proc/1343/cwd" dev="proc" ino=42399 scontext=u:r:untrusted_app:s0:c512,c768 tcontext=u:r:system_server:s0 tclass=lnk_file permissive=1
11-05 18:42:44.184  4429  4429 I tree    : type=1400 audit(0.0:843): avc: denied { read } for name="cwd" dev="proc" ino=42399 scontext=u:r:untrusted_app:s0:c512,c768 tcontext=u:r:system_server:s0 tclass=lnk_file permissive=1
11-05 18:42:46.463  4429  4429 I tree    : type=1400 audit(0.0:844): avc: denied { read } for name="1438" dev="proc" ino=10336 scontext=u:r:untrusted_app:s0:c512,c768 tcontext=u:r:platform_app:s0:c512,c768 tclass=dir permissive=1
11-05 18:42:46.463  4429  4429 I tree    : type=1400 audit(0.0:845): avc: denied { open } for path="/proc/1438" dev="proc" ino=10336 scontext=u:r:untrusted_app:s0:c512,c768 tcontext=u:r:platform_app:s0:c512,c768 tclass=dir permissive=1
11-05 18:42:46.463  4429  4429 I tree    : type=1400 audit(0.0:846): avc: denied { search } for name="1438" dev="proc" ino=10336 scontext=u:r:untrusted_app:s0:c512,c768 tcontext=u:r:platform_app:s0:c512,c768 tclass=dir permissive=1
11-05 18:42:46.463  4429  4429 I tree    : type=1400 audit(0.0:847): avc: denied { getattr } for path="/proc/1438/environ" dev="proc" ino=47614 scontext=u:r:untrusted_app:s0:c512,c768 tcontext=u:r:platform_app:s0:c512,c768 tclass=file permissive=1
11-05 18:42:46.463  4429  4429 I tree    : type=1400 audit(0.0:848): avc: denied { getattr } for path="/proc/1438/cwd" dev="proc" ino=47624 scontext=u:r:untrusted_app:s0:c512,c768 tcontext=u:r:platform_app:s0:c512,c768 tclass=lnk_file permissive=1
11-05 18:42:46.463  4429  4429 I tree    : type=1400 audit(0.0:849): avc: denied { read } for name="cwd" dev="proc" ino=47624 scontext=u:r:untrusted_app:s0:c512,c768 tcontext=u:r:platform_app:s0:c512,c768 tclass=lnk_file permissive=1
11-05 18:43:25.707  1083  1083 I chatty  : uid=0(root) Binder:1083_2 expire 2 lines
11-05 18:45:01.000  1062  1062 I chatty  : uid=0(root) /system/bin/lmkd expire 1 line
11-05 18:45:03.122  2374  2394 I PlayCommon: [129] com.google.android.play.a.g.e(220): Preparing logs for uploading
11-05 18:45:03.124  2374  2394 W PlayCommon: [129] com.google.android.play.a.g.a(482): No account for auth token provided
11-05 18:45:03.124  2374  2394 I PlayCommon: [129] com.google.android.play.a.g.a(329): Connecting to server: https://play.googleapis.com/play/log?format=raw&proto_v2=true
11-05 18:45:03.257  1083  1083 I chatty  : uid=0(root) Binder:1083_2 expire 3 lines
11-05 18:45:03.982  2374  2394 I PlayCommon: [129] com.google.android.play.a.g.a(386): Successfully uploaded logs.
11-05 18:45:45.239  3925  3949 D OpenGLRenderer: endAllActiveAnimators on 0x72d3388e8800 (RippleDrawable) with handle 0x72d337673fc0
11-05 18:45:48.925  3925  3925 D ViewRootImpl[TermuxActivity]: updatePointerIcon called with position out of bounds
11-05 18:45:48.974  3925  3925 D ViewRootImpl[TermuxActivity]: updatePointerIcon called with position out of bounds
11-05 18:45:49.018  3925  3925 D ViewRootImpl[TermuxActivity]: updatePointerIcon called with position out of bounds
11-05 18:45:49.041  3925  3925 D ViewRootImpl[TermuxActivity]: updatePointerIcon called with position out of bounds
11-05 18:45:49.101  3925  3925 D ViewRootImpl[TermuxActivity]: updatePointerIcon called with position out of bounds
11-05 18:45:49.137  3925  3925 D ViewRootImpl[TermuxActivity]: updatePointerIcon called with position out of bounds
11-05 18:45:49.174  3925  3925 D ViewRootImpl[TermuxActivity]: updatePointerIcon called with position out of bounds
11-05 18:45:49.207  3925  3925 D ViewRootImpl[TermuxActivity]: updatePointerIcon called with position out of bounds
11-05 18:45:49.241  3925  3925 D ViewRootImpl[TermuxActivity]: updatePointerIcon called with position out of bounds
11-05 18:45:52.659  3925  3925 D ViewRootImpl[TermuxActivity]: updatePointerIcon called with position out of bounds
11-05 18:45:52.727  3925  3925 D ViewRootImpl[TermuxActivity]: updatePointerIcon called with position out of bounds
11-05 18:45:52.774  3925  3925 D ViewRootImpl[TermuxActivity]: updatePointerIcon called with position out of bounds
11-05 18:45:52.808  3925  3925 D ViewRootImpl[TermuxActivity]: updatePointerIcon called with position out of bounds
11-05 18:45:54.941  3925  3925 D ViewRootImpl[TermuxActivity]: updatePointerIcon called with position out of bounds
11-05 18:45:54.974  3925  3925 D ViewRootImpl[TermuxActivity]: updatePointerIcon called with position out of bounds
11-05 18:45:55.024  3925  3925 D ViewRootImpl[TermuxActivity]: updatePointerIcon called with position out of bounds
11-05 18:45:55.058  3925  3925 D ViewRootImpl[TermuxActivity]: updatePointerIcon called with position out of bounds
11-05 18:45:55.091  3925  3925 D ViewRootImpl[TermuxActivity]: updatePointerIcon called with position out of bounds
11-05 18:45:55.141  3925  3925 D ViewRootImpl[TermuxActivity]: updatePointerIcon called with position out of bounds
11-05 18:45:55.508  3925  3925 D ViewRootImpl[TermuxActivity]: updatePointerIcon called with position out of bounds
11-05 18:45:55.524  3925  3925 D ViewRootImpl[TermuxActivity]: updatePointerIcon called with position out of bounds
11-05 18:45:55.572  3925  3925 D ViewRootImpl[TermuxActivity]: updatePointerIcon called with position out of bounds
11-05 18:45:55.591  3925  3925 D ViewRootImpl[TermuxActivity]: updatePointerIcon called with position out of bounds
11-05 18:45:55.641  3925  3925 D ViewRootImpl[TermuxActivity]: updatePointerIcon called with position out of bounds
11-05 18:45:55.674  3925  3925 D ViewRootImpl[TermuxActivity]: updatePointerIcon called with position out of bounds
11-05 18:45:55.724  3925  3925 D ViewRootImpl[TermuxActivity]: updatePointerIcon called with position out of bounds
11-05 18:45:58.107  3925  3925 D ViewRootImpl[TermuxActivity]: updatePointerIcon called with position out of bounds
11-05 18:45:58.142  3925  3925 D ViewRootImpl[TermuxActivity]: updatePointerIcon called with position out of bounds
11-05 18:45:58.174  3925  3925 D ViewRootImpl[TermuxActivity]: updatePointerIcon called with position out of bounds
11-05 18:45:58.224  3925  3925 D ViewRootImpl[TermuxActivity]: updatePointerIcon called with position out of bounds
11-05 18:45:58.270  3925  3925 D ViewRootImpl[TermuxActivity]: updatePointerIcon called with position out of bounds
11-05 18:45:58.353  3925  3925 D ViewRootImpl[TermuxActivity]: updatePointerIcon called with position out of bounds
11-05 18:45:58.458  3925  3925 D ViewRootImpl[TermuxActivity]: updatePointerIcon called with position out of bounds
11-05 18:45:58.521  3925  3925 D ViewRootImpl[TermuxActivity]: updatePointerIcon called after view was removed
11-05 18:45:58.521  3925  3925 W InputEventReceiver: Attempted to finish an input event but the input event receiver has already been disposed.
11-05 18:45:58.521  3925  3925 W ViewRootImpl[TermuxActivity]: Dropping event due to root view being removed: MotionEvent { action=ACTION_BUTTON_PRESS, actionButton=BUTTON_PRIMARY, id[0]=0, x[0]=-118.57684, y[0]=106.77994, toolType[0]=TOOL_TYPE_MOUSE, buttonState=BUTTON_PRIMARY, metaState=0, flags=0x0, edgeFlags=0x0, pointerCount=1, historySize=0, eventTime=2258827, downTime=2258827, deviceId=2, source=0x2002 }
11-05 18:45:58.521  3925  3925 W InputEventReceiver: Attempted to finish an input event but the input event receiver has already been disposed.
11-05 18:45:58.521  1343  1663 W InputMethodManagerService: Window already focused, ignoring focus gain of: com.android.internal.view.IInputMethodClient$Stub$Proxy@6d71cd2 attribute=null, token = android.os.BinderProxy@128b4db
11-05 18:46:35.416  1433  1433 W KeyboardSwitcher: onToggleKeyboard() : Current = HIDDEN : Toggle = EMOJI
11-05 18:46:35.425  1433  1433 I LatinIME: Starting input. Cursor position = -1,-1
11-05 18:46:35.427  1433  1433 I InputAttributes: InputType.TYPE_NULL is specified
11-05 18:46:35.431  1433  1433 I InputAttributes: InputType.TYPE_NULL is specified
11-05 18:46:36.843  1433  1433 W KeyboardSwitcher: onToggleKeyboard() : Current = EMOJI : Toggle = EMOJI
11-05 18:46:37.438  1433  1433 I LatinIME: Timeout waiting for dictionary load
11-05 18:46:53.492  1438  1438 I ndroid.systemui: type=1400 audit(0.0:856): avc: denied { sendto } for path="/dev/socket/logdw" scontext=u:r:platform_app:s0:c512,c768 tcontext=u:r:init:s0 tclass=unix_dgram_socket permissive=1
11-05 18:46:53.492  1438  1438 D ViewRootImpl[NavigationBar]: updatePointerIcon called with position out of bounds
11-05 18:46:54.114  1343  3762 I ActivityManager: Setting hasTopUi=true for pid=1438
11-05 18:46:54.115  1063  1063 I servicemanager: type=1400 audit(0.0:857): avc: denied { getattr } for scontext=u:r:init:s0 tcontext=u:r:platform_app:s0:c512,c768 tclass=process permissive=1
11-05 18:46:54.115  1063  1063 I servicemanager: type=1400 audit(0.0:858): avc: denied { transfer } for scontext=u:r:init:s0 tcontext=u:r:platform_app:s0:c512,c768 tclass=binder permissive=1
11-05 18:46:54.115  1006  1006 I logd.auditd: type=1400 audit(0.0:859): avc: denied { read } for scontext=u:r:init:s0 tcontext=u:r:init:s0 tclass=netlink_audit_socket permissive=1
11-05 18:46:54.115  1438  1438 D PhoneStatusBar: disable: < expand ICONS* alerts SYSTEM_INFO* back home recent clock search quick_settings >
11-05 18:46:54.151  1438  1438 I RenderThread: type=1400 audit(0.0:860): avc: denied { transfer } for scontext=u:r:platform_app:s0:c512,c768 tcontext=u:r:init:s0 tclass=binder permissive=1
11-05 18:46:54.172  1343  1955 I chatty  : uid=1000(system) Binder:1343_8 expire 1 line
11-05 18:46:54.508  1438  1438 D ViewRootImpl[NavigationBar]: updatePointerIcon called with position out of bounds
11-05 18:46:55.288  1343  1955 W InputMethodManagerService: Window already focused, ignoring focus gain of: com.android.internal.view.IInputMethodClient$Stub$Proxy@c482191 attribute=null, token = android.os.BinderProxy@128b4db
11-05 18:46:55.387  1343  3762 I ActivityManager: Setting hasTopUi=false for pid=1438
11-05 18:46:55.387  1438  1438 D PhoneStatusBar: disable: < expand icons* alerts system_info* back home recent clock search quick_settings >
11-05 18:47:26.340  1062  1062 I chatty  : uid=0(root) /system/bin/lmkd expire 1 line
11-05 18:47:26.345  1919  1919 I chatty  : uid=10016 com.google.android.gms.persistent expire 1 line
11-05 18:47:26.355  1063  1063 I servicemanager: type=1400 audit(0.0:864): avc: denied { getattr } for scontext=u:r:init:s0 tcontext=u:r:untrusted_app:s0:c512,c768 tclass=process permissive=1
11-05 18:47:26.630  1080  1080 I Binder:1080_3: type=1400 audit(0.0:865): avc: denied { execute } for path="/system/vendor/lib/mediadrm/libdrmclearkeyplugin.so" dev="sda1" ino=106706 scontext=u:r:init:s0 tcontext=u:object_r:unlabeled:s0 tclass=file permissive=1
11-05 18:47:26.631  1080  3763 E Drm     : Failed to find drm plugin
11-05 18:47:26.632  4051  4521 I chatty  : uid=10016 com.google.android.gms.unstable expire 1 line
11-05 18:47:26.637  4051  4056 I chatty  : uid=10016 com.google.android.gms.unstable expire 3 lines
11-05 18:47:26.780  3925  3925 I com.termux: type=1400 audit(0.0:866): avc: denied { read } for scontext=u:r:untrusted_app:s0:c512,c768 tcontext=u:r:init:s0 tclass=unix_stream_socket permissive=1
11-05 18:47:26.781  1064  1064 I chatty  : uid=0(root) /system/bin/surfaceflinger expire 2 lines
11-05 18:47:31.136  4051  4051 I chatty  : uid=10016 com.google.android.gms.unstable expire 9 lines
11-05 18:47:31.453  1063  1063 I servicemanager: type=1400 audit(0.0:877): avc: denied { getattr } for scontext=u:r:init:s0 tcontext=u:r:priv_app:s0:c512,c768 tclass=process permissive=1
11-05 18:47:31.475  1919  1919 I chatty  : uid=10016 com.google.android.gms.persistent expire 1 line
11-05 18:47:31.991  1919  2764 I chatty  : uid=10016 com.google.android.gms.persistent expire 7 lines
11-05 18:47:36.476  1062  1062 I chatty  : uid=0(root) /system/bin/lmkd expire 1 line
11-05 18:47:47.934  1438  1438 I ndroid.systemui: type=1400 audit(0.0:880): avc: denied { read } for scontext=u:r:platform_app:s0:c512,c768 tcontext=u:r:init:s0 tclass=unix_stream_socket permissive=1
11-05 18:47:55.714  3925  3925 D ViewRootImpl[TermuxActivity]: updatePointerIcon called with position out of bounds
11-05 18:47:55.729  3925  3925 D ViewRootImpl[TermuxActivity]: updatePointerIcon called with position out of bounds
11-05 18:47:56.736  3925  3925 W InputEventReceiver: Attempted to finish an input event but the input event receiver has already been disposed.
11-05 18:47:56.737  1343  1955 W InputMethodManagerService: Window already focused, ignoring focus gain of: com.android.internal.view.IInputMethodClient$Stub$Proxy@9236994 attribute=null, token = android.os.BinderProxy@128b4db
11-05 18:48:08.806  1343  1663 I chatty  : uid=1000(system) Binder:1343_6 expire 12 lines
11-05 18:48:08.856  1343  1343 I chatty  : uid=1000 system_server expire 11 lines
11-05 18:48:35.734  1064  1064 I chatty  : uid=0(root) /system/bin/surfaceflinger expire 10 lines
11-05 18:48:35.734  1343  1663 W WindowManager: Screenshot failure taking screenshot for (1024x768) to layer 21040
11-05 18:48:35.767  3382  3382 W ViewRootImpl[ChromeTabbedActivity]: Cancelling event due to no window focus: KeyEvent { action=ACTION_UP, keyCode=KEYCODE_TAB, scanCode=15, metaState=0, flags=0x28, repeatCount=0, eventTime=2416074, downTime=2415941, deviceId=3, source=0x101 }
11-05 18:48:35.767  3382  3382 W ViewRootImpl[ChromeTabbedActivity]: Cancelling event due to no window focus: KeyEvent { action=ACTION_UP, keyCode=KEYCODE_TAB, scanCode=15, metaState=0, flags=0x28, repeatCount=0, eventTime=2416074, downTime=2415941, deviceId=3, source=0x101 }
11-05 18:48:35.767  3382  3382 W ViewRootImpl[ChromeTabbedActivity]: Cancelling event due to no window focus: KeyEvent { action=ACTION_UP, keyCode=KEYCODE_TAB, scanCode=15, metaState=0, flags=0x28, repeatCount=0, eventTime=2416074, downTime=2415941, deviceId=3, source=0x101 }
11-05 18:48:35.767  3382  3382 W ViewRootImpl[ChromeTabbedActivity]: Cancelling event due to no window focus: KeyEvent { action=ACTION_UP, keyCode=KEYCODE_TAB, scanCode=15, metaState=0, flags=0x28, repeatCount=0, eventTime=2416074, downTime=2415941, deviceId=3, source=0x101 }
11-05 18:48:35.767  3382  3382 W ViewRootImpl[ChromeTabbedActivity]: Cancelling event due to no window focus: KeyEvent { action=ACTION_UP, keyCode=KEYCODE_TAB, scanCode=15, metaState=0, flags=0x28, repeatCount=0, eventTime=2416074, downTime=2415941, deviceId=3, source=0x101 }
11-05 18:48:35.767  3382  3382 W ViewRootImpl[ChromeTabbedActivity]: Cancelling event due to no window focus: KeyEvent { action=ACTION_UP, keyCode=KEYCODE_TAB, scanCode=15, metaState=0, flags=0x28, repeatCount=0, eventTime=2416074, downTime=2415941, deviceId=3, source=0x101 }
11-05 18:48:35.773  3382  3382 E chromium: [ERROR:layer_tree_host_impl.cc(2218)] Forcing zero-copy tile initialization as worker context is missing
11-05 18:48:35.820  3925  3925 W IInputConnectionWrapper: reportFullscreenMode on inexistent InputConnection
11-05 18:48:35.820  3925  3925 W IInputConnectionWrapper: finishComposingText on inactive InputConnection
11-05 18:48:36.883  1343  1955 W WindowManager: Screenshot failure taking screenshot for (1024x768) to layer 21035
11-05 18:48:36.924  3382  3404 D OpenGLRenderer: endAllActiveAnimators on 0xbf4f7700 (RippleDrawable) with handle 0xb057b7b0
11-05 18:48:37.014  1433  1433 I LatinIME: Starting input. Cursor position = -1,-1
11-05 18:48:37.014  1433  1433 I InputAttributes: InputType.TYPE_NULL is specified
11-05 18:48:37.353  3382  3382 W ViewRootImpl[ChromeTabbedActivity]: Cancelling event due to no window focus: MotionEvent { action=ACTION_CANCEL, actionButton=0, id[0]=0, x[0]=956.0, y[0]=60.932938, toolType[0]=TOOL_TYPE_MOUSE, buttonState=0, metaState=0, flags=0x0, edgeFlags=0x0, pointerCount=1, historySize=0, eventTime=2417671, downTime=2375953, deviceId=2, source=0x2002 }
11-05 18:48:37.353  3382  3382 W ViewRootImpl[ChromeTabbedActivity]: Cancelling event due to no window focus: MotionEvent { action=ACTION_CANCEL, actionButton=0, id[0]=0, x[0]=956.0, y[0]=60.932938, toolType[0]=TOOL_TYPE_MOUSE, buttonState=0, metaState=0, flags=0x0, edgeFlags=0x0, pointerCount=1, historySize=0, eventTime=2417671, downTime=2375953, deviceId=2, source=0x2002 }
11-05 18:48:37.353  3382  3382 W ViewRootImpl[ChromeTabbedActivity]: Cancelling event due to no window focus: MotionEvent { action=ACTION_CANCEL, actionButton=0, id[0]=0, x[0]=956.0, y[0]=60.932938, toolType[0]=TOOL_TYPE_MOUSE, buttonState=0, metaState=0, flags=0x0, edgeFlags=0x0, pointerCount=1, historySize=0, eventTime=2417671, downTime=2375953, deviceId=2, source=0x2002 }
11-05 18:48:37.353  3382  3382 W ViewRootImpl[ChromeTabbedActivity]: Cancelling event due to no window focus: MotionEvent { action=ACTION_CANCEL, actionButton=0, id[0]=0, x[0]=956.0, y[0]=60.932938, toolType[0]=TOOL_TYPE_MOUSE, buttonState=0, metaState=0, flags=0x0, edgeFlags=0x0, pointerCount=1, historySize=0, eventTime=2417671, downTime=2375953, deviceId=2, source=0x2002 }
11-05 18:48:37.353  3382  3382 I cr_BindingManager: onTrimMemory: level=20, size=0
11-05 18:48:39.465  1343  1415 E TaskPersister: File error accessing recents directory (directory doesn't exist?).
11-05 18:48:46.778  1343  3808 I chatty  : uid=1000(system) Binder:1343_10 expire 11 lines
11-05 18:51:13.225  1343  1356 I UsageStatsService: User[0] Flushing usage stats to disk
11-05 18:51:37.999  2052  4580 I chatty  : uid=10016(com.google.android.gms) expire 1 line
11-05 18:51:38.003  2052  4579 I chatty  : uid=10016(com.google.android.gms) expire 1 line
11-05 18:51:45.010  1062  1062 I chatty  : uid=0(root) /system/bin/lmkd expire 1 line
11-05 18:51:57.543  1343  3762 W ActivityManager: Finishing task with all activities already finished
11-05 18:51:57.543  1343  3762 W ActivityManager: Duplicate finish request for ActivityRecord{5d95165 u0 com.termux/.app.TermuxActivity t37 f}
11-05 18:51:57.573  1064  1064 I chatty  : uid=0(root) /system/bin/surfaceflinger expire 10 lines
11-05 18:51:57.574  1343  3762 W WindowManager: Screenshot failure taking screenshot for (1024x768) to layer 21035
11-05 18:51:57.601  3382  3382 E chromium: [ERROR:layer_tree_host_impl.cc(2218)] Forcing zero-copy tile initialization as worker context is missing
11-05 18:51:57.604  3925  3925 W IInputConnectionWrapper: finishComposingText on inactive InputConnection
11-05 18:51:57.604  3925  3925 W IInputConnectionWrapper: reportFullscreenMode on inexistent InputConnection
11-05 18:51:57.604  3925  3925 W IInputConnectionWrapper: finishComposingText on inactive InputConnection
11-05 18:52:01.222  1343  1415 E TaskPersister: File error accessing recents directory (directory doesn't exist?).
11-05 18:52:02.889  1343  1379 I ActivityManager: START u0 {act=android.intent.action.MAIN cat=[android.intent.category.HOME] flg=0x10200000 cmp=com.android.launcher3/.Launcher (has extras)} from uid 1000 on display 0
11-05 18:52:02.933  1343  1379 W WindowManager: Screenshot failure taking screenshot for (1024x768) to layer 21035
11-05 18:52:03.351  3382  3382 I cr_BindingManager: onTrimMemory: level=20, size=0
11-05 18:52:03.504  1870  1997 W OpenGLRenderer: Incorrectly called buildLayer on View: ShortcutAndWidgetContainer, destroying layer...
11-05 18:52:05.384  1343  1663 I ActivityManager: START u0 {act=android.intent.action.MAIN cat=[android.intent.category.LAUNCHER] flg=0x10200000 cmp=com.android.settings/.Settings bnds=[95,647][217,727] (has extras)} from uid 10060 on display 0
11-05 18:52:05.522  1438  1438 I ndroid.systemui: type=1400 audit(0.0:885): avc: denied { open } for path="/system/priv-app/Settings/Settings.apk" dev="sda1" ino=98311 scontext=u:r:platform_app:s0:c512,c768 tcontext=u:object_r:unlabeled:s0 tclass=file permissive=1
11-05 18:52:06.138  1063  1063 I servicemanager: type=1400 audit(0.0:887): avc: denied { getattr } for scontext=u:r:init:s0 tcontext=u:r:system_app:s0 tclass=process permissive=1
11-05 18:52:06.186  4181  4593 I chatty  : uid=1000(system) com.android.settings expire 19 lines
11-05 18:52:06.193  4594  4594 I chatty  : uid=0(root) com.android.cellbroadcastreceiver expire 4 lines
11-05 18:52:06.194  1343  1955 I ActivityManager: Start proc 4594:com.android.cellbroadcastreceiver/u0a5 for content provider com.android.cellbroadcastreceiver/.CellBroadcastSearchIndexableProvider
11-05 18:52:06.195  4594  4594 W art     : Unexpected CPU variant for X86 using defaults: x86_64
11-05 18:52:06.196  1063  1063 I servicemanager: type=1400 audit(0.0:893): avc: denied { transfer } for scontext=u:r:init:s0 tcontext=u:r:system_app:s0 tclass=binder permissive=1
11-05 18:52:06.205  4594  4594 I oadcastreceiver: type=1400 audit(0.0:895): avc: denied { getattr } for path="/system/priv-app/CellBroadcastReceiver/CellBroadcastReceiver.apk" dev="sda1" ino=74592 scontext=u:r:platform_app:s0:c512,c768 tcontext=u:object_r:unlabeled:s0 tclass=file permissive=1
11-05 18:52:06.205  4594  4594 I oadcastreceiver: type=1400 audit(0.0:896): avc: denied { getattr } for path="/system" dev="sda1" ino=32775 scontext=u:r:platform_app:s0:c512,c768 tcontext=u:object_r:unlabeled:s0 tclass=dir permissive=1
11-05 18:52:06.205  4594  4594 I oadcastreceiver: type=1400 audit(0.0:897): avc: denied { read } for name="CellBroadcastReceiver.odex" dev="sda1" ino=74595 scontext=u:r:platform_app:s0:c512,c768 tcontext=u:object_r:unlabeled:s0 tclass=file permissive=1
11-05 18:52:06.205  4594  4594 I oadcastreceiver: type=1400 audit(0.0:898): avc: denied { open } for path="/system/priv-app/CellBroadcastReceiver/oat/x86_64/CellBroadcastReceiver.odex" dev="sda1" ino=74595 scontext=u:r:platform_app:s0:c512,c768 tcontext=u:object_r:unlabeled:s0 tclass=file permissive=1
11-05 18:52:06.206  4594  4594 I oadcastreceiver: type=1400 audit(0.0:899): avc: denied { execute } for path="/system/priv-app/CellBroadcastReceiver/oat/x86_64/CellBroadcastReceiver.odex" dev="sda1" ino=74595 scontext=u:r:platform_app:s0:c512,c768 tcontext=u:object_r:unlabeled:s0 tclass=file permissive=1
