11-05 18:55:23.280  1343  3808 I WindowManager: WIN DEATH: Window{6e31911 u0 com.android.launcher3/com.android.launcher3.Launcher}
11-05 18:55:23.292  1343  1364 W DisplayManagerService: Failed to notify process 4051 that displays changed, assuming it died.
11-05 18:55:23.292  1343  1364 W DisplayManagerService: android.os.DeadObjectException
11-05 18:55:23.292  1343  1364 W DisplayManagerService: 	at android.os.BinderProxy.transactNative(Native Method)
11-05 18:55:23.292  1343  1364 W DisplayManagerService: 	at android.os.BinderProxy.transact(Binder.java:615)
11-05 18:55:23.292  1343  1364 W DisplayManagerService: 	at android.hardware.display.IDisplayManagerCallback$Stub$Proxy.onDisplayEvent(IDisplayManagerCallback.java:81)
11-05 18:55:23.292  1343  1364 W DisplayManagerService: 	at com.android.server.display.DisplayManagerService$CallbackRecord.notifyDisplayEventAsync(DisplayManagerService.java:1205)
11-05 18:55:23.292  1343  1364 W DisplayManagerService: 	at com.android.server.display.DisplayManagerService.deliverDisplayEvent(DisplayManagerService.java:1039)
11-05 18:55:23.292  1343  1364 W DisplayManagerService: 	at com.android.server.display.DisplayManagerService.-wrap6(DisplayManagerService.java)
11-05 18:55:23.292  1343  1364 W DisplayManagerService: 	at com.android.server.display.DisplayManagerService$DisplayManagerHandler.handleMessage(DisplayManagerService.java:1138)
11-05 18:55:23.292  1343  1364 W DisplayManagerService: 	at android.os.Handler.dispatchMessage(Handler.java:102)
11-05 18:55:23.292  1343  1364 W DisplayManagerService: 	at android.os.Looper.loop(Looper.java:154)
11-05 18:55:23.292  1343  1364 W DisplayManagerService: 	at android.os.HandlerThread.run(HandlerThread.java:61)
11-05 18:55:23.292  1343  1364 W DisplayManagerService: 	at com.android.server.ServiceThread.run(ServiceThread.java:46)
11-05 18:55:23.351  1343  4798 E UserRestrictionsUtils: Unknown restriction: null
11-05 18:55:23.351  1343  4798 E UserRestrictionsUtils: Unknown restriction: null
11-05 18:55:23.354  1343  4798 D CryptdConnector: SND -> {5 cryptfs isConvertibleToFBE}
11-05 18:55:23.360  1051  1057 D VoldCryptCmdListener: cryptfs isConvertibleToFBE
11-05 18:55:23.368  1343  1383 D CryptdConnector: RCV <- {200 5 0}
11-05 18:55:23.371  1343  1355 D ConnectivityService: ConnectivityService NetworkRequestInfo binderDied(NetworkRequest [ LISTEN id=7, [ Capabilities: INTERNET&NOT_RESTRICTED&TRUSTED&NOT_VPN] ], android.os.BinderProxy@d3831ff)
11-05 18:55:23.391  1343  1355 E UserRestrictionsUtils: Unknown restriction: null
11-05 18:55:23.391  1343  1355 E UserRestrictionsUtils: Unknown restriction: null
11-05 18:55:23.392  1343  1355 D CryptdConnector: SND -> {6 cryptfs isConvertibleToFBE}
11-05 18:55:23.395  1343  1395 E ConnectivityService: RemoteException caught trying to send a callback msg for NetworkRequest [ LISTEN id=7, [ Capabilities: INTERNET&NOT_RESTRICTED&TRUSTED&NOT_VPN] ]
11-05 18:55:23.410  1051  1057 D VoldCryptCmdListener: cryptfs isConvertibleToFBE
11-05 18:55:23.412  1343  1383 D CryptdConnector: RCV <- {200 6 0}
11-05 18:55:23.418  1343  1355 I chatty  : uid=1000(system) Binder:1343_2 expire 4 lines
11-05 18:55:23.418  1343  1355 I WindowManager: WIN DEATH: Window{4a27e8b u0 InputMethod}
11-05 18:55:23.431  1343  1393 I chatty  : uid=1000(system) WifiScanningSer expire 2 lines
11-05 18:55:23.431  1343  3005 D ConnectivityService: ConnectivityService NetworkRequestInfo binderDied(NetworkRequest [ LISTEN id=8, [ Capabilities: INTERNET&NOT_RESTRICTED&TRUSTED&NOT_VPN&FOREGROUND] ], android.os.BinderProxy@dfb208a)
11-05 18:55:23.431  1343  3005 I chatty  : uid=1000(system) Binder:1343_B expire 1 line
11-05 18:55:23.431  1343  1355 I WindowManager: WIN DEATH: Window{2e7cbf5 u0 com.android.chrome/org.chromium.chrome.browser.ChromeTabbedActivity}
11-05 18:55:23.431  1343  1355 W WindowManager: Force-removing child win Window{c9316fb u0 SurfaceView - com.android.chrome/org.chromium.chrome.browser.ChromeTabbedActivity} from container Window{2e7cbf5 u0 com.android.chrome/org.chromium.chrome.browser.ChromeTabbedActivity}
11-05 18:55:23.432  1343  1395 E ConnectivityService: RemoteException caught trying to send a callback msg for NetworkRequest [ LISTEN id=8, [ Capabilities: INTERNET&NOT_RESTRICTED&TRUSTED&NOT_VPN&FOREGROUND] ]
11-05 18:55:23.434  1343  4803 W WindowManager: Failed looking up window
11-05 18:55:23.434  1343  4803 W WindowManager: java.lang.IllegalArgumentException: Requested window android.os.BinderProxy@154ad8a does not exist
11-05 18:55:23.434  1343  4803 W WindowManager: 	at com.android.server.wm.WindowManagerService.windowForClientLocked(WindowManagerService.java:9415)
11-05 18:55:23.434  1343  4803 W WindowManager: 	at com.android.server.wm.WindowManagerService.windowForClientLocked(WindowManagerService.java:9406)
11-05 18:55:23.434  1343  4803 W WindowManager: 	at com.android.server.wm.WindowState$DeathRecipient.binderDied(WindowState.java:1800)
11-05 18:55:23.434  1343  4803 W WindowManager: 	at android.os.BinderProxy.sendDeathNotice(Binder.java:688)
11-05 18:55:23.434  1343  4803 I WindowManager: WIN DEATH: null
11-05 18:55:23.467  1343  1343 W InputMethodManagerService: Session failed to close due to remote exception
11-05 18:55:23.467  1343  1343 W InputMethodManagerService: android.os.DeadObjectException
11-05 18:55:23.467  1343  1343 W InputMethodManagerService: 	at android.os.BinderProxy.transactNative(Native Method)
11-05 18:55:23.467  1343  1343 W InputMethodManagerService: 	at android.os.BinderProxy.transact(Binder.java:615)
11-05 18:55:23.467  1343  1343 W InputMethodManagerService: 	at com.android.internal.view.IInputMethodSession$Stub$Proxy.finishSession(IInputMethodSession.java:305)
11-05 18:55:23.467  1343  1343 W InputMethodManagerService: 	at com.android.server.InputMethodManagerService.finishSessionLocked(InputMethodManagerService.java:1631)
11-05 18:55:23.467  1343  1343 W InputMethodManagerService: 	at com.android.server.InputMethodManagerService.clearClientSessionLocked(InputMethodManagerService.java:1622)
11-05 18:55:23.467  1343  1343 W InputMethodManagerService: 	at com.android.server.InputMethodManagerService.clearCurMethodLocked(InputMethodManagerService.java:1648)
11-05 18:55:23.467  1343  1343 W InputMethodManagerService: 	at com.android.server.InputMethodManagerService.onServiceDisconnected(InputMethodManagerService.java:1667)
11-05 18:55:23.467  1343  1343 W InputMethodManagerService: 	at android.app.LoadedApk$ServiceDispatcher.doDeath(LoadedApk.java:1469)
11-05 18:55:23.467  1343  1343 W InputMethodManagerService: 	at android.app.LoadedApk$ServiceDispatcher$RunConnection.run(LoadedApk.java:1483)
11-05 18:55:23.467  1343  1343 W InputMethodManagerService: 	at android.os.Handler.handleCallback(Handler.java:751)
11-05 18:55:23.467  1343  1343 W InputMethodManagerService: 	at android.os.Handler.dispatchMessage(Handler.java:95)
11-05 18:55:23.467  1343  1343 W InputMethodManagerService: 	at android.os.Looper.loop(Looper.java:154)
11-05 18:55:23.467  1343  1343 W InputMethodManagerService: 	at com.android.server.SystemServer.run(SystemServer.java:355)
11-05 18:55:23.467  1343  1343 W InputMethodManagerService: 	at com.android.server.SystemServer.main(SystemServer.java:222)
11-05 18:55:23.467  1343  1343 W InputMethodManagerService: 	at java.lang.reflect.Method.invoke(Native Method)
11-05 18:55:23.467  1343  1343 W InputMethodManagerService: 	at com.android.internal.os.ZygoteInit$MethodAndArgsCaller.run(ZygoteInit.java:890)
11-05 18:55:23.467  1343  1343 W InputMethodManagerService: 	at com.android.internal.os.ZygoteInit.main(ZygoteInit.java:780)
11-05 18:55:23.467  1343  1343 W InputMethodManagerService: Session failed to close due to remote exception
11-05 18:55:23.467  1343  1343 W InputMethodManagerService: android.os.DeadObjectException
11-05 18:55:23.467  1343  1343 W InputMethodManagerService: 	at android.os.BinderProxy.transactNative(Native Method)
11-05 18:55:23.467  1343  1343 W InputMethodManagerService: 	at android.os.BinderProxy.transact(Binder.java:615)
11-05 18:55:23.467  1343  1343 W InputMethodManagerService: 	at com.android.internal.view.IInputMethodSession$Stub$Proxy.finishSession(IInputMethodSession.java:305)
11-05 18:55:23.467  1343  1343 W InputMethodManagerService: 	at com.android.server.InputMethodManagerService.finishSessionLocked(InputMethodManagerService.java:1631)
11-05 18:55:23.467  1343  1343 W InputMethodManagerService: 	at com.android.server.InputMethodManagerService.clearClientSessionLocked(InputMethodManagerService.java:1622)
11-05 18:55:23.467  1343  1343 W InputMethodManagerService: 	at com.android.server.InputMethodManagerService.clearCurMethodLocked(InputMethodManagerService.java:1648)
11-05 18:55:23.467  1343  1343 W InputMethodManagerService: 	at com.android.server.InputMethodManagerService.onServiceDisconnected(InputMethodManagerService.java:1667)
11-05 18:55:23.467  1343  1343 W InputMethodManagerService: 	at android.app.LoadedApk$ServiceDispatcher.doDeath(LoadedApk.java:1469)
11-05 18:55:23.467  1343  1343 W InputMethodManagerService: 	at android.app.LoadedApk$ServiceDispatcher$RunConnection.run(LoadedApk.java:1483)
11-05 18:55:23.467  1343  1343 W InputMethodManagerService: 	at android.os.Handler.handleCallback(Handler.java:751)
11-05 18:55:23.467  1343  1343 W InputMethodManagerService: 	at android.os.Handler.dispatchMessage(Handler.java:95)
11-05 18:55:23.467  1343  1343 W InputMethodManagerService: 	at android.os.Looper.loop(Looper.java:154)
11-05 18:55:23.467  1343  1343 W InputMethodManagerService: 	at com.android.server.SystemServer.run(SystemServer.java:355)
11-05 18:55:23.467  1343  1343 W InputMethodManagerService: 	at com.android.server.SystemServer.main(SystemServer.java:222)
11-05 18:55:23.467  1343  1343 W InputMethodManagerService: 	at java.lang.reflect.Method.invoke(Native Method)
11-05 18:55:23.467  1343  1343 W InputMethodManagerService: 	at com.android.internal.os.ZygoteInit$MethodAndArgsCaller.run(ZygoteInit.java:890)
11-05 18:55:23.467  1343  1343 W InputMethodManagerService: 	at com.android.internal.os.ZygoteInit.main(ZygoteInit.java:780)
11-05 18:55:23.467  1343  1343 W InputMethodManagerService: Session failed to close due to remote exception
11-05 18:55:23.467  1343  1343 W InputMethodManagerService: android.os.DeadObjectException
11-05 18:55:23.467  1343  1343 W InputMethodManagerService: 	at android.os.BinderProxy.transactNative(Native Method)
11-05 18:55:23.467  1343  1343 W InputMethodManagerService: 	at android.os.BinderProxy.transact(Binder.java:615)
11-05 18:55:23.467  1343  1343 W InputMethodManagerService: 	at com.android.internal.view.IInputMethodSession$Stub$Proxy.finishSession(IInputMethodSession.java:305)
11-05 18:55:23.467  1343  1343 W InputMethodManagerService: 	at com.android.server.InputMethodManagerService.finishSessionLocked(InputMethodManagerService.java:1631)
11-05 18:55:23.467  1343  1343 W InputMethodManagerService: 	at com.android.server.InputMethodManagerService.clearClientSessionLocked(InputMethodManagerService.java:1622)
11-05 18:55:23.467  1343  1343 W InputMethodManagerService: 	at com.android.server.InputMethodManagerService.clearCurMethodLocked(InputMethodManagerService.java:1648)
11-05 18:55:23.467  1343  1343 W InputMethodManagerService: 	at com.android.server.InputMethodManagerService.onServiceDisconnected(InputMethodManagerService.java:1667)
11-05 18:55:23.467  1343  1343 W InputMethodManagerService: 	at android.app.LoadedApk$ServiceDispatcher.doDeath(LoadedApk.java:1469)
11-05 18:55:23.467  1343  1343 W InputMethodManagerService: 	at android.app.LoadedApk$ServiceDispatcher$RunConnection.run(LoadedApk.java:1483)
11-05 18:55:23.467  1343  1343 W InputMethodManagerService: 	at android.os.Handler.handleCallback(Handler.java:751)
11-05 18:55:23.467  1343  1343 W InputMethodManagerService: 	at android.os.Handler.dispatchMessage(Handler.java:95)
11-05 18:55:23.467  1343  1343 W InputMethodManagerService: 	at android.os.Looper.loop(Looper.java:154)
11-05 18:55:23.467  1343  1343 W InputMethodManagerService: 	at com.android.server.SystemServer.run(SystemServer.java:355)
11-05 18:55:23.467  1343  1343 W InputMethodManagerService: 	at com.android.server.SystemServer.main(SystemServer.java:222)
11-05 18:55:23.467  1343  1343 W InputMethodManagerService: 	at java.lang.reflect.Method.invoke(Native Method)
11-05 18:55:23.467  1343  1343 W InputMethodManagerService: 	at com.android.internal.os.ZygoteInit$MethodAndArgsCaller.run(ZygoteInit.java:890)
11-05 18:55:23.467  1343  1343 W InputMethodManagerService: 	at com.android.internal.os.ZygoteInit.main(ZygoteInit.java:780)
11-05 18:55:23.467  1343  1343 W InputMethodManagerService: Session failed to close due to remote exception
11-05 18:55:23.467  1343  1343 W InputMethodManagerService: android.os.DeadObjectException
11-05 18:55:23.467  1343  1343 W InputMethodManagerService: 	at android.os.BinderProxy.transactNative(Native Method)
11-05 18:55:23.467  1343  1343 W InputMethodManagerService: 	at android.os.BinderProxy.transact(Binder.java:615)
11-05 18:55:23.467  1343  1343 W InputMethodManagerService: 	at com.android.internal.view.IInputMethodSession$Stub$Proxy.finishSession(IInputMethodSession.java:305)
11-05 18:55:23.467  1343  1343 W InputMethodManagerService: 	at com.android.server.InputMethodManagerService.finishSessionLocked(InputMethodManagerService.java:1631)
11-05 18:55:23.467  1343  1343 W InputMethodManagerService: 	at com.android.server.InputMethodManagerService.clearClientSessionLocked(InputMethodManagerService.java:1622)
11-05 18:55:23.467  1343  1343 W InputMethodManagerService: 	at com.android.server.InputMethodManagerService.clearCurMethodLocked(InputMethodManagerService.java:1648)
11-05 18:55:23.467  1343  1343 W InputMethodManagerService: 	at com.android.server.InputMethodManagerService.onServiceDisconnected(InputMethodManagerService.java:1667)
11-05 18:55:23.467  1343  1343 W InputMethodManagerService: 	at android.app.LoadedApk$ServiceDispatcher.doDeath(LoadedApk.java:1469)
11-05 18:55:23.467  1343  1343 W InputMethodManagerService: 	at android.app.LoadedApk$ServiceDispatcher$RunConnection.run(LoadedApk.java:1483)
11-05 18:55:23.467  1343  1343 W InputMethodManagerService: 	at android.os.Handler.handleCallback(Handler.java:751)
11-05 18:55:23.467  1343  1343 W InputMethodManagerService: 	at android.os.Handler.dispatchMessage(Handler.java:95)
11-05 18:55:23.467  1343  1343 W InputMethodManagerService: 	at android.os.Looper.loop(Looper.java:154)
11-05 18:55:23.467  1343  1343 W InputMethodManagerService: 	at com.android.server.SystemServer.run(SystemServer.java:355)
11-05 18:55:23.467  1343  1343 W InputMethodManagerService: 	at com.android.server.SystemServer.main(SystemServer.java:222)
11-05 18:55:23.467  1343  1343 W InputMethodManagerService: 	at java.lang.reflect.Method.invoke(Native Method)
11-05 18:55:23.467  1343  1343 W InputMethodManagerService: 	at com.android.internal.os.ZygoteInit$MethodAndArgsCaller.run(ZygoteInit.java:890)
11-05 18:55:23.467  1343  1343 W InputMethodManagerService: 	at com.android.internal.os.ZygoteInit.main(ZygoteInit.java:780)
11-05 18:55:23.468  1343  1343 W InputMethodManagerService: Session failed to close due to remote exception
11-05 18:55:23.468  1343  1343 W InputMethodManagerService: android.os.DeadObjectException
11-05 18:55:23.468  1343  1343 W InputMethodManagerService: 	at android.os.BinderProxy.transactNative(Native Method)
11-05 18:55:23.468  1343  1343 W InputMethodManagerService: 	at android.os.BinderProxy.transact(Binder.java:615)
11-05 18:55:23.468  1343  1343 W InputMethodManagerService: 	at com.android.internal.view.IInputMethodSession$Stub$Proxy.finishSession(IInputMethodSession.java:305)
11-05 18:55:23.468  1343  1343 W InputMethodManagerService: 	at com.android.server.InputMethodManagerService.finishSessionLocked(InputMethodManagerService.java:1631)
11-05 18:55:23.468  1343  1343 W InputMethodManagerService: 	at com.android.server.InputMethodManagerService.clearClientSessionLocked(InputMethodManagerService.java:1622)
11-05 18:55:23.468  1343  1343 W InputMethodManagerService: 	at com.android.server.InputMethodManagerService.clearCurMethodLocked(InputMethodManagerService.java:1648)
11-05 18:55:23.468  1343  1343 W InputMethodManagerService: 	at com.android.server.InputMethodManagerService.onServiceDisconnected(InputMethodManagerService.java:1667)
11-05 18:55:23.468  1343  1343 W InputMethodManagerService: 	at android.app.LoadedApk$ServiceDispatcher.doDeath(LoadedApk.java:1469)
11-05 18:55:23.468  1343  1343 W InputMethodManagerService: 	at android.app.LoadedApk$ServiceDispatcher$RunConnection.run(LoadedApk.java:1483)
11-05 18:55:23.468  1343  1343 W InputMethodManagerService: 	at android.os.Handler.handleCallback(Handler.java:751)
11-05 18:55:23.468  1343  1343 W InputMethodManagerService: 	at android.os.Handler.dispatchMessage(Handler.java:95)
11-05 18:55:23.468  1343  1343 W InputMethodManagerService: 	at android.os.Looper.loop(Looper.java:154)
11-05 18:55:23.468  1343  1343 W InputMethodManagerService: 	at com.android.server.SystemServer.run(SystemServer.java:355)
11-05 18:55:23.468  1343  1343 W InputMethodManagerService: 	at com.android.server.SystemServer.main(SystemServer.java:222)
11-05 18:55:23.468  1343  1343 W InputMethodManagerService: 	at java.lang.reflect.Method.invoke(Native Method)
11-05 18:55:23.468  1343  1343 W InputMethodManagerService: 	at com.android.internal.os.ZygoteInit$MethodAndArgsCaller.run(ZygoteInit.java:890)
11-05 18:55:23.468  1343  1343 W InputMethodManagerService: 	at com.android.internal.os.ZygoteInit.main(ZygoteInit.java:780)
11-05 18:55:23.468  1343  1343 W InputMethodManagerService: Session failed to close due to remote exception
11-05 18:55:23.468  1343  1343 W InputMethodManagerService: android.os.DeadObjectException
11-05 18:55:23.468  1343  1343 W InputMethodManagerService: 	at android.os.BinderProxy.transactNative(Native Method)
11-05 18:55:23.468  1343  1343 W InputMethodManagerService: 	at android.os.BinderProxy.transact(Binder.java:615)
11-05 18:55:23.468  1343  1343 W InputMethodManagerService: 	at com.android.internal.view.IInputMethodSession$Stub$Proxy.finishSession(IInputMethodSession.java:305)
11-05 18:55:23.468  1343  1343 W InputMethodManagerService: 	at com.android.server.InputMethodManagerService.finishSessionLocked(InputMethodManagerService.java:1631)
11-05 18:55:23.468  1343  1343 W InputMethodManagerService: 	at com.android.server.InputMethodManagerService.clearClientSessionLocked(InputMethodManagerService.java:1622)
11-05 18:55:23.468  1343  1343 W InputMethodManagerService: 	at com.android.server.InputMethodManagerService.clearCurMethodLocked(InputMethodManagerService.java:1648)
11-05 18:55:23.468  1343  1343 W InputMethodManagerService: 	at com.android.server.InputMethodManagerService.onServiceDisconnected(InputMethodManagerService.java:1667)
11-05 18:55:23.468  1343  1343 W InputMethodManagerService: 	at android.app.LoadedApk$ServiceDispatcher.doDeath(LoadedApk.java:1469)
11-05 18:55:23.468  1343  1343 W InputMethodManagerService: 	at android.app.LoadedApk$ServiceDispatcher$RunConnection.run(LoadedApk.java:1483)
11-05 18:55:23.468  1343  1343 W InputMethodManagerService: 	at android.os.Handler.handleCallback(Handler.java:751)
11-05 18:55:23.468  1343  1343 W InputMethodManagerService: 	at android.os.Handler.dispatchMessage(Handler.java:95)
11-05 18:55:23.468  1343  1343 W InputMethodManagerService: 	at android.os.Looper.loop(Looper.java:154)
11-05 18:55:23.468  1343  1343 W InputMethodManagerService: 	at com.android.server.SystemServer.run(SystemServer.java:355)
11-05 18:55:23.468  1343  1343 W InputMethodManagerService: 	at com.android.server.SystemServer.main(SystemServer.java:222)
11-05 18:55:23.468  1343  1343 W InputMethodManagerService: 	at java.lang.reflect.Method.invoke(Native Method)
11-05 18:55:23.468  1343  1343 W InputMethodManagerService: 	at com.android.internal.os.ZygoteInit$MethodAndArgsCaller.run(ZygoteInit.java:890)
11-05 18:55:23.468  1343  1343 W InputMethodManagerService: 	at com.android.internal.os.ZygoteInit.main(ZygoteInit.java:780)
11-05 18:55:23.468  1343  1343 W InputMethodManagerService: Session failed to close due to remote exception
11-05 18:55:23.468  1343  1343 W InputMethodManagerService: android.os.DeadObjectException
11-05 18:55:23.468  1343  1343 W InputMethodManagerService: 	at android.os.BinderProxy.transactNative(Native Method)
11-05 18:55:23.468  1343  1343 W InputMethodManagerService: 	at android.os.BinderProxy.transact(Binder.java:615)
11-05 18:55:23.468  1343  1343 W InputMethodManagerService: 	at com.android.internal.view.IInputMethodSession$Stub$Proxy.finishSession(IInputMethodSession.java:305)
11-05 18:55:23.468  1343  1343 W InputMethodManagerService: 	at com.android.server.InputMethodManagerService.finishSessionLocked(InputMethodManagerService.java:1631)
11-05 18:55:23.468  1343  1343 W InputMethodManagerService: 	at com.android.server.InputMethodManagerService.clearClientSessionLocked(InputMethodManagerService.java:1622)
11-05 18:55:23.468  1343  1343 W InputMethodManagerService: 	at com.android.server.InputMethodManagerService.clearCurMethodLocked(InputMethodManagerService.java:1648)
11-05 18:55:23.468  1343  1343 W InputMethodManagerService: 	at com.android.server.InputMethodManagerService.onServiceDisconnected(InputMethodManagerService.java:1667)
11-05 18:55:23.468  1343  1343 W InputMethodManagerService: 	at android.app.LoadedApk$ServiceDispatcher.doDeath(LoadedApk.java:1469)
11-05 18:55:23.468  1343  1343 W InputMethodManagerService: 	at android.app.LoadedApk$ServiceDispatcher$RunConnection.run(LoadedApk.java:1483)
11-05 18:55:23.468  1343  1343 W InputMethodManagerService: 	at android.os.Handler.handleCallback(Handler.java:751)
11-05 18:55:23.468  1343  1343 W InputMethodManagerService: 	at android.os.Handler.dispatchMessage(Handler.java:95)
11-05 18:55:23.468  1343  1343 W InputMethodManagerService: 	at android.os.Looper.loop(Looper.java:154)
11-05 18:55:23.468  1343  1343 W InputMethodManagerService: 	at com.android.server.SystemServer.run(SystemServer.java:355)
11-05 18:55:23.468  1343  1343 W InputMethodManagerService: 	at com.android.server.SystemServer.main(SystemServer.java:222)
11-05 18:55:23.468  1343  1343 W InputMethodManagerService: 	at java.lang.reflect.Method.invoke(Native Method)
11-05 18:55:23.468  1343  1343 W InputMethodManagerService: 	at com.android.internal.os.ZygoteInit$MethodAndArgsCaller.run(ZygoteInit.java:890)
11-05 18:55:23.468  1343  1343 W InputMethodManagerService: 	at com.android.internal.os.ZygoteInit.main(ZygoteInit.java:780)
11-05 18:55:23.468  1343  1343 W InputMethodManagerService: Session failed to close due to remote exception
11-05 18:55:23.468  1343  1343 W InputMethodManagerService: android.os.DeadObjectException
11-05 18:55:23.468  1343  1343 W InputMethodManagerService: 	at android.os.BinderProxy.transactNative(Native Method)
11-05 18:55:23.468  1343  1343 W InputMethodManagerService: 	at android.os.BinderProxy.transact(Binder.java:615)
11-05 18:55:23.468  1343  1343 W InputMethodManagerService: 	at com.android.internal.view.IInputMethodSession$Stub$Proxy.finishSession(IInputMethodSession.java:305)
11-05 18:55:23.468  1343  1343 W InputMethodManagerService: 	at com.android.server.InputMethodManagerService.finishSessionLocked(InputMethodManagerService.java:1631)
11-05 18:55:23.468  1343  1343 W InputMethodManagerService: 	at com.android.server.InputMethodManagerService.clearClientSessionLocked(InputMethodManagerService.java:1622)
11-05 18:55:23.468  1343  1343 W InputMethodManagerService: 	at com.android.server.InputMethodManagerService.clearCurMethodLocked(InputMethodManagerService.java:1648)
11-05 18:55:23.468  1343  1343 W InputMethodManagerService: 	at com.android.server.InputMethodManagerService.onServiceDisconnected(InputMethodManagerService.java:1667)
11-05 18:55:23.468  1343  1343 W InputMethodManagerService: 	at android.app.LoadedApk$ServiceDispatcher.doDeath(LoadedApk.java:1469)
11-05 18:55:23.468  1343  1343 W InputMethodManagerService: 	at android.app.LoadedApk$ServiceDispatcher$RunConnection.run(LoadedApk.java:1483)
11-05 18:55:23.468  1343  1343 W InputMethodManagerService: 	at android.os.Handler.handleCallback(Handler.java:751)
11-05 18:55:23.468  1343  1343 W InputMethodManagerService: 	at android.os.Handler.dispatchMessage(Handler.java:95)
11-05 18:55:23.468  1343  1343 W InputMethodManagerService: 	at android.os.Looper.loop(Looper.java:154)
11-05 18:55:23.468  1343  1343 W InputMethodManagerService: 	at com.android.server.SystemServer.run(SystemServer.java:355)
11-05 18:55:23.468  1343  1343 W InputMethodManagerService: 	at com.android.server.SystemServer.main(SystemServer.java:222)
11-05 18:55:23.468  1343  1343 W InputMethodManagerService: 	at java.lang.reflect.Method.invoke(Native Method)
11-05 18:55:23.468  1343  1343 W InputMethodManagerService: 	at com.android.internal.os.ZygoteInit$MethodAndArgsCaller.run(ZygoteInit.java:890)
11-05 18:55:23.468  1343  1343 W InputMethodManagerService: 	at com.android.internal.os.ZygoteInit.main(ZygoteInit.java:780)
11-05 18:55:23.468  1343  1343 W InputMethodManagerService: Session failed to close due to remote exception
11-05 18:55:23.468  1343  1343 W InputMethodManagerService: android.os.DeadObjectException
11-05 18:55:23.468  1343  1343 W InputMethodManagerService: 	at android.os.BinderProxy.transactNative(Native Method)
11-05 18:55:23.468  1343  1343 W InputMethodManagerService: 	at android.os.BinderProxy.transact(Binder.java:615)
11-05 18:55:23.468  1343  1343 W InputMethodManagerService: 	at com.android.internal.view.IInputMethodSession$Stub$Proxy.finishSession(IInputMethodSession.java:305)
11-05 18:55:23.468  1343  1343 W InputMethodManagerService: 	at com.android.server.InputMethodManagerService.finishSessionLocked(InputMethodManagerService.java:1631)
11-05 18:55:23.468  1343  1343 W InputMethodManagerService: 	at com.android.server.InputMethodManagerService.clearClientSessionLocked(InputMethodManagerService.java:1622)
11-05 18:55:23.468  1343  1343 W InputMethodManagerService: 	at com.android.server.InputMethodManagerService.clearCurMethodLocked(InputMethodManagerService.java:1648)
11-05 18:55:23.468  1343  1343 W InputMethodManagerService: 	at com.android.server.InputMethodManagerService.onServiceDisconnected(InputMethodManagerService.java:1667)
11-05 18:55:23.468  1343  1343 W InputMethodManagerService: 	at android.app.LoadedApk$ServiceDispatcher.doDeath(LoadedApk.java:1469)
11-05 18:55:23.468  1343  1343 W InputMethodManagerService: 	at android.app.LoadedApk$ServiceDispatcher$RunConnection.run(LoadedApk.java:1483)
11-05 18:55:23.468  1343  1343 W InputMethodManagerService: 	at android.os.Handler.handleCallback(Handler.java:751)
11-05 18:55:23.468  1343  1343 W InputMethodManagerService: 	at android.os.Handler.dispatchMessage(Handler.java:95)
11-05 18:55:23.468  1343  1343 W InputMethodManagerService: 	at android.os.Looper.loop(Looper.java:154)
11-05 18:55:23.468  1343  1343 W InputMethodManagerService: 	at com.android.server.SystemServer.run(SystemServer.java:355)
11-05 18:55:23.468  1343  1343 W InputMethodManagerService: 	at com.android.server.SystemServer.main(SystemServer.java:222)
11-05 18:55:23.468  1343  1343 W InputMethodManagerService: 	at java.lang.reflect.Method.invoke(Native Method)
11-05 18:55:23.468  1343  1343 W InputMethodManagerService: 	at com.android.internal.os.ZygoteInit$MethodAndArgsCaller.run(ZygoteInit.java:890)
11-05 18:55:23.468  1343  1343 W InputMethodManagerService: 	at com.android.internal.os.ZygoteInit.main(ZygoteInit.java:780)
11-05 18:55:23.468  1343  1343 W InputMethodManagerService: Session failed to close due to remote exception
11-05 18:55:23.468  1343  1343 W InputMethodManagerService: android.os.DeadObjectException
11-05 18:55:23.468  1343  1343 W InputMethodManagerService: 	at android.os.BinderProxy.transactNative(Native Method)
11-05 18:55:23.468  1343  1343 W InputMethodManagerService: 	at android.os.BinderProxy.transact(Binder.java:615)
11-05 18:55:23.468  1343  1343 W InputMethodManagerService: 	at com.android.internal.view.IInputMethodSession$Stub$Proxy.finishSession(IInputMethodSession.java:305)
11-05 18:55:23.468  1343  1343 W InputMethodManagerService: 	at com.android.server.InputMethodManagerService.finishSessionLocked(InputMethodManagerService.java:1631)
11-05 18:55:23.468  1343  1343 W InputMethodManagerService: 	at com.android.server.InputMethodManagerService.clearClientSessionLocked(InputMethodManagerService.java:1622)
11-05 18:55:23.468  1343  1343 W InputMethodManagerService: 	at com.android.server.InputMethodManagerService.clearCurMethodLocked(InputMethodManagerService.java:1648)
11-05 18:55:23.468  1343  1343 W InputMethodManagerService: 	at com.android.server.InputMethodManagerService.onServiceDisconnected(InputMethodManagerService.java:1667)
11-05 18:55:23.468  1343  1343 W InputMethodManagerService: 	at android.app.LoadedApk$ServiceDispatcher.doDeath(LoadedApk.java:1469)
11-05 18:55:23.468  1343  1343 W InputMethodManagerService: 	at android.app.LoadedApk$ServiceDispatcher$RunConnection.run(LoadedApk.java:1483)
11-05 18:55:23.468  1343  1343 W InputMethodManagerService: 	at android.os.Handler.handleCallback(Handler.java:751)
11-05 18:55:23.468  1343  1343 W InputMethodManagerService: 	at android.os.Handler.dispatchMessage(Handler.java:95)
11-05 18:55:23.468  1343  1343 W InputMethodManagerService: 	at android.os.Looper.loop(Looper.java:154)
11-05 18:55:23.468  1343  1343 W InputMethodManagerService: 	at com.android.server.SystemServer.run(SystemServer.java:355)
11-05 18:55:23.468  1343  1343 W InputMethodManagerService: 	at com.android.server.SystemServer.main(SystemServer.java:222)
11-05 18:55:23.468  1343  1343 W InputMethodManagerService: 	at java.lang.reflect.Method.invoke(Native Method)
11-05 18:55:23.468  1343  1343 W InputMethodManagerService: 	at com.android.internal.os.ZygoteInit$MethodAndArgsCaller.run(ZygoteInit.java:890)
11-05 18:55:23.468  1343  1343 W InputMethodManagerService: 	at com.android.internal.os.ZygoteInit.main(ZygoteInit.java:780)
11-05 18:55:23.469  1343  1343 W InputMethodManagerService: Session failed to close due to remote exception
11-05 18:55:23.469  1343  1343 W InputMethodManagerService: android.os.DeadObjectException
11-05 18:55:23.469  1343  1343 W InputMethodManagerService: 	at android.os.BinderProxy.transactNative(Native Method)
11-05 18:55:23.469  1343  1343 W InputMethodManagerService: 	at android.os.BinderProxy.transact(Binder.java:615)
11-05 18:55:23.469  1343  1343 W InputMethodManagerService: 	at com.android.internal.view.IInputMethodSession$Stub$Proxy.finishSession(IInputMethodSession.java:305)
11-05 18:55:23.469  1343  1343 W InputMethodManagerService: 	at com.android.server.InputMethodManagerService.finishSessionLocked(InputMethodManagerService.java:1631)
11-05 18:55:23.469  1343  1343 W InputMethodManagerService: 	at com.android.server.InputMethodManagerService.clearClientSessionLocked(InputMethodManagerService.java:1622)
11-05 18:55:23.469  1343  1343 W InputMethodManagerService: 	at com.android.server.InputMethodManagerService.clearCurMethodLocked(InputMethodManagerService.java:1648)
11-05 18:55:23.469  1343  1343 W InputMethodManagerService: 	at com.android.server.InputMethodManagerService.onServiceDisconnected(InputMethodManagerService.java:1667)
11-05 18:55:23.469  1343  1343 W InputMethodManagerService: 	at android.app.LoadedApk$ServiceDispatcher.doDeath(LoadedApk.java:1469)
11-05 18:55:23.469  1343  1343 W InputMethodManagerService: 	at android.app.LoadedApk$ServiceDispatcher$RunConnection.run(LoadedApk.java:1483)
11-05 18:55:23.469  1343  1343 W InputMethodManagerService: 	at android.os.Handler.handleCallback(Handler.java:751)
11-05 18:55:23.469  1343  1343 W InputMethodManagerService: 	at android.os.Handler.dispatchMessage(Handler.java:95)
11-05 18:55:23.469  1343  1343 W InputMethodManagerService: 	at android.os.Looper.loop(Looper.java:154)
11-05 18:55:23.469  1343  1343 W InputMethodManagerService: 	at com.android.server.SystemServer.run(SystemServer.java:355)
11-05 18:55:23.469  1343  1343 W InputMethodManagerService: 	at com.android.server.SystemServer.main(SystemServer.java:222)
11-05 18:55:23.469  1343  1343 W InputMethodManagerService: 	at java.lang.reflect.Method.invoke(Native Method)
11-05 18:55:23.469  1343  1343 W InputMethodManagerService: 	at com.android.internal.os.ZygoteInit$MethodAndArgsCaller.run(ZygoteInit.java:890)
11-05 18:55:23.469  1343  1343 W InputMethodManagerService: 	at com.android.internal.os.ZygoteInit.main(ZygoteInit.java:780)
11-05 18:55:23.550  1438  1438 W View    : requestLayout() improperly called by com.android.systemui.statusbar.AlphaOptimizedButton{188a964 IFED..C.. ......I. 0,0-0,0 #7f120101 app:id/alarm_status} during layout: running second layout pass
11-05 18:55:23.550  1438  1438 W View    : requestLayout() improperly called by com.android.systemui.statusbar.AlphaOptimizedImageView{224c7cd I.ED..... ......I. 0,0-0,0 #7f120247 app:id/alarm_status_collapsed} during layout: running second layout pass
11-05 18:55:23.731  1343  1364 I WindowManager: Screen frozen for +552ms due to Window{df65d78 u0 com.android.settings/com.android.settings.Settings$DevelopmentSettingsActivity}
11-05 18:55:25.732  1343  1364 I chatty  : uid=1000(system) android.display expire 2 lines
11-05 18:55:26.601  1071  1071 I main    : type=1400 audit(0.0:935): avc: denied { getattr } for path="/sys/kernel/debug/tracing/trace_marker" dev="tracefs" ino=41 scontext=u:r:init:s0 tcontext=u:object_r:debugfs_trace_marker:s0 tclass=file permissive=1
11-05 18:55:26.603  1071  1071 I main    : type=1400 audit(0.0:936): avc: denied { setpgid } for scontext=u:r:init:s0 tcontext=u:r:untrusted_app:s0:c512,c768 tclass=process permissive=1
11-05 18:55:26.604  4820  4820 W art     : Unexpected CPU variant for X86 using defaults: x86_64
11-05 18:55:26.616  1343  4800 I ActivityManager: Start proc 4820:com.android.inputmethod.latin/u0a59 for service com.android.inputmethod.latin/.LatinIME
11-05 18:55:26.617  1343  4800 V InputMethodManagerService: Adding window token: android.os.Binder@6a31e53
11-05 18:55:26.630  4820  4820 I putmethod.latin: type=1400 audit(0.0:937): avc: denied { read } for name="libjni_latinime.so" dev="sda1" ino=32923 scontext=u:r:untrusted_app:s0:c512,c768 tcontext=u:object_r:unlabeled:s0 tclass=lnk_file permissive=1
11-05 18:55:26.640  4820  4820 I LatinIME: Hardware accelerated drawing: true
11-05 18:55:26.846  4820  4820 W InputAttributes: No editor info for this field. Bug?
11-05 18:55:26.862  4820  4838 I LatinIME:LogUtils: Dictionary info: dictionary = userunigram.en_US ; version = 1509895526 ; date = ?
11-05 18:55:27.003  4820  4838 I LatinIME:LogUtils: Dictionary info: dictionary = UserHistoryDictionary.en_US ; version = 1509830456 ; date = 1509830462
11-05 18:55:27.008  4820  4838 I LatinIME:LogUtils: Dictionary info: dictionary = main:en ; version = 54 ; date = 1414726273
11-05 18:55:28.448  4840  4840 I chatty  : uid=10016 com.google.android.gms.persistent expire 10 lines
11-05 18:55:28.451  1343  4802 I ActivityManager: Start proc 4840:com.google.android.gms.persistent/u0a16 for service com.google.android.gms/.chimera.PersistentBoundBrokerService
11-05 18:55:28.456  1063  1063 I servicemanager: type=1400 audit(0.0:939): avc: denied { transfer } for scontext=u:r:init:s0 tcontext=u:r:priv_app:s0:c512,c768 tclass=binder permissive=1
11-05 18:55:28.480  4840  4840 W System  : ClassLoader referenced unknown path: /system/priv-app/GmsCore/lib/x86_64
11-05 18:55:28.480  4840  4840 W System  : ClassLoader referenced unknown path: /system/priv-app/GmsCore/lib/x86_64
11-05 18:55:28.483  4840  4840 W System  : ClassLoader referenced unknown path: /system/priv-app/GmsCore/lib/x86_64
11-05 18:55:28.484  4840  4840 W System  : ClassLoader referenced unknown path: /system/priv-app/GmsCore/lib/x86_64
11-05 18:55:28.488  4840  4840 V NativeCrypto: Registering com/google/android/gms/org/conscrypt/NativeCrypto's 259 native methods...
11-05 18:55:28.495  4840  4840 D NetworkSecurityConfig: No Network Security Config specified, using platform default
11-05 18:55:28.496  4840  4840 I ProviderInstaller: Installed default security provider GmsCore_OpenSSL
11-05 18:55:28.533  4840  4855 W System  : ClassLoader referenced unknown path: 
11-05 18:55:28.533  4840  4855 W System  : ClassLoader referenced unknown path: /system/priv-app/GmsCore/lib/x86_64
11-05 18:55:28.535  4840  4855 D ApplicationLoaders: ignored Vulkan layer search path /system/priv-app/GmsCore/lib/x86_64:/system/fake-libs64:/system/priv-app/GmsCore/GmsCore.apk!/lib/x86_64:/system/lib64:/vendor/lib64 for namespace 0x72d35b3ef0f0
11-05 18:55:28.535  4840  4855 I DynamiteModule: Considering local module com.google.android.gms.googlecertificates:3 and remote module com.google.android.gms.googlecertificates:3
11-05 18:55:28.535  4840  4855 I DynamiteModule: Selected remote version of com.google.android.gms.googlecertificates, version >= 3
11-05 18:55:28.545  4840  4855 W System  : ClassLoader referenced unknown path: /data/user_de/0/com.google.android.gms/app_chimera/m/00000005/n/x86_64
11-05 18:55:28.545  4840  4855 W System  : ClassLoader referenced unknown path: /data/user_de/0/com.google.android.gms/app_chimera/m/00000005/n/arm64-v8a
11-05 18:55:28.616  4870  4870 I .android.chrom: type=1400 audit(0.0:946): avc: denied { sendto } for path="/dev/socket/logdw" scontext=u:r:untrusted_app:s0:c512,c768 tcontext=u:r:init:s0 tclass=unix_dgram_socket permissive=1
11-05 18:55:28.617  4870  4870 W art     : Unexpected CPU variant for X86 using defaults: x86
11-05 18:55:28.622  4870  4870 I re-initialized>: type=1400 audit(0.0:947): avc: denied { call } for scontext=u:r:untrusted_app:s0:c512,c768 tcontext=u:r:init:s0 tclass=binder permissive=1
11-05 18:55:28.623  1343  1378 I ActivityManager: Start proc 4870:com.android.chrome/u0a44 for service com.android.chrome/org.chromium.chrome.browser.omaha.OmahaClient
11-05 18:55:28.629  4870  4870 W System  : ClassLoader referenced unknown path: /system/app/Chrome/lib/x86
11-05 18:55:28.636  4870  4870 I .android.chrome: type=1400 audit(0.0:948): avc: denied { read } for path=2F6465762F6173686D656D2F64616C76696B2D6E6F6E206D6F76696E67207370616365202864656C6574656429 dev="tmpfs" ino=11275 scontext=u:r:untrusted_app:s0:c512,c768 tcontext=u:object_r:init_tmpfs:s0 tclass=file permissive=1
11-05 18:55:28.651  4840  4840 I NetworkScheduler: Using standalone scheduling engine
11-05 18:55:28.728  1083  1083 I netd    : type=1400 audit(0.0:949): avc: denied { setopt } for scontext=u:r:init:s0 tcontext=u:r:init:s0 tclass=udp_socket permissive=1
11-05 18:55:28.729  1083  1083 I netd    : type=1400 audit(0.0:950): avc: denied { setattr } for name="UDPv6" dev="sockfs" ino=51233 scontext=u:r:init:s0 tcontext=u:r:init:s0 tclass=udp_socket permissive=1
11-05 18:55:28.729  1083  1083 I netd    : type=1400 audit(0.0:951): avc: denied { connect } for scontext=u:r:init:s0 tcontext=u:r:init:s0 tclass=udp_socket permissive=1
11-05 18:55:28.729  1083  1083 I netd    : type=1400 audit(0.0:952): avc: denied { bind } for scontext=u:r:init:s0 tcontext=u:r:init:s0 tclass=udp_socket permissive=1
11-05 18:55:28.729  1083  1083 I netd    : type=1400 audit(0.0:953): avc: denied { name_bind } for src=23535 scontext=u:r:init:s0 tcontext=u:object_r:port:s0 tclass=udp_socket permissive=1
11-05 18:55:28.729  1083  1083 I netd    : type=1400 audit(0.0:954): avc: denied { node_bind } for src=23535 scontext=u:r:init:s0 tcontext=u:object_r:node:s0 tclass=udp_socket permissive=1
11-05 18:55:28.729  1083  1083 I netd    : type=1400 audit(0.0:955): avc: denied { write } for laddr=10.0.2.15 lport=23535 faddr=10.0.2.3 fport=53 scontext=u:r:init:s0 tcontext=u:r:init:s0 tclass=udp_socket permissive=1
11-05 18:55:28.737  4840  4840 I .gms.persistent: type=1400 audit(0.0:956): avc: denied { call } for scontext=u:r:priv_app:s0:c512,c768 tcontext=u:r:init:s0 tclass=binder permissive=1
11-05 18:55:28.797  2008  2008 I Binder:2008_3: type=1400 audit(0.0:957): avc: denied { sendto } for path="/dev/socket/logdw" scontext=u:r:priv_app:s0:c512,c768 tcontext=u:r:init:s0 tclass=unix_dgram_socket permissive=1
11-05 18:55:28.799  4840  4840 W Settings: Setting airplane_mode_on has moved from android.provider.Settings.System to android.provider.Settings.Global, returning read-only value.
11-05 18:55:28.805  4840  4840 I GCoreNlp: shouldConfirmNlp, NLP off. Ensuring opt-in disabled
11-05 18:55:28.983  1073  4086 I chatty  : uid=1041(audioserver) Binder:1073_4 expire 232 lines
11-05 18:55:28.983  1343  1402 I chatty  : uid=1000(system) AudioService expire 200 lines
11-05 18:55:29.056  4820  4820 I LatinIME: Starting input. Cursor position = 0,0
11-05 18:55:29.132  4820  4913 I OpenGLRenderer: Initialized EGL, version 1.4
11-05 18:55:29.132  4820  4913 D OpenGLRenderer: Swap behavior 1
11-05 18:55:29.449  1343  1353 I chatty  : uid=1000(system) HeapTaskDaemon expire 1 line
11-05 18:55:29.726  1083  1083 I netd    : type=1400 audit(0.0:964): avc: denied { getattr } for laddr=fec0::27:6390:7e47:243a lport=58162 faddr=2a00:1450:400c:c09::bc scontext=u:r:init:s0 tcontext=u:r:init:s0 tclass=udp_socket permissive=1
11-05 18:55:29.743  1083  1083 I netd    : type=1400 audit(0.0:965): avc: denied { read write } for path="socket:[50863]" dev="sockfs" ino=50863 scontext=u:r:init:s0 tcontext=u:r:priv_app:s0:c512,c768 tclass=tcp_socket permissive=1
11-05 18:55:29.743  1083  1083 I netd    : type=1400 audit(0.0:966): avc: denied { getopt } for scontext=u:r:init:s0 tcontext=u:r:priv_app:s0:c512,c768 tclass=tcp_socket permissive=1
11-05 18:55:29.743  1083  1083 I netd    : type=1400 audit(0.0:967): avc: denied { setopt } for scontext=u:r:init:s0 tcontext=u:r:priv_app:s0:c512,c768 tclass=tcp_socket permissive=1
11-05 18:55:29.851  4840  4903 I GeofencerStateMachine: Network location disabled.
11-05 18:55:29.855  4840  4840 I BeaconBle: Using BLE 'L' hardware layer
11-05 18:55:29.871  4840  4840 W Nearby  : Bind call too late - someone already tried to get: interface asjt
11-05 18:55:29.882  4840  4915 W System  : ClassLoader referenced unknown path: /system/priv-app/GmsCore/lib/x86_64
11-05 18:55:29.882  4840  4915 W System  : ClassLoader referenced unknown path: /system/priv-app/GmsCore/lib/x86_64
11-05 18:55:29.890  1507  1507 I Binder:1507_1: type=1400 audit(0.0:968): avc: denied { sendto } for path="/dev/socket/logdw" scontext=u:r:radio:s0 tcontext=u:r:init:s0 tclass=unix_dgram_socket permissive=1
11-05 18:55:29.894  4840  4901 W Settings: Setting airplane_mode_on has moved from android.provider.Settings.System to android.provider.Settings.Global, returning read-only value.
11-05 18:55:29.899  4840  4901 W Settings: Setting airplane_mode_on has moved from android.provider.Settings.System to android.provider.Settings.Global, returning read-only value.
11-05 18:55:29.901  4840  4868 W ctxmgr  : [WorkManager]Long workInfo: pkg=com.google.android.gms, lbl=ulrUdcConsentChangeIntent, start=2017-11-05 18:55:28.649+0330, stop=2017-11-05 18:55:29.900+0330, durtn=1251ms
11-05 18:55:29.919  4840  4868 W ctxmgr  : [AclManager]null policy map (0) 10002, clientInfo=(accnt=account#-517948760#, com.google.android.gms(10016):com.google.android.gms.udc, vrsn=11055000, 1, 3pPkg = null ,  3pMdlId = null ,  pid = 4840)
11-05 18:55:29.920  4840  4932 W UdcContextManagerHelper: Failure reading udc context: 7503
11-05 18:55:29.920  4840  4932 W UdcContextManagerHelper: Empty context buffer. Thus might mean that the context is not synced down.
11-05 18:55:29.920  4840  4932 W GetDeviceDataUploadOptInStatusOp: Empty context model while retrieving upload opt-in status!
11-05 18:55:29.974  4840  4903 W GeofencerStateMachine: Ignoring removeGeofence because network location is disabled.
11-05 18:55:29.975  4840  4862 E ctxmgr  : [FenceManager]Failure remove all geofences., status=Status{statusCode=unknown status code: 1000, resolution=null}
11-05 18:55:30.432  4942  4942 W art     : Unexpected CPU variant for X86 using defaults: x86_64
11-05 18:55:30.437  1343  4800 I ActivityManager: Start proc 4942:com.google.android.gms/u0a16 for service com.google.android.gms/.gcm.PushMessagingRegistrarProxy
11-05 18:55:30.450  4942  4942 W System  : ClassLoader referenced unknown path: /system/priv-app/GmsCore/lib/x86_64
11-05 18:55:30.455  4942  4942 I LoadedApk: No resource references to update in package FFFFFFFFFFFFFFFFFFFFFF
11-05 18:55:30.465  4942  4942 W System  : ClassLoader referenced unknown path: /system/priv-app/GmsCore/lib/x86_64
11-05 18:55:30.465  4942  4942 W System  : ClassLoader referenced unknown path: /system/priv-app/GmsCore/lib/x86_64
11-05 18:55:30.465  4942  4942 W System  : ClassLoader referenced unknown path: /system/priv-app/GmsCore/lib/x86_64
11-05 18:55:30.466  4942  4942 W System  : ClassLoader referenced unknown path: /system/priv-app/GmsCore/lib/x86_64
11-05 18:55:30.468  4942  4942 V NativeCrypto: Registering com/google/android/gms/org/conscrypt/NativeCrypto's 259 native methods...
11-05 18:55:30.472  4942  4942 D NetworkSecurityConfig: No Network Security Config specified, using platform default
11-05 18:55:30.472  4942  4942 I ProviderInstaller: Installed default security provider GmsCore_OpenSSL
11-05 18:55:30.476  4840  4899 W atsw    : copyMemory is missing from platform - proto runtime falling back to safer methods.
11-05 18:55:30.537  4840  4868 W GCM     : Mismatched messenger
11-05 18:55:30.636  4840  4923 I BeaconBle: Scan canceled successfully.
11-05 18:55:30.637  4840  4923 I NearbyDirect: MagicPairScanner: BluetoothLeScanner is null, Bluetooth might be off. Enabled=false
11-05 18:55:30.832  4840  4862 W art     : Long monitor contention with owner netscheduler-queue-handler (4895) at void rcy.a(rec, int)(:com.google.android.gms:68) waiters=0 in int rcy.d(rdn) for 694ms
11-05 18:55:31.010  4840  4868 W Conscrypt: Could not set socket write timeout:
11-05 18:55:31.010  4840  4868 W Conscrypt:    java.lang.reflect.Method.invoke(Native Method)
11-05 18:55:31.010  4840  4868 W Conscrypt:    wrp.a(:com.google.android.gms:58)
11-05 18:55:31.174  4840  4923 I NearbyDirect: MagicPairScanner: BluetoothLeScanner is null, Bluetooth might be off. Enabled=false
11-05 18:55:31.178  4840  4923 I NearbyDirect: MagicPairScanner: BluetoothLeScanner is null, Bluetooth might be off. Enabled=false
11-05 18:55:31.182  4840  4915 W NearbyMessages: LocationProvider returns null
11-05 18:55:31.325  4840  4935 I GoogleURLConnFactory: Using platform SSLCertificateSocketFactory
11-05 18:55:31.334  4840  4845 I art     : Do partial code cache collection, code=30KB, data=28KB
11-05 18:55:31.334  4840  4845 I art     : After code cache collection, code=30KB, data=28KB
11-05 18:55:31.334  4840  4845 I art     : Increasing code cache capacity to 128KB
11-05 18:55:31.336  4840  4868 W Conscrypt: Could not set socket write timeout:
11-05 18:55:31.336  4840  4868 W Conscrypt:    java.lang.reflect.Method.invoke(Native Method)
11-05 18:55:31.336  4840  4868 W Conscrypt:    wrp.a(:com.google.android.gms:58)
11-05 18:55:31.506  4840  4895 W art     : Long monitor contention with owner lowpool[0] (4862) at void rcy.a(rdn, boolean)(:com.google.android.gms:59) waiters=0 in void rda.handleMessage(android.os.Message) for 627ms
11-05 18:55:32.146  4840  4895 W art     : Long monitor contention with owner lowpool[0] (4862) at void rcy.a(rdn, boolean)(:com.google.android.gms:59) waiters=0 in void rda.handleMessage(android.os.Message) for 273ms
11-05 18:55:32.341  4840  4935 I GoogleURLConnFactory: Using platform SSLCertificateSocketFactory
11-05 18:55:33.422  4840  4840 I GoogleURLConnFactory: Using platform SSLCertificateSocketFactory
11-05 18:55:33.866  4840  4935 I GoogleURLConnFactory: Using platform SSLCertificateSocketFactory
11-05 18:55:34.178  4840  4923 I NearbyDirect: MagicPairScanner: BluetoothLeScanner is null, Bluetooth might be off. Enabled=false
11-05 18:55:34.476  4840  4935 I GoogleURLConnFactory: Using platform SSLCertificateSocketFactory
11-05 18:55:34.942  4181  4181 I chatty  : uid=1000(system) com.android.settings expire 4 lines
11-05 18:55:34.954  4820  4820 I LatinIME: Starting input. Cursor position = -1,-1
11-05 18:55:35.246  4840  4994 I HeterodyneSyncScheduler: Scheduling adaptive one off task with window [14400, 604800] in seconds
11-05 18:55:36.566  4820  4820 I LatinIME: Starting input. Cursor position = -1,-1
11-05 18:56:03.280  1073  4086 W APM_AudioPolicyManager: getOutput() could not find output for stream 1, samplingRate 0,format 0, channels 3, flags 0
11-05 18:56:03.280  1073  4086 W APM_AudioPolicyManager: getOutput() could not find output for stream 1, samplingRate 44100,format 1, channels 3, flags 4
11-05 18:56:03.386  1073  4086 W APM_AudioPolicyManager: getOutput() could not find output for stream 1, samplingRate 0,format 0, channels 3, flags 0
11-05 18:56:03.386  1073  4086 W APM_AudioPolicyManager: getOutput() could not find output for stream 1, samplingRate 0,format 0, channels 3, flags 0
11-05 18:56:03.386  1073  4086 W APM_AudioPolicyManager: getOutput() could not find output for stream 1, samplingRate 44100,format 1, channels 3, flags 4
11-05 18:56:03.440  1073  4086 W APM_AudioPolicyManager: getOutput() could not find output for stream 1, samplingRate 0,format 0, channels 3, flags 0
11-05 18:56:03.440  1073  4086 W APM_AudioPolicyManager: getOutput() could not find output for stream 1, samplingRate 0,format 0, channels 3, flags 0
11-05 18:56:03.440  1073  4086 W APM_AudioPolicyManager: getOutput() could not find output for stream 1, samplingRate 44100,format 1, channels 3, flags 4
11-05 18:56:03.529  1073  4086 W APM_AudioPolicyManager: getOutput() could not find output for stream 1, samplingRate 0,format 0, channels 3, flags 0
